Component: ARM Compiler 5.06 update 2 (build 183) Tool: armlink [4d35b7]

==============================================================================

Section Cross References

    main.o(.text) refers to _printf_percent.o(.ARM.Collect$$_printf_percent$$00000000) for _printf_percent
    main.o(.text) refers to _printf_d.o(.ARM.Collect$$_printf_percent$$00000009) for _printf_d
    main.o(.text) refers to _printf_dec.o(.text) for _printf_int_dec
    main.o(.text) refers to _printf_s.o(.ARM.Collect$$_printf_percent$$00000014) for _printf_s
    main.o(.text) refers to _printf_str.o(.text) for _printf_str
    main.o(.text) refers to noretval__2sprintf.o(.text) for __2sprintf
    main.o(.text) refers to noretval__2printf.o(.text) for __2printf
    main.o(.text) refers to os_task.o(.text) for OSTaskSuspend
    main.o(.text) refers to os_time.o(.text) for OSTimeDlyHMSM
    main.o(.text) refers to enc28j60.o(.text) for ENC28J60_Init
    main.o(.text) refers to os_mbox.o(.text) for OSMboxCreate
    main.o(.text) refers to os_q.o(.text) for OSQCreate
    main.o(.text) refers to os_flag.o(.text) for OSFlagCreate
    main.o(.text) refers to os_core.o(.text) for OSStatInit
    main.o(.text) refers to os_cpu_a.o(.text) for OS_CPU_SR_Save
    main.o(.text) refers to misc.o(.text) for NVIC_PriorityGroupConfig
    main.o(.text) refers to delay.o(.text) for delay_init
    main.o(.text) refers to usart.o(.text) for uart_init
    main.o(.text) refers to led.o(.text) for LED_Init
    main.o(.text) refers to key.o(.text) for KEY_Init
    main.o(.text) refers to malloc.o(.text) for my_mem_init
    main.o(.text) refers to lwip_comm.o(.text) for lwip_comm_init
    main.o(.text) refers to httpd.o(.text) for httpd_init
    main.o(.text) refers to lwip_comm.o(.bss) for lwipdev
    main.o(.text) refers to main.o(.data) for msg_key
    main.o(.text) refers to main.o(.bss) for MsgGrp
    system_stm32f4xx.o(.text) refers to system_stm32f4xx.o(.data) for SystemCoreClock
    led.o(.text) refers to stm32f4xx_rcc.o(.text) for RCC_AHB1PeriphClockCmd
    led.o(.text) refers to stm32f4xx_gpio.o(.text) for GPIO_Init
    key.o(.text) refers to stm32f4xx_rcc.o(.text) for RCC_AHB1PeriphClockCmd
    key.o(.text) refers to stm32f4xx_gpio.o(.text) for GPIO_Init
    key.o(.text) refers to delay.o(.text) for delay_ms
    key.o(.text) refers to key.o(.data) for key_up
    enc28j60.o(.text) refers to _printf_percent.o(.ARM.Collect$$_printf_percent$$00000000) for _printf_percent
    enc28j60.o(.text) refers to _printf_d.o(.ARM.Collect$$_printf_percent$$00000009) for _printf_d
    enc28j60.o(.text) refers to _printf_dec.o(.text) for _printf_int_dec
    enc28j60.o(.text) refers to _printf_s.o(.ARM.Collect$$_printf_percent$$00000014) for _printf_s
    enc28j60.o(.text) refers to _printf_str.o(.text) for _printf_str
    enc28j60.o(.text) refers to spi.o(.text) for SPI2_ReadWriteByte
    enc28j60.o(.text) refers to stm32f4xx_rcc.o(.text) for RCC_AHB1PeriphClockCmd
    enc28j60.o(.text) refers to stm32f4xx_gpio.o(.text) for GPIO_Init
    enc28j60.o(.text) refers to stm32f4xx_syscfg.o(.text) for SYSCFG_EXTILineConfig
    enc28j60.o(.text) refers to stm32f4xx_exti.o(.text) for EXTI_Init
    enc28j60.o(.text) refers to misc.o(.text) for NVIC_Init
    enc28j60.o(.text) refers to stm32f4xx_spi.o(.text) for SPI_Cmd
    enc28j60.o(.text) refers to delay.o(.text) for delay_ms
    enc28j60.o(.text) refers to noretval__2printf.o(.text) for __2printf
    enc28j60.o(.text) refers to enc28j60.o(.bss) for enc28j60_dev
    enc28j60.o(.text) refers to sys.o(.emb_text) for INTX_DISABLE
    enc28j60.o(.text) refers to lwip_comm.o(.text) for lwip_pkt_handle
    exti.o(.text) refers to stm32f4xx_rcc.o(.text) for RCC_APB2PeriphClockCmd
    exti.o(.text) refers to stm32f4xx_syscfg.o(.text) for SYSCFG_EXTILineConfig
    exti.o(.text) refers to stm32f4xx_exti.o(.text) for EXTI_Init
    exti.o(.text) refers to misc.o(.text) for NVIC_Init
    spi.o(.text) refers to stm32f4xx_spi.o(.text) for SPI_I2S_GetFlagStatus
    spi.o(.text) refers to stm32f4xx_rcc.o(.text) for RCC_AHB1PeriphClockCmd
    spi.o(.text) refers to stm32f4xx_gpio.o(.text) for GPIO_Init
    delay.o(.text) refers to os_core.o(.text) for OSIntEnter
    delay.o(.text) refers to misc.o(.text) for SysTick_CLKSourceConfig
    delay.o(.text) refers to os_time.o(.text) for OSTimeDly
    delay.o(.text) refers to delay.o(.data) for fac_us
    delay.o(.text) refers to os_core.o(.data) for OSRunning
    usart.o(.rev16_text) refers (Special) to use_no_semi_2.o(.text) for __use_no_semihosting
    usart.o(.revsh_text) refers (Special) to use_no_semi_2.o(.text) for __use_no_semihosting
    usart.o(.text) refers (Special) to use_no_semi_2.o(.text) for __use_no_semihosting
    usart.o(.text) refers to stm32f4xx_rcc.o(.text) for RCC_AHB1PeriphClockCmd
    usart.o(.text) refers to stm32f4xx_gpio.o(.text) for GPIO_PinAFConfig
    usart.o(.text) refers to stm32f4xx_usart.o(.text) for USART_Init
[...]
    RCC_PLLCmd                               0x0800195f   Thumb Code     6  stm32f4xx_rcc.o(.text)
    RCC_PLLI2SConfig                         0x08001965   Thumb Code    14  stm32f4xx_rcc.o(.text)
    RCC_PLLI2SCmd                            0x08001973   Thumb Code     6  stm32f4xx_rcc.o(.text)
    RCC_PLLSAIConfig                         0x08001979   Thumb Code    20  stm32f4xx_rcc.o(.text)
    RCC_PLLSAICmd                            0x0800198d   Thumb Code     6  stm32f4xx_rcc.o(.text)
    RCC_ClockSecuritySystemCmd               0x08001993   Thumb Code     6  stm32f4xx_rcc.o(.text)
    RCC_MCO1Config                           0x08001999   Thumb Code    28  stm32f4xx_rcc.o(.text)
    RCC_MCO2Config                           0x080019b5   Thumb Code    28  stm32f4xx_rcc.o(.text)
    RCC_SYSCLKConfig                         0x080019d1   Thumb Code    20  stm32f4xx_rcc.o(.text)
    RCC_GetSYSCLKSource                      0x080019e5   Thumb Code    12  stm32f4xx_rcc.o(.text)
    RCC_HCLKConfig                           0x080019f1   Thumb Code    20  stm32f4xx_rcc.o(.text)
    RCC_PCLK1Config                          0x08001a05   Thumb Code    20  stm32f4xx_rcc.o(.text)
    RCC_PCLK2Config                          0x08001a19   Thumb Code    22  stm32f4xx_rcc.o(.text)
    RCC_GetClocksFreq                        0x08001a2f   Thumb Code   222  stm32f4xx_rcc.o(.text)
    RCC_RTCCLKConfig                         0x08001b0d   Thumb Code    54  stm32f4xx_rcc.o(.text)
    RCC_RTCCLKCmd                            0x08001b43   Thumb Code     8  stm32f4xx_rcc.o(.text)
    RCC_BackupResetCmd                       0x08001b4b   Thumb Code     8  stm32f4xx_rcc.o(.text)
    RCC_I2SCLKConfig                         0x08001b53   Thumb Code     6  stm32f4xx_rcc.o(.text)
    RCC_SAIPLLI2SClkDivConfig                0x08001b59   Thumb Code    26  stm32f4xx_rcc.o(.text)
    RCC_SAIPLLSAIClkDivConfig                0x08001b73   Thumb Code    28  stm32f4xx_rcc.o(.text)
    RCC_SAIBlockACLKConfig                   0x08001b8f   Thumb Code    20  stm32f4xx_rcc.o(.text)
    RCC_SAIBlockBCLKConfig                   0x08001ba3   Thumb Code    20  stm32f4xx_rcc.o(.text)
    RCC_LTDCCLKDivConfig                     0x08001bb7   Thumb Code    20  stm32f4xx_rcc.o(.text)
    RCC_TIMCLKPresConfig                     0x08001bcb   Thumb Code     6  stm32f4xx_rcc.o(.text)
    RCC_AHB1PeriphClockCmd                   0x08001bd1   Thumb Code    34  stm32f4xx_rcc.o(.text)
    RCC_AHB2PeriphClockCmd                   0x08001bf3   Thumb Code    78  stm32f4xx_rcc.o(.text)
    RCC_AHB3PeriphClockCmd                   0x08001c41   Thumb Code    34  stm32f4xx_rcc.o(.text)
    RCC_APB1PeriphClockCmd                   0x08001c63   Thumb Code    34  stm32f4xx_rcc.o(.text)
    RCC_APB2PeriphClockCmd                   0x08001c85   Thumb Code    34  stm32f4xx_rcc.o(.text)
    RCC_AHB1PeriphResetCmd                   0x08001ca7   Thumb Code    34  stm32f4xx_rcc.o(.text)
    RCC_AHB2PeriphResetCmd                   0x08001cc9   Thumb Code    34  stm32f4xx_rcc.o(.text)
    RCC_AHB3PeriphResetCmd                   0x08001ceb   Thumb Code    34  stm32f4xx_rcc.o(.text)
    RCC_APB1PeriphResetCmd                   0x08001d0d   Thumb Code    34  stm32f4xx_rcc.o(.text)
    RCC_APB2PeriphResetCmd                   0x08001d2f   Thumb Code    34  stm32f4xx_rcc.o(.text)
    RCC_AHB1PeriphClockLPModeCmd             0x08001d51   Thumb Code    34  stm32f4xx_rcc.o(.text)
    RCC_AHB2PeriphClockLPModeCmd             0x08001d73   Thumb Code    34  stm32f4xx_rcc.o(.text)
    RCC_AHB3PeriphClockLPModeCmd             0x08001d95   Thumb Code    34  stm32f4xx_rcc.o(.text)
    RCC_APB1PeriphClockLPModeCmd             0x08001db7   Thumb Code    34  stm32f4xx_rcc.o(.text)
    RCC_APB2PeriphClockLPModeCmd             0x08001dd9   Thumb Code    34  stm32f4xx_rcc.o(.text)
    RCC_LSEModeConfig                        0x08001dfb   Thumb Code    40  stm32f4xx_rcc.o(.text)
    RCC_ITConfig                             0x08001e23   Thumb Code    34  stm32f4xx_rcc.o(.text)
    RCC_ClearFlag                            0x08001e45   Thumb Code    18  stm32f4xx_rcc.o(.text)
    RCC_GetITStatus                          0x08001e57   Thumb Code    22  stm32f4xx_rcc.o(.text)
    RCC_ClearITPendingBit                    0x08001e6d   Thumb Code     8  stm32f4xx_rcc.o(.text)
    SYSCFG_DeInit                            0x08001e79   Thumb Code    22  stm32f4xx_syscfg.o(.text)
    SYSCFG_MemoryRemapConfig                 0x08001e8f   Thumb Code     6  stm32f4xx_syscfg.o(.text)
    SYSCFG_MemorySwappingBank                0x08001e95   Thumb Code     6  stm32f4xx_syscfg.o(.text)
    SYSCFG_EXTILineConfig                    0x08001e9b   Thumb Code    66  stm32f4xx_syscfg.o(.text)
    SYSCFG_ETH_MediaInterfaceConfig          0x08001edd   Thumb Code     8  stm32f4xx_syscfg.o(.text)
    SYSCFG_CompensationCellCmd               0x08001ee5   Thumb Code     6  stm32f4xx_syscfg.o(.text)
    SYSCFG_GetCompensationCellStatus         0x08001eeb   Thumb Code    22  stm32f4xx_syscfg.o(.text)
    USART_DeInit                             0x08001f0d   Thumb Code   206  stm32f4xx_usart.o(.text)
    USART_Init                               0x08001fdb   Thumb Code   204  stm32f4xx_usart.o(.text)
    USART_StructInit                         0x080020a7   Thumb Code    24  stm32f4xx_usart.o(.text)
    USART_ClockInit                          0x080020bf   Thumb Code    32  stm32f4xx_usart.o(.text)
    USART_ClockStructInit                    0x080020df   Thumb Code    12  stm32f4xx_usart.o(.text)
    USART_Cmd                                0x080020eb   Thumb Code    24  stm32f4xx_usart.o(.text)
    USART_SetPrescaler                       0x08002103   Thumb Code    16  stm32f4xx_usart.o(.text)
    USART_OverSampling8Cmd                   0x08002113   Thumb Code    22  stm32f4xx_usart.o(.text)
    USART_OneBitMethodCmd                    0x08002129   Thumb Code    24  stm32f4xx_usart.o(.text)
    USART_SendData                           0x08002141   Thumb Code     8  stm32f4xx_usart.o(.text)
    USART_ReceiveData                        0x08002149   Thumb Code    10  stm32f4xx_usart.o(.text)
    USART_SetAddress                         0x08002153   Thumb Code    18  stm32f4xx_usart.o(.text)
    USART_ReceiverWakeUpCmd                  0x08002165   Thumb Code    24  stm32f4xx_usart.o(.text)
    USART_WakeUpConfig                       0x0800217d   Thumb Code    18  stm32f4xx_usart.o(.text)
    USART_LINBreakDetectLengthConfig         0x0800218f   Thumb Code    18  stm32f4xx_usart.o(.text)
    USART_LINCmd                             0x080021a1   Thumb Code    24  stm32f4xx_usart.o(.text)
    USART_SendBreak                          0x080021b9   Thumb Code    10  stm32f4xx_usart.o(.text)
    USART_HalfDuplexCmd                      0x080021c3   Thumb Code    24  stm32f4xx_usart.o(.text)
    USART_SetGuardTime                       0x080021db   Thumb Code    16  stm32f4xx_usart.o(.text)
    USART_SmartCardCmd                       0x080021eb   Thumb Code    24  stm32f4xx_usart.o(.text)
    USART_SmartCardNACKCmd                   0x08002203   Thumb Code    24  stm32f4xx_usart.o(.text)
    USART_IrDAConfig                         0x0800221b   Thumb Code    18  stm32f4xx_usart.o(.text)
    USART_IrDACmd                            0x0800222d   Thumb Code    24  stm32f4xx_usart.o(.text)
    USART_DMACmd                             0x08002245   Thumb Code    18  stm32f4xx_usart.o(.text)
    USART_ITConfig                           0x08002257   Thumb Code    74  stm32f4xx_usart.o(.text)
    USART_GetFlagStatus                      0x080022a1   Thumb Code    26  stm32f4xx_usart.o(.text)
    USART_ClearFlag                          0x080022bb   Thumb Code    18  stm32f4xx_usart.o(.text)
    USART_GetITStatus                        0x080022cd   Thumb Code   118  stm32f4xx_usart.o(.text)
    USART_ClearITPendingBit                  0x08002343   Thumb Code    30  stm32f4xx_usart.o(.text)
    SPI_I2S_DeInit                           0x08002361   Thumb Code   152  stm32f4xx_spi.o(.text)
    SPI_Init                                 0x080023f9   Thumb Code    60  stm32f4xx_spi.o(.text)
    I2S_Init                                 0x08002435   Thumb Code   396  stm32f4xx_spi.o(.text)
    SPI_StructInit                           0x080025c1   Thumb Code    24  stm32f4xx_spi.o(.text)
    I2S_StructInit                           0x080025d9   Thumb Code    20  stm32f4xx_spi.o(.text)
    SPI_Cmd                                  0x080025ed   Thumb Code    24  stm32f4xx_spi.o(.text)
    I2S_Cmd                                  0x08002605   Thumb Code    24  stm32f4xx_spi.o(.text)
    SPI_DataSizeConfig                       0x0800261d   Thumb Code    18  stm32f4xx_spi.o(.text)
    SPI_BiDirectionalLineConfig              0x0800262f   Thumb Code    28  stm32f4xx_spi.o(.text)
    SPI_NSSInternalSoftwareConfig            0x0800264b   Thumb Code    30  stm32f4xx_spi.o(.text)
    SPI_SSOutputCmd                          0x08002669   Thumb Code    24  stm32f4xx_spi.o(.text)
    SPI_TIModeCmd                            0x08002681   Thumb Code    24  stm32f4xx_spi.o(.text)
    I2S_FullDuplexConfig                     0x08002699   Thumb Code    80  stm32f4xx_spi.o(.text)
    SPI_I2S_ReceiveData                      0x080026e9   Thumb Code     6  stm32f4xx_spi.o(.text)
    SPI_I2S_SendData                         0x080026ef   Thumb Code     4  stm32f4xx_spi.o(.text)
    SPI_CalculateCRC                         0x080026f3   Thumb Code    24  stm32f4xx_spi.o(.text)
    SPI_TransmitCRC                          0x0800270b   Thumb Code    10  stm32f4xx_spi.o(.text)
    SPI_GetCRC                               0x08002715   Thumb Code    16  stm32f4xx_spi.o(.text)
    SPI_GetCRCPolynomial                     0x08002725   Thumb Code     6  stm32f4xx_spi.o(.text)
    SPI_I2S_DMACmd                           0x0800272b   Thumb Code    18  stm32f4xx_spi.o(.text)
    SPI_I2S_ITConfig                         0x0800273d   Thumb Code    68  stm32f4xx_spi.o(.text)
    SPI_I2S_GetFlagStatus                    0x08002781   Thumb Code    18  stm32f4xx_spi.o(.text)
    SPI_I2S_ClearFlag                        0x08002793   Thumb Code     6  stm32f4xx_spi.o(.text)
    SPI_I2S_GetITStatus                      0x08002799   Thumb Code    52  stm32f4xx_spi.o(.text)
    SPI_I2S_ClearITPendingBit                0x080027cd   Thumb Code    20  stm32f4xx_spi.o(.text)
    EXTI_DeInit                              0x080027e1   Thumb Code    28  stm32f4xx_exti.o(.text)
    EXTI_Init                                0x080027fd   Thumb Code   142  stm32f4xx_exti.o(.text)
    EXTI_StructInit                          0x0800288b   Thumb Code    16  stm32f4xx_exti.o(.text)
    EXTI_GenerateSWInterrupt                 0x0800289b   Thumb Code    16  stm32f4xx_exti.o(.text)
    EXTI_GetFlagStatus                       0x080028ab   Thumb Code    22  stm32f4xx_exti.o(.text)
    EXTI_ClearFlag                           0x080028c1   Thumb Code     8  stm32f4xx_exti.o(.text)
    EXTI_GetITStatus                         0x080028c9   Thumb Code    22  stm32f4xx_exti.o(.text)
    EXTI_ClearITPendingBit                   0x080028df   Thumb Code     8  stm32f4xx_exti.o(.text)
    mymemcpy                                 0x080028f1   Thumb Code    26  malloc.o(.text)
    mymemset                                 0x0800290b   Thumb Code    20  malloc.o(.text)
    my_mem_init                              0x0800291f   Thumb Code    54  malloc.o(.text)
    my_mem_perused                           0x08002955   Thumb Code    54  malloc.o(.text)
    my_mem_malloc                            0x0800298b   Thumb Code   154  malloc.o(.text)
    my_mem_free                              0x08002a25   Thumb Code    94  malloc.o(.text)
    myfree                                   0x08002a83   Thumb Code    32  malloc.o(.text)
    mymalloc                                 0x08002aa3   Thumb Code    36  malloc.o(.text)
    myrealloc                                0x08002ac7   Thumb Code    68  malloc.o(.text)
    OS_StrLen                                0x08002b1d   Thumb Code    20  os_core.o(.text)
    OSEventNameGet                           0x08002b31   Thumb Code    98  os_core.o(.text)
    OSEventNameSet                           0x08002b93   Thumb Code    84  os_core.o(.text)
    OS_TaskStatStkChk                        0x08002be7   Thumb Code    54  os_core.o(.text)
    OS_TaskStat                              0x08002c1d   Thumb Code   116  os_core.o(.text)
    OS_TaskIdle                              0x08002cc7   Thumb Code    34  os_core.o(.text)
    OS_MemClr                                0x08002d1f   Thumb Code    18  os_core.o(.text)
    OSInit                                   0x08002e47   Thumb Code    44  os_core.o(.text)
    OSIntEnter                               0x08002e73   Thumb Code    28  os_core.o(.text)
    OSIntExit                                0x08002ea9   Thumb Code   252  os_core.o(.text)
    OSSchedLock                              0x08002fa5   Thumb Code    50  os_core.o(.text)
    OS_Sched                                 0x08002fd7   Thumb Code    88  os_core.o(.text)
    OSSchedUnlock                            0x0800302f   Thumb Code    82  os_core.o(.text)
    OSStart                                  0x08003081   Thumb Code    48  os_core.o(.text)
    OSStatInit                               0x080030b1   Thumb Code    62  os_core.o(.text)
    OSTimeTick                               0x080030ef   Thumb Code   210  os_core.o(.text)
    OSVersion                                0x080031c1   Thumb Code     6  os_core.o(.text)
    OS_Dummy                                 0x080031c7   Thumb Code     2  os_core.o(.text)
    OS_EventTaskRemove                       0x080031c9   Thumb Code    42  os_core.o(.text)
    OS_EventTaskRdy                          0x080031f3   Thumb Code   114  os_core.o(.text)
    OS_EventTaskWait                         0x08003265   Thumb Code   112  os_core.o(.text)
    OS_EventWaitListInit                     0x080032d5   Thumb Code    28  os_core.o(.text)
    OS_MemCopy                               0x080032f1   Thumb Code    20  os_core.o(.text)
    OS_TCBInit                               0x08003305   Thumb Code   360  os_core.o(.text)
    OSFlagAccept                             0x08003481   Thumb Code   252  os_flag.o(.text)
    OSFlagCreate                             0x0800357d   Thumb Code    86  os_flag.o(.text)
    OS_FlagUnlink                            0x080035d3   Thumb Code    36  os_flag.o(.text)
    OSFlagDel                                0x08003649   Thumb Code   214  os_flag.o(.text)
    OSFlagNameGet                            0x0800371f   Thumb Code    80  os_flag.o(.text)
    OSFlagNameSet                            0x0800376f   Thumb Code    66  os_flag.o(.text)
    OSFlagPend                               0x08003849   Thumb Code   614  os_flag.o(.text)
    OSFlagPendGetFlagsRdy                    0x08003aaf   Thumb Code    26  os_flag.o(.text)
    OSFlagPost                               0x08003ac9   Thumb Code   312  os_flag.o(.text)
    OSFlagQuery                              0x08003c01   Thumb Code    48  os_flag.o(.text)
    OS_FlagInit                              0x08003c31   Thumb Code    78  os_flag.o(.text)
    OSMboxAccept                             0x08003c8d   Thumb Code    38  os_mbox.o(.text)
    OSMboxCreate                             0x08003cb3   Thumb Code    72  os_mbox.o(.text)
    OSMboxDel                                0x08003cfb   Thumb Code   210  os_mbox.o(.text)
    OSMboxPend                               0x08003dcd   Thumb Code   246  os_mbox.o(.text)
    OSMboxPendAbort                          0x08003ec3   Thumb Code   128  os_mbox.o(.text)
    OSMboxPost                               0x08003f43   Thumb Code    80  os_mbox.o(.text)
    OSMboxPostOpt                            0x08003f93   Thumb Code   120  os_mbox.o(.text)
    OSMboxQuery                              0x0800400b   Thumb Code    76  os_mbox.o(.text)
    OSQAccept                                0x0800406d   Thumb Code    88  os_q.o(.text)
    OSQCreate                                0x080040c5   Thumb Code   144  os_q.o(.text)
    OSQDel                                   0x08004155   Thumb Code   244  os_q.o(.text)
    OSQFlush                                 0x08004249   Thumb Code    36  os_q.o(.text)
    OSQPend                                  0x0800426d   Thumb Code   272  os_q.o(.text)
    OSQPendAbort                             0x0800437d   Thumb Code   128  os_q.o(.text)
    OSQPost                                  0x080043fd   Thumb Code   114  os_q.o(.text)
    OSQPostFront                             0x0800446f   Thumb Code   140  os_q.o(.text)
    OSQPostOpt                               0x080044fb   Thumb Code   182  os_q.o(.text)
    OSQQuery                                 0x080045b1   Thumb Code    98  os_q.o(.text)
    OS_QInit                                 0x08004613   Thumb Code    72  os_q.o(.text)
    OSSemAccept                              0x08004665   Thumb Code    42  os_sem.o(.text)
    OSSemCreate                              0x0800468f   Thumb Code    72  os_sem.o(.text)
    OSSemDel                                 0x080046d7   Thumb Code   210  os_sem.o(.text)
    OSSemPend                                0x080047a9   Thumb Code   222  os_sem.o(.text)
    OSSemPendAbort                           0x08004887   Thumb Code   128  os_sem.o(.text)
    OSSemPost                                0x08004907   Thumb Code    88  os_sem.o(.text)
    OSSemQuery                               0x0800495f   Thumb Code    76  os_sem.o(.text)
    OSSemSet                                 0x080049ab   Thumb Code    66  os_sem.o(.text)
    OSTaskChangePrio                         0x08004a01   Thumb Code   308  os_task.o(.text)
    OSTaskCreate                             0x08004b35   Thumb Code   148  os_task.o(.text)
    OS_TaskStkClr                            0x08004bc9   Thumb Code    26  os_task.o(.text)
    OSTaskCreateExt                          0x08004be3   Thumb Code   170  os_task.o(.text)
    OSTaskDel                                0x08004c8d   Thumb Code   294  os_task.o(.text)
    OSTaskDelReq                             0x08004db3   Thumb Code   144  os_task.o(.text)
    OSTaskNameGet                            0x08004e43   Thumb Code   114  os_task.o(.text)
    OSTaskNameSet                            0x08004eb5   Thumb Code    98  os_task.o(.text)
    OSTaskResume                             0x08004f17   Thumb Code   154  os_task.o(.text)
    OSTaskStkChk                             0x08004fb1   Thumb Code   132  os_task.o(.text)
    OSTaskSuspend                            0x08005035   Thumb Code   152  os_task.o(.text)
    OSTaskQuery                              0x080050cd   Thumb Code    82  os_task.o(.text)
    OSTaskRegGet                             0x0800511f   Thumb Code    60  os_task.o(.text)
    OSTaskRegSet                             0x0800515b   Thumb Code    62  os_task.o(.text)
    OS_TaskReturn                            0x08005199   Thumb Code    18  os_task.o(.text)
    OSTimeDly                                0x080051c5   Thumb Code   100  os_time.o(.text)
    OSTimeDlyHMSM                            0x08005229   Thumb Code    86  os_time.o(.text)
    OSTimeDlyResume                          0x0800527f   Thumb Code   168  os_time.o(.text)
    OSTimeGet                                0x08005327   Thumb Code    24  os_time.o(.text)
    OSTimeSet                                0x0800533f   Thumb Code    24  os_time.o(.text)
    OS_CPU_SR_Save                           0x08005375   Thumb Code     0  os_cpu_a.o(.text)
    OS_CPU_SR_Restore                        0x0800537d   Thumb Code     0  os_cpu_a.o(.text)
    OSStartHighRdy                           0x08005383   Thumb Code     0  os_cpu_a.o(.text)
    OSCtxSw                                  0x080053a7   Thumb Code     0  os_cpu_a.o(.text)
    OSIntCtxSw                               0x080053b5   Thumb Code     0  os_cpu_a.o(.text)
    PendSV_Handler                           0x080053c5   Thumb Code     0  os_cpu_a.o(.text)
    OSInitHookBegin                          0x0800543d   Thumb Code     2  os_cpu_c.o(.text)
    OSInitHookEnd                            0x0800543f   Thumb Code     2  os_cpu_c.o(.text)
    OSTaskCreateHook                         0x08005441   Thumb Code     2  os_cpu_c.o(.text)
    OSTaskDelHook                            0x08005443   Thumb Code     2  os_cpu_c.o(.text)
    OSTaskIdleHook                           0x08005445   Thumb Code     2  os_cpu_c.o(.text)
    OSTaskStatHook                           0x08005447   Thumb Code     2  os_cpu_c.o(.text)
    OSTaskStkInit                            0x08005449   Thumb Code   426  os_cpu_c.o(.text)
    OSTaskSwHook                             0x080055f3   Thumb Code     2  os_cpu_c.o(.text)
    OSTCBInitHook                            0x080055f5   Thumb Code     2  os_cpu_c.o(.text)
    OSTimeTickHook                           0x080055f7   Thumb Code     2  os_cpu_c.o(.text)
    OSTaskReturnHook                         0x080055f9   Thumb Code     2  os_cpu_c.o(.text)
    lwip_pkt_handle                          0x08005601   Thumb Code    10  lwip_comm.o(.text)
    lwip_comm_mem_free                       0x0800560b   Thumb Code    44  lwip_comm.o(.text)
    lwip_comm_mem_malloc                     0x08005637   Thumb Code   116  lwip_comm.o(.text)
    lwip_comm_default_ip_set                 0x080056ab   Thumb Code   102  lwip_comm.o(.text)
    lwip_comm_dhcp_delete                    0x08005711   Thumb Code    16  lwip_comm.o(.text)
    lwip_dhcp_task                           0x08005721   Thumb Code   420  lwip_comm.o(.text)
    lwip_comm_dhcp_creat                     0x080058c5   Thumb Code    36  lwip_comm.o(.text)
    lwip_comm_init                           0x080058e9   Thumb Code    96  lwip_comm.o(.text)
    fs_open                                  0x08005bbb   Thumb Code    70  fs.o(.text)
    fs_close                                 0x08005c01   Thumb Code    12  fs.o(.text)
    fs_read                                  0x08005c0d   Thumb Code    62  fs.o(.text)
    fs_bytes_left                            0x08005c4b   Thumb Code    10  fs.o(.text)
    httpd_init                               0x08006ce1   Thumb Code    22  httpd.o(.text)
    http_set_ssi_handler                     0x08006cf7   Thumb Code   112  httpd.o(.text)
    http_set_cgi_handlers                    0x08006d67   Thumb Code    74  httpd.o(.text)
    ADC_Handler                              0x08006f29   Thumb Code     2  httpd_cgi_ssi.o(.text)
    Temperate_Handler                        0x08006f2b   Thumb Code     2  httpd_cgi_ssi.o(.text)
    RTCTime_Handler                          0x08006f2d   Thumb Code     2  httpd_cgi_ssi.o(.text)
    RTCdate_Handler                          0x08006f2f   Thumb Code     2  httpd_cgi_ssi.o(.text)
    LEDS_CGI_Handler                         0x08006f75   Thumb Code   116  httpd_cgi_ssi.o(.text)
    httpd_ssi_init                           0x08006fe9   Thumb Code    14  httpd_cgi_ssi.o(.text)
    httpd_cgi_init                           0x08006ff7   Thumb Code    12  httpd_cgi_ssi.o(.text)
    etharp_tmr                               0x080070dd   Thumb Code   144  etharp.o(.text)
    etharp_cleanup_netif                     0x080075bb   Thumb Code    52  etharp.o(.text)
    etharp_find_addr                         0x080075ef   Thumb Code   110  etharp.o(.text)
    etharp_request                           0x080078cf   Thumb Code    40  etharp.o(.text)
    etharp_query                             0x08007985   Thumb Code   646  etharp.o(.text)
    etharp_output                            0x08007c0b   Thumb Code   392  etharp.o(.text)
    ethernet_input                           0x08007d93   Thumb Code   204  etharp.o(.text)
    ethernetif_input                         0x08007feb   Thumb Code    48  ethernetif.o(.text)
    ethernetif_init                          0x0800801b   Thumb Code    56  ethernetif.o(.text)
    lwip_htons                               0x08008105   Thumb Code    12  def.o(.text)
    lwip_ntohs                               0x08008111   Thumb Code    12  def.o(.text)
    lwip_htonl                               0x0800811d   Thumb Code    26  def.o(.text)
    lwip_ntohl                               0x08008137   Thumb Code    12  def.o(.text)
    dhcp_renew                               0x08008a21   Thumb Code   150  dhcp.o(.text)
    dhcp_coarse_tmr                          0x08008bed   Thumb Code    74  dhcp.o(.text)
    dhcp_release                             0x08008ceb   Thumb Code   178  dhcp.o(.text)
    dhcp_fine_tmr                            0x08008f91   Thumb Code   132  dhcp.o(.text)
    dhcp_set_struct                          0x08009085   Thumb Code   106  dhcp.o(.text)
    dhcp_cleanup                             0x080090ef   Thumb Code    48  dhcp.o(.text)
    dhcp_stop                                0x0800911f   Thumb Code   112  dhcp.o(.text)
    dhcp_start                               0x080097ed   Thumb Code   438  dhcp.o(.text)
    dhcp_inform                              0x080099a3   Thumb Code   210  dhcp.o(.text)
    dhcp_network_changed                     0x08009a75   Thumb Code    80  dhcp.o(.text)
    dhcp_arp_reply                           0x08009b53   Thumb Code    80  dhcp.o(.text)
    lwip_init                                0x08009bb1   Thumb Code    36  init.o(.text)
    mem_init                                 0x08009caf   Thumb Code   114  mem.o(.text)
    mem_free                                 0x08009d21   Thumb Code   182  mem.o(.text)
    mem_trim                                 0x08009dd7   Thumb Code   338  mem.o(.text)
    mem_malloc                               0x08009f29   Thumb Code   796  mem.o(.text)
    mem_calloc                               0x0800a245   Thumb Code    34  mem.o(.text)
    memp_get_memorysize                      0x0800a319   Thumb Code     8  memp.o(.text)
    memp_init                                0x0800a321   Thumb Code    86  memp.o(.text)
    memp_malloc                              0x0800a377   Thumb Code   104  memp.o(.text)
    memp_free                                0x0800a3df   Thumb Code    74  memp.o(.text)
    netif_init                               0x0800a4ed   Thumb Code     2  netif.o(.text)
    netif_set_gw                             0x0800a4ef   Thumb Code    16  netif.o(.text)
    netif_set_netmask                        0x0800a4ff   Thumb Code    16  netif.o(.text)
    netif_set_ipaddr                         0x0800a50f   Thumb Code   124  netif.o(.text)
    netif_set_addr                           0x0800a58b   Thumb Code    40  netif.o(.text)
    netif_add                                0x0800a5b3   Thumb Code   148  netif.o(.text)
    netif_set_default                        0x0800a647   Thumb Code    10  netif.o(.text)
    netif_set_down                           0x0800a651   Thumb Code    42  netif.o(.text)
    netif_remove                             0x0800a67b   Thumb Code    94  netif.o(.text)
    netif_find                               0x0800a6d9   Thumb Code    72  netif.o(.text)
    netif_set_up                             0x0800a721   Thumb Code    54  netif.o(.text)
    netif_set_link_up                        0x0800a757   Thumb Code    66  netif.o(.text)
    netif_set_link_down                      0x0800a799   Thumb Code    24  netif.o(.text)
    pbuf_free                                0x0800a8ad   Thumb Code   272  pbuf.o(.text)
    pbuf_alloc                               0x0800a9bd   Thumb Code  1148  pbuf.o(.text)
    pbuf_alloced_custom                      0x0800ae39   Thumb Code   152  pbuf.o(.text)
    pbuf_realloc                             0x0800aed1   Thumb Code   268  pbuf.o(.text)
    pbuf_header                              0x0800afdd   Thumb Code   214  pbuf.o(.text)
    pbuf_clen                                0x0800b0b3   Thumb Code    18  pbuf.o(.text)
    pbuf_ref                                 0x0800b0c5   Thumb Code    26  pbuf.o(.text)
    pbuf_cat                                 0x0800b0df   Thumb Code   138  pbuf.o(.text)
    pbuf_chain                               0x0800b169   Thumb Code    26  pbuf.o(.text)
    pbuf_dechain                             0x0800b183   Thumb Code   550  pbuf.o(.text)
    pbuf_copy                                0x0800b3a9   Thumb Code   350  pbuf.o(.text)
    pbuf_copy_partial                        0x0800b507   Thumb Code   190  pbuf.o(.text)
    pbuf_take                                0x0800b5c5   Thumb Code   210  pbuf.o(.text)
    pbuf_coalesce                            0x0800b697   Thumb Code    84  pbuf.o(.text)
    pbuf_get_at                              0x0800b6eb   Thumb Code    46  pbuf.o(.text)
    pbuf_memcmp                              0x0800b719   Thumb Code    96  pbuf.o(.text)
    pbuf_memfind                             0x0800b779   Thumb Code   434  pbuf.o(.text)
    pbuf_strstr                              0x0800b92b   Thumb Code    60  pbuf.o(.text)
    raw_input                                0x0800b969   Thumb Code   102  raw.o(.text)
    raw_bind                                 0x0800b9cf   Thumb Code    16  raw.o(.text)
    raw_connect                              0x0800b9df   Thumb Code    16  raw.o(.text)
    raw_recv                                 0x0800b9ef   Thumb Code     6  raw.o(.text)
    raw_sendto                               0x0800b9f5   Thumb Code   190  raw.o(.text)
    raw_send                                 0x0800bab3   Thumb Code    18  raw.o(.text)
    raw_remove                               0x0800bac5   Thumb Code    60  raw.o(.text)
    raw_new                                  0x0800bb01   Thumb Code    46  raw.o(.text)
    tcp_init                                 0x0800bbb5   Thumb Code     2  tcp.o(.text)
    tcp_seg_free                             0x0800bbb7   Thumb Code    26  tcp.o(.text)
    tcp_segs_free                            0x0800bbd1   Thumb Code    24  tcp.o(.text)
    tcp_pcb_purge                            0x0800bbe9   Thumb Code   106  tcp.o(.text)
    tcp_slowtmr                              0x0800bc53   Thumb Code  1426  tcp.o(.text)
    tcp_pcb_remove                           0x0800c1e5   Thumb Code   222  tcp.o(.text)
    tcp_close                                0x0800c48f   Thumb Code    28  tcp.o(.text)
    tcp_update_rcv_ann_wnd                   0x0800c4ab   Thumb Code   394  tcp.o(.text)
    tcp_recved                               0x0800c635   Thumb Code   136  tcp.o(.text)
    tcp_recv_null                            0x0800c6bd   Thumb Code    46  tcp.o(.text)
    tcp_process_refused_data                 0x0800c6eb   Thumb Code   152  tcp.o(.text)
    tcp_fasttmr                              0x0800c783   Thumb Code   114  tcp.o(.text)
    tcp_tmr                                  0x0800c7f5   Thumb Code    30  tcp.o(.text)
    tcp_shutdown                             0x0800c813   Thumb Code    98  tcp.o(.text)
    tcp_abandon                              0x0800c875   Thumb Code   178  tcp.o(.text)
    tcp_abort                                0x0800c927   Thumb Code    14  tcp.o(.text)
    tcp_bind                                 0x0800c995   Thumb Code   372  tcp.o(.text)
    tcp_listen_with_backlog                  0x0800cb11   Thumb Code   222  tcp.o(.text)
    tcp_eff_send_mss                         0x0800cbef   Thumb Code    46  tcp.o(.text)
    tcp_next_iss                             0x0800cc1d   Thumb Code    20  tcp.o(.text)
    tcp_connect                              0x0800cc31   Thumb Code   352  tcp.o(.text)
    tcp_setprio                              0x0800cd91   Thumb Code     4  tcp.o(.text)
    tcp_seg_copy                             0x0800cd95   Thumb Code    38  tcp.o(.text)
    tcp_alloc                                0x0800ce41   Thumb Code   182  tcp.o(.text)
    tcp_new                                  0x0800cef7   Thumb Code    10  tcp.o(.text)
    tcp_arg                                  0x0800cf01   Thumb Code   132  tcp.o(.text)
    tcp_recv                                 0x0800cf85   Thumb Code    44  tcp.o(.text)
    tcp_sent                                 0x0800cfb1   Thumb Code    42  tcp.o(.text)
    tcp_err                                  0x0800cfdb   Thumb Code    44  tcp.o(.text)
    tcp_accept                               0x0800d007   Thumb Code     4  tcp.o(.text)
    tcp_poll                                 0x0800d00b   Thumb Code    48  tcp.o(.text)
    tcp_debug_state_str                      0x0800d03b   Thumb Code    10  tcp.o(.text)
    tcp_input                                0x0800e805   Thumb Code  1616  tcp_in.o(.text)
    tcp_enqueue_flags                        0x0800efe9   Thumb Code   418  tcp_out.o(.text)
    tcp_send_fin                             0x0800f18b   Thumb Code    74  tcp_out.o(.text)
    tcp_write                                0x0800f46f   Thumb Code  1744  tcp_out.o(.text)
    tcp_send_empty_ack                       0x0800fb3f   Thumb Code   104  tcp_out.o(.text)
    tcp_output                               0x0800fc8f   Thumb Code   708  tcp_out.o(.text)
    tcp_rst                                  0x0800ff53   Thumb Code   180  tcp_out.o(.text)
    tcp_rexmit_rto                           0x08010007   Thumb Code    58  tcp_out.o(.text)
    tcp_rexmit                               0x08010041   Thumb Code    90  tcp_out.o(.text)
    tcp_rexmit_fast                          0x0801009b   Thumb Code   120  tcp_out.o(.text)
    tcp_keepalive                            0x08010113   Thumb Code   102  tcp_out.o(.text)
    tcp_zero_window_probe                    0x08010179   Thumb Code   198  tcp_out.o(.text)
    sys_timeout                              0x08010241   Thumb Code   174  timers.o(.text)
    tcp_timer_needed                         0x08010317   Thumb Code    38  timers.o(.text)
    sys_timeouts_init                        0x080103a5   Thumb Code    52  timers.o(.text)
    sys_untimeout                            0x080103d9   Thumb Code    90  timers.o(.text)
    sys_timeouts_mbox_fetch                  0x08010433   Thumb Code   132  timers.o(.text)
    udp_init                                 0x08010571   Thumb Code     2  udp.o(.text)
    udp_input                                0x080105c3   Thumb Code   550  udp.o(.text)
    udp_bind                                 0x080107e9   Thumb Code   170  udp.o(.text)
    udp_sendto_if                            0x08010893   Thumb Code   502  udp.o(.text)
    udp_sendto                               0x08010a89   Thumb Code    54  udp.o(.text)
    udp_send                                 0x08010abf   Thumb Code    20  udp.o(.text)
    udp_connect                              0x08010ad3   Thumb Code    98  udp.o(.text)
    udp_disconnect                           0x08010b35   Thumb Code    16  udp.o(.text)
    udp_recv                                 0x08010b45   Thumb Code     6  udp.o(.text)
    udp_remove                               0x08010b4b   Thumb Code    60  udp.o(.text)
    udp_new                                  0x08010b87   Thumb Code    28  udp.o(.text)
    icmp_input                               0x08010ba9   Thumb Code   524  icmp.o(.text)
    icmp_dest_unreach                        0x08010e55   Thumb Code    18  icmp.o(.text)
    icmp_time_exceeded                       0x08010e67   Thumb Code    18  icmp.o(.text)
    inet_chksum_pseudo                       0x0801104b   Thumb Code   170  inet_chksum.o(.text)
    inet_chksum_pseudo_partial               0x080110f5   Thumb Code   218  inet_chksum.o(.text)
    inet_chksum                              0x080111cf   Thumb Code    20  inet_chksum.o(.text)
    inet_chksum_pbuf                         0x080111e3   Thumb Code    86  inet_chksum.o(.text)
    ip_route                                 0x080112a1   Thumb Code    80  ip.o(.text)
    ip_input                                 0x080112f1   Thumb Code   508  ip.o(.text)
    ip_output_if                             0x080114ed   Thumb Code   318  ip.o(.text)
    ip_output                                0x0801162b   Thumb Code    84  ip.o(.text)
    ip4_addr_isbroadcast                     0x0801172d   Thumb Code    78  ip_addr.o(.text)
    ip4_addr_netmask_valid                   0x0801177b   Thumb Code    56  ip_addr.o(.text)
    ipaddr_aton                              0x080117b3   Thumb Code   364  ip_addr.o(.text)
    ipaddr_addr                              0x0801191f   Thumb Code    24  ip_addr.o(.text)
    ipaddr_ntoa_r                            0x08011937   Thumb Code   168  ip_addr.o(.text)
    ipaddr_ntoa                              0x080119df   Thumb Code    16  ip_addr.o(.text)
    ip_reass_tmr                             0x08011ba9   Thumb Code    56  ip_frag.o(.text)
    ip_reass                                 0x08011fe5   Thumb Code   410  ip_frag.o(.text)
    ip_frag                                  0x08012205   Thumb Code   630  ip_frag.o(.text)
    sys_mbox_new                             0x08012481   Thumb Code   108  sys_arch.o(.text)
    sys_mbox_free                            0x080124ed   Thumb Code    56  sys_arch.o(.text)
    sys_mbox_post                            0x08012525   Thumb Code    28  sys_arch.o(.text)
    sys_mbox_trypost                         0x08012541   Thumb Code    32  sys_arch.o(.text)
    sys_arch_mbox_fetch                      0x08012561   Thumb Code   154  sys_arch.o(.text)
    sys_arch_mbox_tryfetch                   0x080125fb   Thumb Code    18  sys_arch.o(.text)
    sys_mbox_valid                           0x0801260d   Thumb Code    56  sys_arch.o(.text)
    sys_mbox_set_invalid                     0x08012645   Thumb Code     6  sys_arch.o(.text)
    sys_sem_new                              0x0801264b   Thumb Code    62  sys_arch.o(.text)
    sys_arch_sem_wait                        0x08012689   Thumb Code    96  sys_arch.o(.text)
    sys_sem_signal                           0x080126e9   Thumb Code    12  sys_arch.o(.text)
    sys_sem_free                             0x080126f5   Thumb Code    52  sys_arch.o(.text)
    sys_sem_valid                            0x08012729   Thumb Code    22  sys_arch.o(.text)
    sys_sem_set_invalid                      0x0801273f   Thumb Code     6  sys_arch.o(.text)
    sys_init                                 0x08012745   Thumb Code     2  sys_arch.o(.text)
    sys_thread_new                           0x08012747   Thumb Code    66  sys_arch.o(.text)
    sys_msleep                               0x08012789   Thumb Code    12  sys_arch.o(.text)
    sys_now                                  0x08012795   Thumb Code    26  sys_arch.o(.text)
    netconn_new_with_proto_and_callback      0x08012855   Thumb Code   194  api_lib.o(.text)
    netconn_delete                           0x08012917   Thumb Code    36  api_lib.o(.text)
    netconn_getaddr                          0x0801293b   Thumb Code   160  api_lib.o(.text)
    netconn_bind                             0x080129db   Thumb Code    98  api_lib.o(.text)
    netconn_connect                          0x08012a3d   Thumb Code    98  api_lib.o(.text)
    netconn_disconnect                       0x08012a9f   Thumb Code    84  api_lib.o(.text)
    netconn_listen_with_backlog              0x08012af3   Thumb Code    86  api_lib.o(.text)
    netconn_accept                           0x08012b49   Thumb Code   808  api_lib.o(.text)
    netconn_recv_tcp_pbuf                    0x08012fe7   Thumb Code    56  api_lib.o(.text)
    netconn_recv                             0x0801301f   Thumb Code   270  api_lib.o(.text)
    netconn_recved                           0x0801312d   Thumb Code    46  api_lib.o(.text)
    netconn_send                             0x0801315b   Thumb Code    98  api_lib.o(.text)
    netconn_sendto                           0x080131bd   Thumb Code    44  api_lib.o(.text)
    netconn_write_partly                     0x080131e9   Thumb Code   434  api_lib.o(.text)
    netconn_close                            0x080133fb   Thumb Code    14  api_lib.o(.text)
    netconn_shutdown                         0x08013409   Thumb Code    36  api_lib.o(.text)
    netconn_free                             0x08013e2b   Thumb Code   330  api_msg.o(.text)
    netconn_alloc                            0x08013f75   Thumb Code   174  api_msg.o(.text)
    do_newconn                               0x08014185   Thumb Code    32  api_msg.o(.text)
    do_delconn                               0x08014271   Thumb Code   636  api_msg.o(.text)
    do_bind                                  0x080144ed   Thumb Code   116  api_msg.o(.text)
    do_connect                               0x08014635   Thumb Code   230  api_msg.o(.text)
    do_disconnect                            0x0801471b   Thumb Code    46  api_msg.o(.text)
    do_listen                                0x08014749   Thumb Code   388  api_msg.o(.text)
    do_send                                  0x080148cd   Thumb Code   166  api_msg.o(.text)
    do_recv                                  0x08014973   Thumb Code    72  api_msg.o(.text)
    do_write                                 0x080149bb   Thumb Code   166  api_msg.o(.text)
    do_getaddr                               0x08014a61   Thumb Code   198  api_msg.o(.text)
    do_close                                 0x08014b27   Thumb Code   184  api_msg.o(.text)
    netbuf_new                               0x08014c11   Thumb Code    30  netbuf.o(.text)
    netbuf_delete                            0x08014c2f   Thumb Code    32  netbuf.o(.text)
    netbuf_alloc                             0x08014c4f   Thumb Code   102  netbuf.o(.text)
    netbuf_free                              0x08014cb5   Thumb Code    48  netbuf.o(.text)
    netbuf_ref                               0x08014ce5   Thumb Code    92  netbuf.o(.text)
    netbuf_chain                             0x08014d41   Thumb Code    78  netbuf.o(.text)
    netbuf_data                              0x08014d8f   Thumb Code   122  netbuf.o(.text)
    netbuf_next                              0x08014e09   Thumb Code    64  netbuf.o(.text)
    netbuf_first                             0x08014e49   Thumb Code    36  netbuf.o(.text)
    lwip_socket_init                         0x08014fc1   Thumb Code     2  sockets.o(.text)
    lwip_accept                              0x0801526d   Thumb Code   668  sockets.o(.text)
    lwip_bind                                0x08015509   Thumb Code   186  sockets.o(.text)
    lwip_close                               0x080155c3   Thumb Code    94  sockets.o(.text)
    lwip_connect                             0x08015621   Thumb Code   206  sockets.o(.text)
    lwip_listen                              0x080156ef   Thumb Code   136  sockets.o(.text)
    lwip_recvfrom                            0x08015777   Thumb Code   816  sockets.o(.text)
    lwip_read                                0x08015aa7   Thumb Code    28  sockets.o(.text)
    lwip_recv                                0x08015ac3   Thumb Code    34  sockets.o(.text)
    lwip_sendto                              0x08015ae5   Thumb Code   278  sockets.o(.text)
    lwip_send                                0x08015bfb   Thumb Code   156  sockets.o(.text)
    lwip_socket                              0x08015c97   Thumb Code   296  sockets.o(.text)
    lwip_write                               0x08015dbf   Thumb Code    22  sockets.o(.text)
    lwip_select                              0x08015f51   Thumb Code   868  sockets.o(.text)
    lwip_shutdown                            0x080162b5   Thumb Code   298  sockets.o(.text)
    lwip_getpeername                         0x08016461   Thumb Code    22  sockets.o(.text)
    lwip_getsockname                         0x08016477   Thumb Code    22  sockets.o(.text)
    lwip_getsockopt                          0x08016689   Thumb Code   410  sockets.o(.text)
    lwip_setsockopt                          0x080169d9   Thumb Code   318  sockets.o(.text)
    lwip_ioctl                               0x08016b17   Thumb Code   116  sockets.o(.text)
    lwip_fcntl                               0x08016b8b   Thumb Code   142  sockets.o(.text)
    tcpip_input                              0x08016cff   Thumb Code    72  tcpip.o(.text)
    tcpip_callback_with_block                0x08016d47   Thumb Code    90  tcpip.o(.text)
    tcpip_timeout                            0x08016da1   Thumb Code    64  tcpip.o(.text)
    tcpip_untimeout                          0x08016de1   Thumb Code    56  tcpip.o(.text)
    tcpip_apimsg                             0x08016e19   Thumb Code    60  tcpip.o(.text)
    tcpip_callbackmsg_new                    0x08016e55   Thumb Code    32  tcpip.o(.text)
    tcpip_callbackmsg_delete                 0x08016e75   Thumb Code    14  tcpip.o(.text)
    tcpip_trycallback                        0x08016e83   Thumb Code    28  tcpip.o(.text)
    tcpip_init                               0x08016e9f   Thumb Code    72  tcpip.o(.text)
    pbuf_free_callback                       0x08016ef5   Thumb Code    16  tcpip.o(.text)
    mem_free_callback                        0x08016f05   Thumb Code    16  tcpip.o(.text)
    __use_no_semihosting                     0x08016fd1   Thumb Code     2  use_no_semi_2.o(.text)
    __rt_ctype_table                         0x08016fd5   Thumb Code    16  rt_ctype_table.o(.text)
    __2printf                                0x08016fe5   Thumb Code    20  noretval__2printf.o(.text)
    __2sprintf                               0x08016ffd   Thumb Code    34  noretval__2sprintf.o(.text)
    __printf                                 0x08017025   Thumb Code   104  __printf.o(.text)
    _printf_str                              0x0801708d   Thumb Code    82  _printf_str.o(.text)
    _printf_int_dec                          0x080170e1   Thumb Code   104  _printf_dec.o(.text)
    strchr                                   0x08017159   Thumb Code    20  strchr.o(.text)
    strstr                                   0x0801716d   Thumb Code    36  strstr.o(.text)
    memcmp                                   0x08017191   Thumb Code    88  memcmp.o(.text)
    strlen                                   0x080171e9   Thumb Code    62  strlen.o(.text)
    strncmp                                  0x08017227   Thumb Code   150  strncmp.o(.text)
    __aeabi_memcpy                           0x080172bd   Thumb Code     0  rt_memcpy_v6.o(.text)
    __rt_memcpy                              0x080172bd   Thumb Code   138  rt_memcpy_v6.o(.text)
    _memcpy_lastbytes                        0x08017323   Thumb Code     0  rt_memcpy_v6.o(.text)
    __aeabi_memcpy4                          0x08017347   Thumb Code     0  rt_memcpy_w.o(.text)
    __aeabi_memcpy8                          0x08017347   Thumb Code     0  rt_memcpy_w.o(.text)
    __rt_memcpy_w                            0x08017347   Thumb Code   100  rt_memcpy_w.o(.text)
    _memcpy_lastbytes_aligned                0x0801738f   Thumb Code     0  rt_memcpy_w.o(.text)
    __aeabi_memclr                           0x080173ab   Thumb Code     0  rt_memclr.o(.text)
    __rt_memclr                              0x080173ab   Thumb Code    68  rt_memclr.o(.text)
    _memset                                  0x080173af   Thumb Code     0  rt_memclr.o(.text)
    __aeabi_memclr4                          0x080173ef   Thumb Code     0  rt_memclr_w.o(.text)
    __aeabi_memclr8                          0x080173ef   Thumb Code     0  rt_memclr_w.o(.text)
    __rt_memclr_w                            0x080173ef   Thumb Code    78  rt_memclr_w.o(.text)
    _memset_w                                0x080173f3   Thumb Code     0  rt_memclr_w.o(.text)
    strcmp                                   0x0801743d   Thumb Code   128  strcmpv7m.o(.text)
    __use_two_region_memory                  0x080174bd   Thumb Code     2  heapauxi.o(.text)
    __rt_heap_escrow$2region                 0x080174bf   Thumb Code     2  heapauxi.o(.text)
    __rt_heap_expand$2region                 0x080174c1   Thumb Code     2  heapauxi.o(.text)
    __I$use$semihosting                      0x080174c3   Thumb Code     0  use_no_semi.o(.text)
    __use_no_semihosting_swi                 0x080174c3   Thumb Code     2  use_no_semi.o(.text)
    __rt_locale                              0x080174c5   Thumb Code     8  rt_locale_intlibspace.o(.text)
    _printf_int_common                       0x080174cd   Thumb Code   178  _printf_intcommon.o(.text)
    _printf_char_common                      0x0801758b   Thumb Code    32  _printf_char_common.o(.text)
    _sputc                                   0x080175b1   Thumb Code    10  _sputc.o(.text)
    _printf_cs_common                        0x080175bb   Thumb Code    20  _printf_char.o(.text)
    _printf_char                             0x080175cf   Thumb Code    16  _printf_char.o(.text)
    _printf_string                           0x080175df   Thumb Code     8  _printf_char.o(.text)
    _printf_char_file                        0x080175e9   Thumb Code    32  _printf_char_file.o(.text)
    __user_libspace                          0x0801760d   Thumb Code     8  libspace.o(.text)
    __user_perproc_libspace                  0x0801760d   Thumb Code     0  libspace.o(.text)
    __user_perthread_libspace                0x0801760d   Thumb Code     0  libspace.o(.text)
    ferror                                   0x08017615   Thumb Code     8  ferror.o(.text)
    __user_setup_stackheap                   0x0801761d   Thumb Code    74  sys_stackheap_outer.o(.text)
    exit                                     0x08017667   Thumb Code    18  exit.o(.text)
    _get_lc_ctype                            0x08017679   Thumb Code    44  lc_ctype_c.o(locale$$code)
    _fp_init                                 0x080176a5   Thumb Code    10  fpinit.o(x$fpl$fpinit)
    __fplib_config_fpu_vfp                   0x080176ad   Thumb Code     0  fpinit.o(x$fpl$fpinit)
    __fplib_config_pureend_doubles           0x080176ad   Thumb Code     0  fpinit.o(x$fpl$fpinit)
    memtblsize                               0x080176b0   Data          12  malloc.o(.constdata)
    memblksize                               0x080176bc   Data          12  malloc.o(.constdata)
    memsize                                  0x080176c8   Data          12  malloc.o(.constdata)
    OSUnMapTbl                               0x080176d4   Data         256  os_core.o(.constdata)
    file__image_head_jpg                     0x0804d1e8   Data          20  fs.o(.constdata)
    file__image_stm32_jpg                    0x0804d1fc   Data          20  fs.o(.constdata)
    file__image_tab_jpg                      0x0804d210   Data          20  fs.o(.constdata)
    file__openedv_folder_big_gif             0x0804d224   Data          20  fs.o(.constdata)
    file__openedv_folder_new_big_gif         0x0804d238   Data          20  fs.o(.constdata)
    file__openedv_h_js                       0x0804d24c   Data          20  fs.o(.constdata)
    file__openedv_head_weixin1_png           0x0804d260   Data          20  fs.o(.constdata)
    file__openedv_logo_jpg                   0x0804d274   Data          20  fs.o(.constdata)
    file__openedv_newpm_gif                  0x0804d288   Data          20  fs.o(.constdata)
    file__openedv_wb_js                      0x0804d29c   Data          20  fs.o(.constdata)
    file__404_html                           0x0804d2b0   Data          20  fs.o(.constdata)
    file__index_html                         0x0804d2c4   Data          20  fs.o(.constdata)
    file__openedv_html                       0x0804d2d8   Data          20  fs.o(.constdata)
    file__STM32_ADC_TEMPERATE_shtml          0x0804d2ec   Data          20  fs.o(.constdata)
    file__STM32_LED_OFF_BEEP_OFF_shtml       0x0804d300   Data          20  fs.o(.constdata)
    file__STM32_LED_OFF_BEEP_ON_shtml        0x0804d314   Data          20  fs.o(.constdata)
    file__STM32_LED_ON_BEEP_OFF_shtml        0x0804d328   Data          20  fs.o(.constdata)
    file__STM32_LED_ON_BEEP_ON_shtml         0x0804d33c   Data          20  fs.o(.constdata)
    file__STM32_RTC_shtml                    0x0804d350   Data          20  fs.o(.constdata)
    g_psDefaultFilenames                     0x0804d364   Data          40  httpd.o(.constdata)
    g_pcTagLeadIn                            0x0804d38c   Data           4  httpd.o(.constdata)
    g_pcTagLeadOut                           0x0804d390   Data           4  httpd.o(.constdata)
    ethbroadcast                             0x0804d39c   Data           6  etharp.o(.constdata)
    ethzero                                  0x0804d3a2   Data           6  etharp.o(.constdata)
    tcp_state_str                            0x0804d3e0   Data          44  tcp.o(.constdata)
    tcp_backoff                              0x0804d40c   Data          13  tcp.o(.constdata)
    tcp_persist_backoff                      0x0804d419   Data           7  tcp.o(.constdata)
    tcp_pcb_lists                            0x0804d420   Data          16  tcp.o(.constdata)
    ip_addr_any                              0x0804d430   Data           4  ip_addr.o(.constdata)
    ip_addr_broadcast                        0x0804d434   Data           4  ip_addr.o(.constdata)
    pvNullPointer                            0x0804d438   Data           4  sys_arch.o(.constdata)
    Region$$Table$$Base                      0x0804d73c   Number         0  anon$$obj.o(Region$$Table)
    Region$$Table$$Limit                     0x0804d75c   Number         0  anon$$obj.o(Region$$Table)
    __ctype                                  0x0804d769   Data           0  lc_ctype_c.o(locale$$data)
    mem3base                                 0x10000000   Data       61440  malloc.o(.ARM.__AT_0x10000000)
    mem3mapbase                              0x1000f000   Data        3840  malloc.o(.ARM.__AT_0x1000F000)
    msg_key                                  0x20000000   Data           4  main.o(.data)
    q_msg                                    0x20000004   Data           4  main.o(.data)
    flags_key                                0x20000008   Data           4  main.o(.data)
    SystemCoreClock                          0x2000000c   Data           4  system_stm32f4xx.o(.data)
    AHBPrescTable                            0x20000010   Data          16  system_stm32f4xx.o(.data)
    __stdout                                 0x20000028   Data           4  usart.o(.data)
    USART_RX_STA                             0x2000002c   Data           2  usart.o(.data)
    mallco_dev                               0x20000040   Data          36  malloc.o(.data)
    OSCtxSwCtr                               0x20000064   Data           4  os_core.o(.data)
    OSEventFreeList                          0x20000068   Data           4  os_core.o(.data)
    OSFlagFreeList                           0x2000006c   Data           4  os_core.o(.data)
    OSCPUUsage                               0x20000070   Data           1  os_core.o(.data)
    OSIdleCtrMax                             0x20000074   Data           4  os_core.o(.data)
    OSIdleCtrRun                             0x20000078   Data           4  os_core.o(.data)
    OSStatRdy                                0x2000007c   Data           1  os_core.o(.data)
    OSIntNesting                             0x2000007d   Data           1  os_core.o(.data)
    OSLockNesting                            0x2000007e   Data           1  os_core.o(.data)
    OSPrioCur                                0x2000007f   Data           1  os_core.o(.data)
    OSPrioHighRdy                            0x20000080   Data           1  os_core.o(.data)
    OSRdyGrp                                 0x20000081   Data           1  os_core.o(.data)
    OSRdyTbl                                 0x20000082   Data           8  os_core.o(.data)
    OSRunning                                0x2000008a   Data           1  os_core.o(.data)
    OSTaskCtr                                0x2000008b   Data           1  os_core.o(.data)
    OSIdleCtr                                0x2000008c   Data           4  os_core.o(.data)
    OSTCBCur                                 0x20000090   Data           4  os_core.o(.data)
    OSTCBFreeList                            0x20000094   Data           4  os_core.o(.data)
    OSTCBHighRdy                             0x20000098   Data           4  os_core.o(.data)
    OSTCBList                                0x2000009c   Data           4  os_core.o(.data)
    OSTickStepState                          0x200000a0   Data           1  os_core.o(.data)
    OSQFreeList                              0x200000a4   Data           4  os_core.o(.data)
    OSTime                                   0x200000a8   Data           4  os_core.o(.data)
    LWIP_DHCP_TASK_STK                       0x200000ac   Data           4  lwip_comm.o(.data)
    TCPIP_THREAD_TASK_STK                    0x200000b0   Data           4  lwip_comm.o(.data)
    enc28j60input                            0x200000b4   Data           4  lwip_comm.o(.data)
    enc28j60lock                             0x200000b8   Data           4  lwip_comm.o(.data)
    g_pcSSIExtensions                        0x200000bc   Data          16  httpd.o(.data)
    g_pfnSSIHandler                          0x200000cc   Data           4  httpd.o(.data)
    g_iNumTags                               0x200000d0   Data           4  httpd.o(.data)
    g_ppcTags                                0x200000d4   Data           4  httpd.o(.data)
    g_pCGIs                                  0x200000d8   Data           4  httpd.o(.data)
    g_iNumCGIs                               0x200000dc   Data           4  httpd.o(.data)
    ram_heap                                 0x200000f8   Data           4  mem.o(.data)
    memp_memory                              0x20000144   Data           4  memp.o(.data)
    netif_list                               0x20000148   Data           4  netif.o(.data)
    netif_default                            0x2000014c   Data           4  netif.o(.data)
    pbuf_free_ooseq_pending                  0x20000151   Data           1  pbuf.o(.data)
    tcp_ticks                                0x2000015c   Data           4  tcp.o(.data)
    tcp_bound_pcbs                           0x20000160   Data           4  tcp.o(.data)
    tcp_listen_pcbs                          0x20000164   Data           4  tcp.o(.data)
    tcp_active_pcbs                          0x20000168   Data           4  tcp.o(.data)
    tcp_tw_pcbs                              0x2000016c   Data           4  tcp.o(.data)
    tcp_tmp_pcb                              0x20000170   Data           4  tcp.o(.data)
    tcp_active_pcbs_changed                  0x20000174   Data           1  tcp.o(.data)
    tcp_input_pcb                            0x20000198   Data           4  tcp_in.o(.data)
    udp_pcbs                                 0x200001a8   Data           4  udp.o(.data)
    current_netif                            0x200001ac   Data           4  ip.o(.data)
    current_header                           0x200001b0   Data           4  ip.o(.data)
    current_iphdr_src                        0x200001b4   Data           4  ip.o(.data)
    current_iphdr_dest                       0x200001b8   Data           4  ip.o(.data)
    START_TASK_STK                           0x200001dc   Data         256  main.o(.bss)
    LED_TASK_STK                             0x200002dc   Data         256  main.o(.bss)
    TOUCH_TASK_STK                           0x200003dc   Data         512  main.o(.bss)
    QMSGSHOW_TASK_STK                        0x200005dc   Data         512  main.o(.bss)
    MAIN_TASK_STK                            0x200007dc   Data         512  main.o(.bss)
    FLAGS_TASK_STK                           0x200009dc   Data         512  main.o(.bss)
    KEY_TASK_STK                             0x20000bdc   Data         512  main.o(.bss)
    DISPLAY_TASK_STK                         0x20000ddc   Data         512  main.o(.bss)
    MsgGrp                                   0x20000fdc   Data        1024  main.o(.bss)
    enc28j60_dev                             0x200013dc   Data          16  enc28j60.o(.bss)
    USART_RX_BUF                             0x200013ec   Data         200  usart.o(.bss)
    mem1base                                 0x200014c0   Data       102400  malloc.o(.bss)
    mem1mapbase                              0x2001a4c0   Data        6400  malloc.o(.bss)
    OSEventTbl                               0x2001bdc0   Data         360  os_core.o(.bss)
    OSFlagTbl                                0x2001bf28   Data          80  os_core.o(.bss)
    OSTaskStatStk                            0x2001bf78   Data         256  os_core.o(.bss)
    OSTaskIdleStk                            0x2001c078   Data         256  os_core.o(.bss)
    OSTCBPrioTbl                             0x2001c178   Data         256  os_core.o(.bss)
    OSTCBTbl                                 0x2001c278   Data        1848  os_core.o(.bss)
    OSQTbl                                   0x2001c9b0   Data         120  os_core.o(.bss)
    lwipdev                                  0x2001ca28   Data          23  lwip_comm.o(.bss)
    lwip_netif                               0x2001ca40   Data          52  lwip_comm.o(.bss)
    fs_memory                                0x2001ca74   Data         240  fs.o(.bss)
    dhcp_rx_options_val                      0x2001d02c   Data          40  dhcp.o(.bss)
    dhcp_rx_options_given                    0x2001d054   Data          10  dhcp.o(.bss)
    __libspace_start                         0x2001d11c   Data          96  libspace.o(.bss)
    __temporary_stack_top$libspace           0x2001d17c   Data           0  libspace.o(.bss)
    mem2base                                 0x68000000   Data       983040  malloc.o(.ARM.__AT_0x68000000)
    mem2mapbase                              0x680f0000   Data       61440  malloc.o(.ARM.__AT_0x680F0000)



==============================================================================

Memory Map of the image

  Image Entry point : 0x08000189

  Load Region LR_IROM1 (Base: 0x08000000, Size: 0x0004da48, Max: 0x00080000, ABSOLUTE, COMPRESSED[0x0004d8f8])

    Execution Region ER_IROM1 (Base: 0x08000000, Size: 0x0004d86c, Max: 0x00080000, ABSOLUTE)

    Base Addr    Size         Type   Attr      Idx    E Section Name        Object

    0x08000000   0x00000188   Data   RO          491    RESET               startup_stm32f40_41xxx.o
    0x08000188   0x00000008   Code   RO         2141  * !!!main             c_w.l(__main.o)
    0x08000190   0x00000034   Code   RO         2323    !!!scatter          c_w.l(__scatter.o)
    0x080001c4   0x0000005a   Code   RO         2321    !!dczerorl2         c_w.l(__dczerorl2.o)
    0x0800021e   0x00000002   PAD
    0x08000220   0x0000001c   Code   RO         2325    !!handler_zi        c_w.l(__scatter_zi.o)
    0x0800023c   0x00000000   Code   RO         2118    .ARM.Collect$$_printf_percent$$00000000  c_w.l(_printf_percent.o)
    0x0800023c   0x00000006   Code   RO         2117    .ARM.Collect$$_printf_percent$$00000009  c_w.l(_printf_d.o)
    0x08000242   0x00000006   Code   RO         2116    .ARM.Collect$$_printf_percent$$00000014  c_w.l(_printf_s.o)
    0x08000248   0x00000004   Code   RO         2161    .ARM.Collect$$_printf_percent$$00000017  c_w.l(_printf_percent_end.o)
    0x0800024c   0x00000002   Code   RO         2245    .ARM.Collect$$libinit$$00000000  c_w.l(libinit.o)
    0x0800024e   0x00000004   Code   RO         2189    .ARM.Collect$$libinit$$00000001  c_w.l(libinit2.o)
    0x08000252   0x00000000   Code   RO         2192    .ARM.Collect$$libinit$$00000004  c_w.l(libinit2.o)
    0x08000252   0x00000000   Code   RO         2195    .ARM.Collect$$libinit$$0000000A  c_w.l(libinit2.o)
    0x08000252   0x00000000   Code   RO         2197    .ARM.Collect$$libinit$$0000000C  c_w.l(libinit2.o)
    0x08000252   0x00000000   Code   RO         2199    .ARM.Collect$$libinit$$0000000E  c_w.l(libinit2.o)
    0x08000252   0x00000006   Code   RO         2200    .ARM.Collect$$libinit$$0000000F  c_w.l(libinit2.o)
    0x08000258   0x00000000   Code   RO         2202    .ARM.Collect$$libinit$$00000011  c_w.l(libinit2.o)
    0x08000258   0x0000000c   Code   RO         2203    .ARM.Collect$$libinit$$00000012  c_w.l(libinit2.o)
    0x08000264   0x00000000   Code   RO         2204    .ARM.Collect$$libinit$$00000013  c_w.l(libinit2.o)
    0x08000264   0x00000000   Code   RO         2206    .ARM.Collect$$libinit$$00000015  c_w.l(libinit2.o)
    0x08000264   0x00000000   Code   RO         2208    .ARM.Collect$$libinit$$00000017  c_w.l(libinit2.o)
    0x08000264   0x00000000   Code   RO         2210    .ARM.Collect$$libinit$$00000019  c_w.l(libinit2.o)
    0x08000264   0x00000000   Code   RO         2212    .ARM.Collect$$libinit$$0000001B  c_w.l(libinit2.o)
    0x08000264   0x00000000   Code   RO         2214    .ARM.Collect$$libinit$$0000001D  c_w.l(libinit2.o)
    0x08000264   0x00000000   Code   RO         2216    .ARM.Collect$$libinit$$0000001F  c_w.l(libinit2.o)
    0x08000264   0x00000000   Code   RO         2218    .ARM.Collect$$libinit$$00000021  c_w.l(libinit2.o)
    0x08000264   0x00000000   Code   RO         2220    .ARM.Collect$$libinit$$00000023  c_w.l(libinit2.o)
    0x08000264   0x00000000   Code   RO         2222    .ARM.Collect$$libinit$$00000025  c_w.l(libinit2.o)
    0x08000264   0x00000000   Code   RO         2226    .ARM.Collect$$libinit$$0000002C  c_w.l(libinit2.o)
    0x08000264   0x00000000   Code   RO         2228    .ARM.Collect$$libinit$$0000002E  c_w.l(libinit2.o)
    0x08000264   0x00000000   Code   RO         2230    .ARM.Collect$$libinit$$00000030  c_w.l(libinit2.o)
    0x08000264   0x00000000   Code   RO         2232    .ARM.Collect$$libinit$$00000032  c_w.l(libinit2.o)
    0x08000264   0x00000002   Code   RO         2233    .ARM.Collect$$libinit$$00000033  c_w.l(libinit2.o)
    0x08000266   0x00000002   Code   RO         2278    .ARM.Collect$$libshutdown$$00000000  c_w.l(libshutdown.o)
    0x08000268   0x00000000   Code   RO         2284    .ARM.Collect$$libshutdown$$00000002  c_w.l(libshutdown2.o)
    0x08000268   0x00000000   Code   RO         2286    .ARM.Collect$$libshutdown$$00000004  c_w.l(libshutdown2.o)
    0x08000268   0x00000000   Code   RO         2289    .ARM.Collect$$libshutdown$$00000007  c_w.l(libshutdown2.o)
    0x08000268   0x00000000   Code   RO         2292    .ARM.Collect$$libshutdown$$0000000A  c_w.l(libshutdown2.o)
    0x08000268   0x00000000   Code   RO         2294    .ARM.Collect$$libshutdown$$0000000C  c_w.l(libshutdown2.o)
    0x08000268   0x00000000   Code   RO         2297    .ARM.Collect$$libshutdown$$0000000F  c_w.l(libshutdown2.o)
    0x08000268   0x00000002   Code   RO         2298    .ARM.Collect$$libshutdown$$00000010  c_w.l(libshutdown2.o)
    0x0800026a   0x00000000   Code   RO         2145    .ARM.Collect$$rtentry$$00000000  c_w.l(__rtentry.o)
    0x0800026a   0x00000000   Code   RO         2169    .ARM.Collect$$rtentry$$00000002  c_w.l(__rtentry2.o)
    0x0800026a   0x00000006   Code   RO         2181    .ARM.Collect$$rtentry$$00000004  c_w.l(__rtentry4.o)
    0x08000270   0x00000000   Code   RO         2171    .ARM.Collect$$rtentry$$00000009  c_w.l(__rtentry2.o)
    0x08000270   0x00000004   Code   RO         2172    .ARM.Collect$$rtentry$$0000000A  c_w.l(__rtentry2.o)
    0x08000274   0x00000000   Code   RO         2174    .ARM.Collect$$rtentry$$0000000C  c_w.l(__rtentry2.o)
    0x08000274   0x00000008   Code   RO         2175    .ARM.Collect$$rtentry$$0000000D  c_w.l(__rtentry2.o)
    0x0800027c   0x00000002   Code   RO         2248    .ARM.Collect$$rtexit$$00000000  c_w.l(rtexit.o)
    0x0800027e   0x00000000   Code   RO         2257    .ARM.Collect$$rtexit$$00000002  c_w.l(rtexit2.o)
    0x0800027e   0x00000004   Code   RO         2258    .ARM.Collect$$rtexit$$00000003  c_w.l(rtexit2.o)
    0x08000282   0x00000006   Code   RO         2259    .ARM.Collect$$rtexit$$00000004  c_w.l(rtexit2.o)
    0x08000288   0x00000010   Code   RO          442    .emb_text           sys.o
    0x08000298   0x0000033c   Code   RO            3    .text               main.o
    0x080005d4   0x00000016   Code   RO          224    .text               stm32f4xx_it.o
    0x080005ea   0x00000002   PAD
    0x080005ec   0x00000210   Code   RO          273    .text               system_stm32f4xx.o
    0x080007fc   0x00000040   Code   RO          299    .text               led.o
    0x0800083c   0x00000104   Code   RO          319    .text               key.o
    0x08000940   0x000007a8   Code   RO          340    .text               enc28j60.o
    0x080010e8   0x0000011c   Code   RO          400    .text               spi.o
    0x08001204   0x00000108   Code   RO          420    .text               delay.o
    0x0800130c   0x0000015c   Code   RO          460    .text               usart.o
    0x08001468   0x00000040   Code   RO          492    .text               startup_stm32f40_41xxx.o
    0x080014a8   0x000000e0   Code   RO          498    .text               misc.o
    0x08001588   0x00000294   Code   RO          518    .text               stm32f4xx_gpio.o
    0x0800181c   0x0000065c   Code   RO          561    .text               stm32f4xx_rcc.o
    0x08001e78   0x00000094   Code   RO          583    .text               stm32f4xx_syscfg.o
    0x08001f0c   0x00000454   Code   RO          603    .text               stm32f4xx_usart.o
    0x08002360   0x00000480   Code   RO          643    .text               stm32f4xx_spi.o
    0x080027e0   0x00000110   Code   RO          663    .text               stm32f4xx_exti.o
    0x080028f0   0x0000022c   Code   RO          683    .text               malloc.o
    0x08002b1c   0x00000964   Code   RO          715    .text               os_core.o
    0x08003480   0x0000080c   Code   RO          743    .text               os_flag.o
    0x08003c8c   0x000003e0   Code   RO          763    .text               os_mbox.o
    0x0800406c   0x000005f8   Code   RO          817    .text               os_q.o
    0x08004664   0x0000039c   Code   RO          837    .text               os_sem.o
    0x08004a00   0x000007c4   Code   RO          857    .text               os_task.o
    0x080051c4   0x000001b0   Code   RO          877    .text               os_time.o
    0x08005374   0x000000c8   Code   RO          909    .text               os_cpu_a.o
    0x0800543c   0x000001c4   Code   RO          914    .text               os_cpu_c.o
    0x08005600   0x00000554   Code   RO          944    .text               lwip_comm.o
    0x08005b54   0x00000108   Code   RO         1056    .text               fs.o
    0x08005c5c   0x000012a0   Code   RO         1089    .text               httpd.o
    0x08006efc   0x00000170   Code   RO         1141    .text               httpd_cgi_ssi.o
    0x0800706c   0x00000e84   Code   RO         1165    .text               etharp.o
    0x08007ef0   0x00000214   Code   RO         1200    .text               ethernetif.o
    0x08008104   0x0000003e   Code   RO         1242    .text               def.o
    0x08008142   0x00000002   PAD
    0x08008144   0x00001a6c   Code   RO         1262    .text               dhcp.o
    0x08009bb0   0x00000024   Code   RO         1304    .text               init.o
    0x08009bd4   0x00000744   Code   RO         1342    .text               mem.o
    0x0800a318   0x000001d4   Code   RO         1365    .text               memp.o
    0x0800a4ec   0x00000340   Code   RO         1409    .text               netif.o
    0x0800a82c   0x0000113a   Code   RO         1439    .text               pbuf.o
    0x0800b966   0x00000002   PAD
    0x0800b968   0x0000024c   Code   RO         1474    .text               raw.o
    0x0800bbb4   0x00001530   Code   RO         1510    .text               tcp.o
    0x0800d0e4   0x00001db8   Code   RO         1545    .text               tcp_in.o
    0x0800ee9c   0x000013a2   Code   RO         1579    .text               tcp_out.o
    0x0801023e   0x00000002   PAD
    0x08010240   0x00000330   Code   RO         1600    .text               timers.o
    0x08010570   0x00000638   Code   RO         1649    .text               udp.o
    0x08010ba8   0x00000444   Code   RO         1700    .text               icmp.o
    0x08010fec   0x000002b4   Code   RO         1752    .text               inet_chksum.o
    0x080112a0   0x0000048c   Code   RO         1772    .text               ip.o
    0x0801172c   0x0000032c   Code   RO         1801    .text               ip_addr.o
    0x08011a58   0x00000a28   Code   RO         1838    .text               ip_frag.o
    0x08012480   0x000003d4   Code   RO         1860    .text               sys_arch.o
    0x08012854   0x00000bfc   Code   RO         1887    .text               api_lib.o
    0x08013450   0x000017c0   Code   RO         1926    .text               api_msg.o
    0x08014c10   0x000003b0   Code   RO         1969    .text               netbuf.o
    0x08014fc0   0x00001c58   Code   RO         2023    .text               sockets.o
    0x08016c18   0x000003b8   Code   RO         2047    .text               tcpip.o
    0x08016fd0   0x00000002   Code   RO         2078    .text               c_w.l(use_no_semi_2.o)
    0x08016fd2   0x00000002   PAD
    0x08016fd4   0x00000010   Code   RO         2080    .text               c_w.l(rt_ctype_table.o)
    0x08016fe4   0x00000018   Code   RO         2086    .text               c_w.l(noretval__2printf.o)
    0x08016ffc   0x00000028   Code   RO         2088    .text               c_w.l(noretval__2sprintf.o)
    0x08017024   0x00000068   Code   RO         2090    .text               c_w.l(__printf.o)
    0x0801708c   0x00000052   Code   RO         2092    .text               c_w.l(_printf_str.o)
    0x080170de   0x00000002   PAD
    0x080170e0   0x00000078   Code   RO         2094    .text               c_w.l(_printf_dec.o)
    0x08017158   0x00000014   Code   RO         2119    .text               c_w.l(strchr.o)
    0x0801716c   0x00000024   Code   RO         2121    .text               c_w.l(strstr.o)
    0x08017190   0x00000058   Code   RO         2123    .text               c_w.l(memcmp.o)
    0x080171e8   0x0000003e   Code   RO         2125    .text               c_w.l(strlen.o)
    0x08017226   0x00000096   Code   RO         2127    .text               c_w.l(strncmp.o)
    0x080172bc   0x0000008a   Code   RO         2129    .text               c_w.l(rt_memcpy_v6.o)
    0x08017346   0x00000064   Code   RO         2131    .text               c_w.l(rt_memcpy_w.o)
    0x080173aa   0x00000044   Code   RO         2133    .text               c_w.l(rt_memclr.o)
    0x080173ee   0x0000004e   Code   RO         2135    .text               c_w.l(rt_memclr_w.o)
    0x0801743c   0x00000080   Code   RO         2137    .text               c_w.l(strcmpv7m.o)
    0x080174bc   0x00000006   Code   RO         2139    .text               c_w.l(heapauxi.o)
    0x080174c2   0x00000002   Code   RO         2143    .text               c_w.l(use_no_semi.o)
    0x080174c4   0x00000008   Code   RO         2149    .text               c_w.l(rt_locale_intlibspace.o)
    0x080174cc   0x000000b2   Code   RO         2151    .text               c_w.l(_printf_intcommon.o)
    0x0801757e   0x00000002   PAD
    0x08017580   0x00000030   Code   RO         2153    .text               c_w.l(_printf_char_common.o)
    0x080175b0   0x0000000a   Code   RO         2155    .text               c_w.l(_sputc.o)
    0x080175ba   0x0000002c   Code   RO         2157    .text               c_w.l(_printf_char.o)
    0x080175e6   0x00000002   PAD
    0x080175e8   0x00000024   Code   RO         2159    .text               c_w.l(_printf_char_file.o)
    0x0801760c   0x00000008   Code   RO         2165    .text               c_w.l(libspace.o)
    0x08017614   0x00000008   Code   RO         2185    .text               c_w.l(ferror.o)
    0x0801761c   0x0000004a   Code   RO         2234    .text               c_w.l(sys_stackheap_outer.o)
    0x08017666   0x00000012   Code   RO         2236    .text               c_w.l(exit.o)
    0x08017678   0x0000002c   Code   RO         2163    locale$$code        c_w.l(lc_ctype_c.o)
    0x080176a4   0x0000000a   Code   RO         2246    x$fpl$fpinit        fz_wm.l(fpinit.o)
    0x080176ae   0x00000002   PAD
    0x080176b0   0x00000024   Data   RO          689    .constdata          malloc.o
    0x080176d4   0x00000100   Data   RO          717    .constdata          os_core.o
    0x080177d4   0x00035b90   Data   RO         1058    .constdata          fs.o
    0x0804d364   0x00000030   Data   RO         1091    .constdata          httpd.o
    0x0804d394   0x00000008   Data   RO         1142    .constdata          httpd_cgi_ssi.o
    0x0804d39c   0x0000000c   Data   RO         1167    .constdata          etharp.o
    0x0804d3a8   0x00000038   Data   RO         1367    .constdata          memp.o
    0x0804d3e0   0x00000050   Data   RO         1511    .constdata          tcp.o
    0x0804d430   0x00000008   Data   RO         1803    .constdata          ip_addr.o
    0x0804d438   0x00000004   Data   RO         1861    .constdata          sys_arch.o
    0x0804d43c   0x00000040   Data   RO         2025    .constdata          sockets.o
    0x0804d47c   0x0000006a   Data   RO         1092    .conststring        httpd.o
    0x0804d4e6   0x00000002   PAD
    0x0804d4e8   0x0000001a   Data   RO         1143    .conststring        httpd_cgi_ssi.o
    0x0804d502   0x00000002   PAD
    0x0804d504   0x00000044   Data   RO         1168    .conststring        etharp.o
    0x0804d548   0x0000008c   Data   RO         1264    .conststring        dhcp.o
    0x0804d5d4   0x000000a0   Data   RO         1368    .conststring        memp.o
    0x0804d674   0x0000006d   Data   RO         1512    .conststring        tcp.o
    0x0804d6e1   0x00000003   PAD
    0x0804d6e4   0x00000055   Data   RO         1580    .conststring        tcp_out.o
    0x0804d739   0x00000003   PAD
    0x0804d73c   0x00000020   Data   RO         2319    Region$$Table       anon$$obj.o
    0x0804d75c   0x00000110   Data   RO         2162    locale$$data        c_w.l(lc_ctype_c.o)


    Execution Region RW_IRAM1 (Base: 0x20000000, Size: 0x0001d780, Max: 0x00020000, ABSOLUTE, COMPRESSED[0x0000008c])

    Base Addr    Size         Type   Attr      Idx    E Section Name        Object

    0x20000000   0x0000000c   Data   RW            5    .data               main.o
    0x2000000c   0x00000014   Data   RW          274    .data               system_stm32f4xx.o
    0x20000020   0x00000001   Data   RW          320    .data               key.o
    0x20000021   0x00000001   PAD
    0x20000022   0x00000004   Data   RW          421    .data               delay.o
    0x20000026   0x00000002   PAD
    0x20000028   0x00000006   Data   RW          462    .data               usart.o
    0x2000002e   0x00000010   Data   RW          562    .data               stm32f4xx_rcc.o
    0x2000003e   0x00000002   PAD
    0x20000040   0x00000024   Data   RW          690    .data               malloc.o
    0x20000064   0x00000048   Data   RW          718    .data               os_core.o
    0x200000ac   0x00000010   Data   RW          946    .data               lwip_comm.o
    0x200000bc   0x00000024   Data   RW         1093    .data               httpd.o
    0x200000e0   0x00000010   Data   RW         1144    .data               httpd_cgi_ssi.o
    0x200000f0   0x00000001   Data   RW         1169    .data               etharp.o
    0x200000f1   0x00000003   PAD
    0x200000f4   0x00000004   Data   RW         1265    .data               dhcp.o
    0x200000f8   0x00000014   Data   RW         1343    .data               mem.o
    0x2000010c   0x0000003c   Data   RW         1369    .data               memp.o
    0x20000148   0x00000009   Data   RW         1410    .data               netif.o
    0x20000151   0x00000001   Data   RW         1440    .data               pbuf.o
    0x20000152   0x00000002   PAD
    0x20000154   0x00000004   Data   RW         1475    .data               raw.o
    0x20000158   0x00000024   Data   RW         1513    .data               tcp.o
    0x2000017c   0x00000020   Data   RW         1547    .data               tcp_in.o
    0x2000019c   0x00000008   Data   RW         1601    .data               timers.o
    0x200001a4   0x00000008   Data   RW         1650    .data               udp.o
    0x200001ac   0x00000012   Data   RW         1773    .data               ip.o
    0x200001be   0x00000002   PAD
    0x200001c0   0x00000006   Data   RW         1839    .data               ip_frag.o
    0x200001c6   0x00000002   PAD
    0x200001c8   0x00000008   Data   RW         2026    .data               sockets.o
    0x200001d0   0x0000000c   Data   RW         2048    .data               tcpip.o
    0x200001dc   0x00001200   Zero   RW            4    .bss                main.o
    0x200013dc   0x00000010   Zero   RW          341    .bss                enc28j60.o
    0x200013ec   0x000000c8   Zero   RW          461    .bss                usart.o
    0x200014b4   0x0000000c   PAD
    0x200014c0   0x0001a900   Zero   RW          688    .bss                malloc.o
    0x2001bdc0   0x00000c68   Zero   RW          716    .bss                os_core.o
    0x2001ca28   0x0000004c   Zero   RW          945    .bss                lwip_comm.o
    0x2001ca74   0x000000f0   Zero   RW         1057    .bss                fs.o
    0x2001cb64   0x00000400   Zero   RW         1090    .bss                httpd.o
    0x2001cf64   0x000000c8   Zero   RW         1166    .bss                etharp.o
    0x2001d02c   0x00000032   Zero   RW         1263    .bss                dhcp.o
    0x2001d05e   0x00000002   PAD
    0x2001d060   0x00000038   Zero   RW         1366    .bss                memp.o
    0x2001d098   0x00000014   Zero   RW         1546    .bss                tcp_in.o
    0x2001d0ac   0x00000010   Zero   RW         1802    .bss                ip_addr.o
    0x2001d0bc   0x00000060   Zero   RW         2024    .bss                sockets.o
    0x2001d11c   0x00000060   Zero   RW         2166    .bss                c_w.l(libspace.o)
    0x2001d17c   0x00000004   PAD
    0x2001d180   0x00000200   Zero   RW          490    HEAP                startup_stm32f40_41xxx.o
    0x2001d380   0x00000400   Zero   RW          489    STACK               startup_stm32f40_41xxx.o



  Load Region LR$$.ARM.__AT_0x10000000 (Base: 0x10000000, Size: 0x00000000, Max: 0x0000f000, ABSOLUTE)

    Execution Region ER$$.ARM.__AT_0x10000000 (Base: 0x10000000, Size: 0x0000f000, Max: 0x0000f000, ABSOLUTE, UNINIT)

    Base Addr    Size         Type   Attr      Idx    E Section Name        Object

    0x10000000   0x0000f000   Zero   RW          684    .ARM.__AT_0x10000000  malloc.o



  Load Region LR$$.ARM.__AT_0x1000F000 (Base: 0x1000f000, Size: 0x00000000, Max: 0x00000f00, ABSOLUTE)

    Execution Region ER$$.ARM.__AT_0x1000F000 (Base: 0x1000f000, Size: 0x00000f00, Max: 0x00000f00, ABSOLUTE, UNINIT)

    Base Addr    Size         Type   Attr      Idx    E Section Name        Object

    0x1000f000   0x00000f00   Zero   RW          685    .ARM.__AT_0x1000F000  malloc.o



  Load Region LR$$.ARM.__AT_0x68000000 (Base: 0x68000000, Size: 0x00000000, Max: 0x000f0000, ABSOLUTE)

    Execution Region ER$$.ARM.__AT_0x68000000 (Base: 0x68000000, Size: 0x000f0000, Max: 0x000f0000, ABSOLUTE, UNINIT)

    Base Addr    Size         Type   Attr      Idx    E Section Name        Object

    0x68000000   0x000f0000   Zero   RW          686    .ARM.__AT_0x68000000  malloc.o



  Load Region LR$$.ARM.__AT_0x680F0000 (Base: 0x680f0000, Size: 0x00000000, Max: 0x0000f000, ABSOLUTE)

    Execution Region ER$$.ARM.__AT_0x680F0000 (Base: 0x680f0000, Size: 0x0000f000, Max: 0x0000f000, ABSOLUTE, UNINIT)

    Base Addr    Size         Type   Attr      Idx    E Section Name        Object

    0x680f0000   0x0000f000   Zero   RW          687    .ARM.__AT_0x680F0000  malloc.o


==============================================================================

Image component sizes


      Code (inc. data)   RO Data    RW Data    ZI Data      Debug   Object Name

      3068        818          0          0          0      18029   api_lib.o
      6080       1222          0          0          0      10675   api_msg.o
        62          0          0          0          0       1270   def.o
       264         18          0          4          0       1411   delay.o
      6764       1090        140          4         50      13662   dhcp.o
      1960        174          0          0         16      10485   enc28j60.o
      3716        604         80          1        200      10215   etharp.o
       532        178          0          0          0       4730   ethernetif.o
       264          8     220048          0        240       7360   fs.o
      4768        788        154         36       1024      20321   httpd.o
       368        106         34         16          0       3335   httpd_cgi_ssi.o
      1092        372          0          0          0       2790   icmp.o
         0          0          0          0          0       3820   inet.o
       692        104          0          0          0       3137   inet_chksum.o
        36          0          0          0          0       7132   init.o
      1164        174          0         18          0       6639   ip.o
       812        112          8          0         16       9603   ip_addr.o
      2600        486          0          6          0       6868   ip_frag.o
       260         12          0          1          0        876   key.o
        64          8          0          0          0        523   led.o
      1364        524          0         16         76      28831   lwip_comm.o
       828        230          0         12       4608     288947   main.o
       556         18         36         36    1218560       4985   malloc.o
      1860        568          0         20          0       4194   mem.o
       468        196        216         60         56       3796   memp.o
       224         20          0          0          0       1813   misc.o
       944        340          0          0          0       4133   netbuf.o
       832        124          0          9          0       6565   netif.o
      2404        238        256         72       3176      16081   os_core.o
       200         32          0          0          0        320   os_cpu_a.o
       452          6          0          0          0      10642   os_cpu_c.o
      2060         42          0          0          0       7216   os_flag.o
       992         22          0          0          0       4338   os_mbox.o
      1528         34          0          0          0       5793   os_q.o
       924         20          0          0          0       4066   os_sem.o
      1988         70          0          0          0       7901   os_task.o
       432         30          0          0          0       1878   os_time.o
      4410       1248          0          1          0      10963   pbuf.o
       588        134          0          4          0       3477   raw.o
      7256        666         64          8         96      18398   sockets.o
       284         10          0          0          0       1077   spi.o
        64         26        392          0       1536        828   startup_stm32f40_41xxx.o
       272         10          0          0          0       2283   stm32f4xx_exti.o
       660         44          0          0          0       4153   stm32f4xx_gpio.o
        22          0          0          0          0       1031   stm32f4xx_it.o
      1628         52          0         16          0      13028   stm32f4xx_rcc.o
      1152         36          0          0          0       6905   stm32f4xx_spi.o
       148         12          0          0          0       1841   stm32f4xx_syscfg.o
      1108         34          0          0          0       7880   stm32f4xx_usart.o
        16          0          0          0          0        484   sys.o
       980        166          4          0          0       6598   sys_arch.o
       528         46          0         20          0       1771   system_stm32f4xx.o
      5424       1122        189         36          0      22464   tcp.o
      7608       1072          0         32         20      16131   tcp_in.o
      5026        954         85          0          0      10095   tcp_out.o
       952        194          0         12          0      10092   tcpip.o
       816        186          0          8          0       3667   timers.o
      1592        202          0          8          0      14545   udp.o
       348         18          0          6        200       3354   usart.o

    ----------------------------------------------------------------------
     93512      15020     221748        476    1229888     705445   Object Totals
         0          0         32          0          0          0   (incl. Generated)
         8          0         10         14         14          0   (incl. Padding)

    ----------------------------------------------------------------------

      Code (inc. data)   RO Data    RW Data    ZI Data      Debug   Library Member Name

        90          0          0          0          0          0   __dczerorl2.o
         8          0          0          0          0         68   __main.o
       104          0          0          0          0         84   __printf.o
         0          0          0          0          0          0   __rtentry.o
        12          0          0          0          0          0   __rtentry2.o
         6          0          0          0          0          0   __rtentry4.o
        52          8          0          0          0          0   __scatter.o
        28          0          0          0          0          0   __scatter_zi.o
        44          0          0          0          0        108   _printf_char.o
        48          6          0          0          0         96   _printf_char_common.o
        36          4          0          0          0         80   _printf_char_file.o
         6          0          0          0          0          0   _printf_d.o
       120         16          0          0          0         92   _printf_dec.o
       178          0          0          0          0         88   _printf_intcommon.o
         0          0          0          0          0          0   _printf_percent.o
         4          0          0          0          0          0   _printf_percent_end.o
         6          0          0          0          0          0   _printf_s.o
        82          0          0          0          0         80   _printf_str.o
        10          0          0          0          0         68   _sputc.o
        18          0          0          0          0         80   exit.o
         8          0          0          0          0         68   ferror.o
         6          0          0          0          0        152   heapauxi.o
        44         10        272          0          0         76   lc_ctype_c.o
         2          0          0          0          0          0   libinit.o
        24          0          0          0          0          0   libinit2.o
         2          0          0          0          0          0   libshutdown.o
         2          0          0          0          0          0   libshutdown2.o
         8          4          0          0         96         68   libspace.o
        88          0          0          0          0         76   memcmp.o
        24          4          0          0          0         84   noretval__2printf.o
        40          6          0          0          0         84   noretval__2sprintf.o
        16          4          0          0          0         76   rt_ctype_table.o
         8          4          0          0          0         68   rt_locale_intlibspace.o
        68          0          0          0          0         68   rt_memclr.o
        78          0          0          0          0         80   rt_memclr_w.o
       138          0          0          0          0         68   rt_memcpy_v6.o
       100          0          0          0          0         80   rt_memcpy_w.o
         2          0          0          0          0          0   rtexit.o
        10          0          0          0          0          0   rtexit2.o
        20          0          0          0          0         68   strchr.o
       128          0          0          0          0         68   strcmpv7m.o
        62          0          0          0          0         76   strlen.o
       150          0          0          0          0         80   strncmp.o
        36          0          0          0          0         80   strstr.o
        74          0          0          0          0         80   sys_stackheap_outer.o
         2          0          0          0          0         68   use_no_semi.o
         2          0          0          0          0         68   use_no_semi_2.o
        10          0          0          0          0        116   fpinit.o

    ----------------------------------------------------------------------
      2016         66        272          0        100       2596   Library Totals
        12          0          0          0          4          0   (incl. Padding)

    ----------------------------------------------------------------------

      Code (inc. data)   RO Data    RW Data    ZI Data      Debug   Library Name

      1994         66        272          0         96       2480   c_w.l
        10          0          0          0          0        116   fz_wm.l

    ----------------------------------------------------------------------
      2016         66        272          0        100       2596   Library Totals

    ----------------------------------------------------------------------

==============================================================================


      Code (inc. data)   RO Data    RW Data    ZI Data      Debug   

     95528      15086     222020        476    1229988     696137   Grand Totals
     95528      15086     222020        140    1229988     696137   ELF Image Totals (compressed)
     95528      15086     222020        140          0          0   ROM Totals

==============================================================================

    Total RO  Size (Code + RO Data)               317548 ( 310.11kB)
    Total RW  Size (RW Data + ZI Data)           1230464 (1201.63kB)
    Total ROM Size (Code + RO Data + RW Data)     317688 ( 310.24kB)

==============================================================================

