<html>
<body>
<pre>
<h1>礦ision Build Log</h1>
<h2>Tool Versions:</h2>
IDE-Version: μVision V5.20.0.0
Copyright (C) 2016 ARM Ltd and ARM Germany GmbH. All rights reserved.
License Information: 1 1, 1, LIC=Q7GFW-QEH0A-77FRP-MHKEF-EYBSS-U7VYB
 
Tool Versions:
Toolchain:       MDK-ARM Professional  Version: 5.20
Toolchain Path:  D:\Keil_v5\ARM\ARMCC\Bin
C Compiler:      Armcc.exe V5.06 update 2 (build 183)
Assembler:       Armasm.exe V5.06 update 2 (build 183)
Linker/Locator:  ArmLink.exe V5.06 update 2 (build 183)
Library Manager: ArmAr.exe V5.06 update 2 (build 183)
Hex Converter:   FromElf.exe V5.06 update 2 (build 183)
CPU DLL:         SARMCM3.DLL V5.20
Dialog DLL:      DCM.DLL V1.13.7.0
Target DLL:      Segger\JL2CM3.dll V2.99.20.0
Dialog DLL:      TCM.DLL V1.14.9.0
 
<h2>Project:</h2>
G:\Desktop\webserver\F4\带操作系统\USER\UCOSII-3.uvprojx
Project File Date:  05/08/2017

<h2>Output:</h2>
*** Using Compiler 'V5.06 update 2 (build 183)', folder: 'D:\Keil_v5\ARM\ARMCC\Bin'
Rebuild target 'UCOSII-3'
compiling system_stm32f4xx.c...
compiling stm32f4xx_it.c...
compiling main.c...
main.c(313): warning:  #177-D: variable "key" was declared but never referenced
  	u32 key=0;	
main.c(314): warning:  #177-D: variable "err" was declared but never referenced
  	u8 err;	
main.c(315): warning:  #177-D: variable "tmr2sta" was declared but never referenced
   	u8 tmr2sta=1;	//?砑?时??2开??状态   
main.c(316): warning:  #177-D: variable "tmr3sta" was declared but never referenced
   	u8 tmr3sta=0;	//?砑?时??3开??状态
main.c(317): warning:  #177-D: variable "flagsclrt" was declared but never referenced
  	u8 flagsclrt=0;	//?藕?量集??示???愕???时   
main.c(377): warning:  #550-D: variable "flags" was set but never used
  	u16 flags;	
main.c: 6 warnings, 0 errors
compiling key.c...
compiling led.c...
compiling enc28j60.c...
compiling spi.c...
compiling delay.c...
compiling exti.c...
assembling startup_stm32f40_41xxx.s...
compiling usart.c...
compiling misc.c...
compiling sys.c...
compiling stm32f4xx_gpio.c...
compiling stm32f4xx_fsmc.c...
compiling stm32f4xx_rcc.c...
compiling stm32f4xx_tim.c...
compiling stm32f4xx_syscfg.c...
compiling stm32f4xx_usart.c...
compiling stm32f4xx_exti.c...
compiling stm32f4xx_spi.c...
compiling os_core.c...
compiling malloc.c...
compiling os_flag.c...
compiling os_mbox.c...
compiling os_mutex.c...
compiling os_mem.c...
compiling os_task.c...
compiling os_sem.c...
compiling os_q.c...
assembling os_cpu_a.asm...
compiling os_time.c...
compiling os_tmr.c...
compiling os_cpu_c.c...
compiling lwip_comm.c...
compiling httpd_cgi_ssi.c...
compiling fs.c...
compiling httpd.c...
compiling etharp.c...
compiling ethernetif.c...
compiling def.c...
compiling dhcp.c...
compiling dns.c...
compiling init.c...
compiling mem.c...
compiling memp.c...
compiling netif.c...
compiling pbuf.c...
compiling raw.c...
compiling stats.c...
compiling tcp.c...
compiling tcp_in.c...
compiling tcp_out.c...
compiling autoip.c...
compiling timers.c...
compiling udp.c...
compiling icmp.c...
compiling inet.c...
compiling igmp.c...
compiling inet_chksum.c...
compiling ip.c...
compiling ip_addr.c...
compiling ip_frag.c...
compiling api_lib.c...
compiling sys_arch.c...
compiling api_msg.c...
compiling netbuf.c...
compiling err.c...
compiling netdb.c...
compiling netifapi.c...
compiling sockets.c...
compiling tcpip.c...
linking...
Program Size: Code=95524 RO-data=106340 RW-data=476 ZI-data=1229988  
FromELF: creating hex file...
"..\OBJ\UCOSII-3.axf" - 0 Error(s), 6 Warning(s).

<h2>Collection of Component include folders:</h2>
  G:\Desktop\webserver\F4\带操作系统\USER\RTE
  D:\Keil_v5\ARM\PACK\Keil\STM32F4xx_DFP\2.8.0\Drivers\CMSIS\Device\ST\STM32F4xx\Include

<h2>Collection of Component Files used:</h2>
Build Time Elapsed:  00:00:57
</pre>
</body>
</html>
