Component: ARM Compiler 5.06 update 2 (build 183) Tool: armlink [4d35b7]

==============================================================================

Section Cross References

    main.o(.text) refers to _printf_percent.o(.ARM.Collect$$_printf_percent$$00000000) for _printf_percent
    main.o(.text) refers to _printf_d.o(.ARM.Collect$$_printf_percent$$00000009) for _printf_d
    main.o(.text) refers to _printf_dec.o(.text) for _printf_int_dec
    main.o(.text) refers to _printf_s.o(.ARM.Collect$$_printf_percent$$00000014) for _printf_s
    main.o(.text) refers to _printf_str.o(.text) for _printf_str
    main.o(.text) refers to noretval__2sprintf.o(.text) for __2sprintf
    main.o(.text) refers to noretval__2printf.o(.text) for __2printf
    main.o(.text) refers to misc.o(.text) for NVIC_PriorityGroupConfig
    main.o(.text) refers to delay.o(.text) for delay_init
    main.o(.text) refers to usart.o(.text) for uart_init
    main.o(.text) refers to led.o(.text) for LED_Init
    main.o(.text) refers to timer.o(.text) for TIM3_Int_Init
    main.o(.text) refers to lwip_comm.o(.text) for lwip_comm_init
    main.o(.text) refers to lwip_comm.o(.bss) for lwipdev
    main.o(.text) refers to usmart_config.o(.data) for usmart_dev
    main.o(.text) refers to main.o(.data) for i
    system_stm32f4xx.o(.text) refers to system_stm32f4xx.o(.data) for SystemCoreClock
    led.o(.text) refers to stm32f4xx_rcc.o(.text) for RCC_AHB1PeriphClockCmd
    led.o(.text) refers to stm32f4xx_gpio.o(.text) for GPIO_Init
    lcd.o(.text) refers to _printf_percent.o(.ARM.Collect$$_printf_percent$$00000000) for _printf_percent
    lcd.o(.text) refers to _printf_x.o(.ARM.Collect$$_printf_percent$$0000000C) for _printf_x
    lcd.o(.text) refers to _printf_hex_int.o(.text) for _printf_longlong_hex
    lcd.o(.text) refers to delay.o(.text) for delay_us
    lcd.o(.text) refers to lcd.o(.bss) for lcddev
    lcd.o(.text) refers to lcd.o(.data) for POINT_COLOR
    lcd.o(.text) refers to dflt_clz.o(x$fpl$dfltu) for __aeabi_ui2d
    lcd.o(.text) refers to dmul.o(x$fpl$dmul) for __aeabi_dmul
    lcd.o(.text) refers to dfixu.o(x$fpl$dfixu) for __aeabi_d2uiz
    lcd.o(.text) refers to stm32f4xx_rcc.o(.text) for RCC_AHB1PeriphClockCmd
    lcd.o(.text) refers to stm32f4xx_gpio.o(.text) for GPIO_Init
    lcd.o(.text) refers to stm32f4xx_fsmc.o(.text) for FSMC_NORSRAMInit
    lcd.o(.text) refers to noretval__2printf.o(.text) for __2printf
    lcd.o(.text) refers to lcd.o(.constdata) for asc2_1206
    timer.o(.text) refers to stm32f4xx_rcc.o(.text) for RCC_APB1PeriphClockCmd
    timer.o(.text) refers to stm32f4xx_tim.o(.text) for TIM_TimeBaseInit
    timer.o(.text) refers to misc.o(.text) for NVIC_Init
    timer.o(.text) refers to lwip_comm.o(.data) for lwip_localtime
    enc28j60.o(.text) refers to _printf_percent.o(.ARM.Collect$$_printf_percent$$00000000) for _printf_percent
    enc28j60.o(.text) refers to _printf_d.o(.ARM.Collect$$_printf_percent$$00000009) for _printf_d
    enc28j60.o(.text) refers to _printf_dec.o(.text) for _printf_int_dec
    enc28j60.o(.text) refers to _printf_s.o(.ARM.Collect$$_printf_percent$$00000014) for _printf_s
    enc28j60.o(.text) refers to _printf_str.o(.text) for _printf_str
    enc28j60.o(.text) refers to spi.o(.text) for SPI2_ReadWriteByte
    enc28j60.o(.text) refers to stm32f4xx_rcc.o(.text) for RCC_AHB1PeriphClockCmd
    enc28j60.o(.text) refers to stm32f4xx_gpio.o(.text) for GPIO_Init
    enc28j60.o(.text) refers to stm32f4xx_syscfg.o(.text) for SYSCFG_EXTILineConfig
    enc28j60.o(.text) refers to stm32f4xx_exti.o(.text) for EXTI_Init
    enc28j60.o(.text) refers to misc.o(.text) for NVIC_Init
    enc28j60.o(.text) refers to stm32f4xx_spi.o(.text) for SPI_Cmd
    enc28j60.o(.text) refers to delay.o(.text) for delay_ms
    enc28j60.o(.text) refers to noretval__2printf.o(.text) for __2printf
    enc28j60.o(.text) refers to enc28j60.o(.bss) for enc28j60_dev
    enc28j60.o(.text) refers to sys.o(.emb_text) for INTX_DISABLE
    enc28j60.o(.text) refers to lwip_comm.o(.text) for lwip_pkt_handle
    spi.o(.text) refers to stm32f4xx_spi.o(.text) for SPI_I2S_GetFlagStatus
    spi.o(.text) refers to stm32f4xx_rcc.o(.text) for RCC_AHB1PeriphClockCmd
    spi.o(.text) refers to stm32f4xx_gpio.o(.text) for GPIO_Init
    delay.o(.text) refers to misc.o(.text) for SysTick_CLKSourceConfig
    delay.o(.text) refers to delay.o(.data) for fac_us
    usart.o(.rev16_text) refers (Special) to use_no_semi_2.o(.text) for __use_no_semihosting
    usart.o(.revsh_text) refers (Special) to use_no_semi_2.o(.text) for __use_no_semihosting
    usart.o(.text) refers (Special) to use_no_semi_2.o(.text) for __use_no_semihosting
    usart.o(.text) refers to stm32f4xx_rcc.o(.text) for RCC_AHB1PeriphClockCmd
    usart.o(.text) refers to stm32f4xx_gpio.o(.text) for GPIO_PinAFConfig
    usart.o(.text) refers to stm32f4xx_usart.o(.text) for USART_Init
    usart.o(.text) refers to misc.o(.text) for NVIC_Init
[...]
    ENC28J60_Get_Duplex                      0x08005631   Thumb Code    16  enc28j60.o(.text)
    ENC28J60_PHY_Write                       0x08005641   Thumb Code    60  enc28j60.o(.text)
    ENC28J60_Get_EREVID                      0x0800567d   Thumb Code    14  enc28j60.o(.text)
    ENC28J60_Init                            0x0800568b   Thumb Code   808  enc28j60.o(.text)
    ENC28J60_Read_Buf                        0x080059b3   Thumb Code    48  enc28j60.o(.text)
    ENC28J60_Write_Buf                       0x080059e3   Thumb Code    42  enc28j60.o(.text)
    ENC28J60_Packet_Send                     0x08005a0d   Thumb Code   154  enc28j60.o(.text)
    ENC28J60_Packet_Receive                  0x08005aa7   Thumb Code   212  enc28j60.o(.text)
    ENC28J60_ISRHandler                      0x08005b7b   Thumb Code   180  enc28j60.o(.text)
    EXTI2_IRQHandler                         0x08005c2f   Thumb Code    24  enc28j60.o(.text)
    SPI2_ReadWriteByte                       0x08005cb1   Thumb Code    50  spi.o(.text)
    SPI2_Init                                0x08005ce3   Thumb Code   188  spi.o(.text)
    SPI2_SetSpeed                            0x08005d9f   Thumb Code    36  spi.o(.text)
    delay_init                               0x08005dcd   Thumb Code    52  delay.o(.text)
    delay_us                                 0x08005e01   Thumb Code    72  delay.o(.text)
    delay_xms                                0x08005e49   Thumb Code    72  delay.o(.text)
    delay_ms                                 0x08005e91   Thumb Code    56  delay.o(.text)
    _sys_exit                                0x08005ed1   Thumb Code     6  usart.o(.text)
    fputc                                    0x08005ed7   Thumb Code    22  usart.o(.text)
    uart_init                                0x08005eed   Thumb Code   172  usart.o(.text)
    USART1_IRQHandler                        0x08005f99   Thumb Code   122  usart.o(.text)
    Reset_Handler                            0x08006025   Thumb Code     8  startup_stm32f40_41xxx.o(.text)
    ADC_IRQHandler                           0x0800603f   Thumb Code     0  startup_stm32f40_41xxx.o(.text)
    CAN1_RX0_IRQHandler                      0x0800603f   Thumb Code     0  startup_stm32f40_41xxx.o(.text)
    CAN1_RX1_IRQHandler                      0x0800603f   Thumb Code     0  startup_stm32f40_41xxx.o(.text)
    CAN1_SCE_IRQHandler                      0x0800603f   Thumb Code     0  startup_stm32f40_41xxx.o(.text)
    CAN1_TX_IRQHandler                       0x0800603f   Thumb Code     0  startup_stm32f40_41xxx.o(.text)
    CAN2_RX0_IRQHandler                      0x0800603f   Thumb Code     0  startup_stm32f40_41xxx.o(.text)
    CAN2_RX1_IRQHandler                      0x0800603f   Thumb Code     0  startup_stm32f40_41xxx.o(.text)
    CAN2_SCE_IRQHandler                      0x0800603f   Thumb Code     0  startup_stm32f40_41xxx.o(.text)
    CAN2_TX_IRQHandler                       0x0800603f   Thumb Code     0  startup_stm32f40_41xxx.o(.text)
    CRYP_IRQHandler                          0x0800603f   Thumb Code     0  startup_stm32f40_41xxx.o(.text)
    DCMI_IRQHandler                          0x0800603f   Thumb Code     0  startup_stm32f40_41xxx.o(.text)
    DMA1_Stream0_IRQHandler                  0x0800603f   Thumb Code     0  startup_stm32f40_41xxx.o(.text)
    DMA1_Stream1_IRQHandler                  0x0800603f   Thumb Code     0  startup_stm32f40_41xxx.o(.text)
    DMA1_Stream2_IRQHandler                  0x0800603f   Thumb Code     0  startup_stm32f40_41xxx.o(.text)
    DMA1_Stream3_IRQHandler                  0x0800603f   Thumb Code     0  startup_stm32f40_41xxx.o(.text)
    DMA1_Stream4_IRQHandler                  0x0800603f   Thumb Code     0  startup_stm32f40_41xxx.o(.text)
    DMA1_Stream5_IRQHandler                  0x0800603f   Thumb Code     0  startup_stm32f40_41xxx.o(.text)
    DMA1_Stream6_IRQHandler                  0x0800603f   Thumb Code     0  startup_stm32f40_41xxx.o(.text)
    DMA1_Stream7_IRQHandler                  0x0800603f   Thumb Code     0  startup_stm32f40_41xxx.o(.text)
    DMA2_Stream0_IRQHandler                  0x0800603f   Thumb Code     0  startup_stm32f40_41xxx.o(.text)
    DMA2_Stream1_IRQHandler                  0x0800603f   Thumb Code     0  startup_stm32f40_41xxx.o(.text)
    DMA2_Stream2_IRQHandler                  0x0800603f   Thumb Code     0  startup_stm32f40_41xxx.o(.text)
    DMA2_Stream3_IRQHandler                  0x0800603f   Thumb Code     0  startup_stm32f40_41xxx.o(.text)
    DMA2_Stream4_IRQHandler                  0x0800603f   Thumb Code     0  startup_stm32f40_41xxx.o(.text)
    DMA2_Stream5_IRQHandler                  0x0800603f   Thumb Code     0  startup_stm32f40_41xxx.o(.text)
    DMA2_Stream6_IRQHandler                  0x0800603f   Thumb Code     0  startup_stm32f40_41xxx.o(.text)
    DMA2_Stream7_IRQHandler                  0x0800603f   Thumb Code     0  startup_stm32f40_41xxx.o(.text)
    ETH_IRQHandler                           0x0800603f   Thumb Code     0  startup_stm32f40_41xxx.o(.text)
    ETH_WKUP_IRQHandler                      0x0800603f   Thumb Code     0  startup_stm32f40_41xxx.o(.text)
    EXTI0_IRQHandler                         0x0800603f   Thumb Code     0  startup_stm32f40_41xxx.o(.text)
    EXTI15_10_IRQHandler                     0x0800603f   Thumb Code     0  startup_stm32f40_41xxx.o(.text)
    EXTI1_IRQHandler                         0x0800603f   Thumb Code     0  startup_stm32f40_41xxx.o(.text)
    EXTI3_IRQHandler                         0x0800603f   Thumb Code     0  startup_stm32f40_41xxx.o(.text)
    EXTI4_IRQHandler                         0x0800603f   Thumb Code     0  startup_stm32f40_41xxx.o(.text)
    EXTI9_5_IRQHandler                       0x0800603f   Thumb Code     0  startup_stm32f40_41xxx.o(.text)
    FLASH_IRQHandler                         0x0800603f   Thumb Code     0  startup_stm32f40_41xxx.o(.text)
    FPU_IRQHandler                           0x0800603f   Thumb Code     0  startup_stm32f40_41xxx.o(.text)
    FSMC_IRQHandler                          0x0800603f   Thumb Code     0  startup_stm32f40_41xxx.o(.text)
    HASH_RNG_IRQHandler                      0x0800603f   Thumb Code     0  startup_stm32f40_41xxx.o(.text)
    I2C1_ER_IRQHandler                       0x0800603f   Thumb Code     0  startup_stm32f40_41xxx.o(.text)
    I2C1_EV_IRQHandler                       0x0800603f   Thumb Code     0  startup_stm32f40_41xxx.o(.text)
    I2C2_ER_IRQHandler                       0x0800603f   Thumb Code     0  startup_stm32f40_41xxx.o(.text)
    I2C2_EV_IRQHandler                       0x0800603f   Thumb Code     0  startup_stm32f40_41xxx.o(.text)
    I2C3_ER_IRQHandler                       0x0800603f   Thumb Code     0  startup_stm32f40_41xxx.o(.text)
    I2C3_EV_IRQHandler                       0x0800603f   Thumb Code     0  startup_stm32f40_41xxx.o(.text)
    OTG_FS_IRQHandler                        0x0800603f   Thumb Code     0  startup_stm32f40_41xxx.o(.text)
    OTG_FS_WKUP_IRQHandler                   0x0800603f   Thumb Code     0  startup_stm32f40_41xxx.o(.text)
    OTG_HS_EP1_IN_IRQHandler                 0x0800603f   Thumb Code     0  startup_stm32f40_41xxx.o(.text)
    OTG_HS_EP1_OUT_IRQHandler                0x0800603f   Thumb Code     0  startup_stm32f40_41xxx.o(.text)
    OTG_HS_IRQHandler                        0x0800603f   Thumb Code     0  startup_stm32f40_41xxx.o(.text)
    OTG_HS_WKUP_IRQHandler                   0x0800603f   Thumb Code     0  startup_stm32f40_41xxx.o(.text)
    PVD_IRQHandler                           0x0800603f   Thumb Code     0  startup_stm32f40_41xxx.o(.text)
    RCC_IRQHandler                           0x0800603f   Thumb Code     0  startup_stm32f40_41xxx.o(.text)
    RTC_Alarm_IRQHandler                     0x0800603f   Thumb Code     0  startup_stm32f40_41xxx.o(.text)
    RTC_WKUP_IRQHandler                      0x0800603f   Thumb Code     0  startup_stm32f40_41xxx.o(.text)
    SDIO_IRQHandler                          0x0800603f   Thumb Code     0  startup_stm32f40_41xxx.o(.text)
    SPI1_IRQHandler                          0x0800603f   Thumb Code     0  startup_stm32f40_41xxx.o(.text)
    SPI2_IRQHandler                          0x0800603f   Thumb Code     0  startup_stm32f40_41xxx.o(.text)
    SPI3_IRQHandler                          0x0800603f   Thumb Code     0  startup_stm32f40_41xxx.o(.text)
    TAMP_STAMP_IRQHandler                    0x0800603f   Thumb Code     0  startup_stm32f40_41xxx.o(.text)
    TIM1_BRK_TIM9_IRQHandler                 0x0800603f   Thumb Code     0  startup_stm32f40_41xxx.o(.text)
    TIM1_CC_IRQHandler                       0x0800603f   Thumb Code     0  startup_stm32f40_41xxx.o(.text)
    TIM1_TRG_COM_TIM11_IRQHandler            0x0800603f   Thumb Code     0  startup_stm32f40_41xxx.o(.text)
    TIM1_UP_TIM10_IRQHandler                 0x0800603f   Thumb Code     0  startup_stm32f40_41xxx.o(.text)
    TIM2_IRQHandler                          0x0800603f   Thumb Code     0  startup_stm32f40_41xxx.o(.text)
    TIM5_IRQHandler                          0x0800603f   Thumb Code     0  startup_stm32f40_41xxx.o(.text)
    TIM6_DAC_IRQHandler                      0x0800603f   Thumb Code     0  startup_stm32f40_41xxx.o(.text)
    TIM7_IRQHandler                          0x0800603f   Thumb Code     0  startup_stm32f40_41xxx.o(.text)
    TIM8_BRK_TIM12_IRQHandler                0x0800603f   Thumb Code     0  startup_stm32f40_41xxx.o(.text)
    TIM8_CC_IRQHandler                       0x0800603f   Thumb Code     0  startup_stm32f40_41xxx.o(.text)
    TIM8_TRG_COM_TIM14_IRQHandler            0x0800603f   Thumb Code     0  startup_stm32f40_41xxx.o(.text)
    TIM8_UP_TIM13_IRQHandler                 0x0800603f   Thumb Code     0  startup_stm32f40_41xxx.o(.text)
    UART4_IRQHandler                         0x0800603f   Thumb Code     0  startup_stm32f40_41xxx.o(.text)
    UART5_IRQHandler                         0x0800603f   Thumb Code     0  startup_stm32f40_41xxx.o(.text)
    USART2_IRQHandler                        0x0800603f   Thumb Code     0  startup_stm32f40_41xxx.o(.text)
    USART3_IRQHandler                        0x0800603f   Thumb Code     0  startup_stm32f40_41xxx.o(.text)
    USART6_IRQHandler                        0x0800603f   Thumb Code     0  startup_stm32f40_41xxx.o(.text)
    WWDG_IRQHandler                          0x0800603f   Thumb Code     0  startup_stm32f40_41xxx.o(.text)
    __user_initial_stackheap                 0x08006041   Thumb Code     0  startup_stm32f40_41xxx.o(.text)
    NVIC_PriorityGroupConfig                 0x08006065   Thumb Code    10  misc.o(.text)
    NVIC_Init                                0x0800606f   Thumb Code   106  misc.o(.text)
    NVIC_SetVectorTable                      0x080060d9   Thumb Code    14  misc.o(.text)
    NVIC_SystemLPConfig                      0x080060e7   Thumb Code    34  misc.o(.text)
    SysTick_CLKSourceConfig                  0x08006109   Thumb Code    40  misc.o(.text)
    GPIO_DeInit                              0x08006145   Thumb Code   268  stm32f4xx_gpio.o(.text)
    GPIO_Init                                0x08006251   Thumb Code   144  stm32f4xx_gpio.o(.text)
    GPIO_StructInit                          0x080062e1   Thumb Code    18  stm32f4xx_gpio.o(.text)
    GPIO_PinLockConfig                       0x080062f3   Thumb Code    34  stm32f4xx_gpio.o(.text)
    GPIO_ReadInputDataBit                    0x08006315   Thumb Code    18  stm32f4xx_gpio.o(.text)
    GPIO_ReadInputData                       0x08006327   Thumb Code     8  stm32f4xx_gpio.o(.text)
    GPIO_ReadOutputDataBit                   0x0800632f   Thumb Code    18  stm32f4xx_gpio.o(.text)
    GPIO_ReadOutputData                      0x08006341   Thumb Code     8  stm32f4xx_gpio.o(.text)
    GPIO_SetBits                             0x08006349   Thumb Code     4  stm32f4xx_gpio.o(.text)
    GPIO_ResetBits                           0x0800634d   Thumb Code     4  stm32f4xx_gpio.o(.text)
    GPIO_WriteBit                            0x08006351   Thumb Code    10  stm32f4xx_gpio.o(.text)
    GPIO_Write                               0x0800635b   Thumb Code     4  stm32f4xx_gpio.o(.text)
    GPIO_ToggleBits                          0x0800635f   Thumb Code     8  stm32f4xx_gpio.o(.text)
    GPIO_PinAFConfig                         0x08006367   Thumb Code    70  stm32f4xx_gpio.o(.text)
    FSMC_NORSRAMDeInit                       0x080063d9   Thumb Code    54  stm32f4xx_fsmc.o(.text)
    FSMC_NORSRAMInit                         0x0800640f   Thumb Code   230  stm32f4xx_fsmc.o(.text)
    FSMC_NORSRAMStructInit                   0x080064f5   Thumb Code    48  stm32f4xx_fsmc.o(.text)
    FSMC_NORSRAMCmd                          0x08006525   Thumb Code    46  stm32f4xx_fsmc.o(.text)
    FSMC_NANDDeInit                          0x08006553   Thumb Code    62  stm32f4xx_fsmc.o(.text)
    FSMC_NANDInit                            0x08006591   Thumb Code   132  stm32f4xx_fsmc.o(.text)
    FSMC_NANDStructInit                      0x08006615   Thumb Code    54  stm32f4xx_fsmc.o(.text)
    FSMC_NANDCmd                             0x0800664b   Thumb Code    86  stm32f4xx_fsmc.o(.text)
    FSMC_NANDECCCmd                          0x080066a1   Thumb Code    86  stm32f4xx_fsmc.o(.text)
    FSMC_GetECC                              0x080066f7   Thumb Code    24  stm32f4xx_fsmc.o(.text)
    FSMC_PCCARDDeInit                        0x0800670f   Thumb Code    36  stm32f4xx_fsmc.o(.text)
    FSMC_PCCARDInit                          0x08006733   Thumb Code   130  stm32f4xx_fsmc.o(.text)
    FSMC_PCCARDStructInit                    0x080067b5   Thumb Code    60  stm32f4xx_fsmc.o(.text)
    FSMC_PCCARDCmd                           0x080067f1   Thumb Code    44  stm32f4xx_fsmc.o(.text)
    FSMC_ITConfig                            0x0800681d   Thumb Code   128  stm32f4xx_fsmc.o(.text)
    FSMC_GetFlagStatus                       0x0800689d   Thumb Code    54  stm32f4xx_fsmc.o(.text)
    FSMC_ClearFlag                           0x080068d3   Thumb Code    74  stm32f4xx_fsmc.o(.text)
    FSMC_GetITStatus                         0x0800691d   Thumb Code    62  stm32f4xx_fsmc.o(.text)
    FSMC_ClearITPendingBit                   0x0800695b   Thumb Code    66  stm32f4xx_fsmc.o(.text)
    RCC_DeInit                               0x080069a1   Thumb Code    82  stm32f4xx_rcc.o(.text)
    RCC_HSEConfig                            0x080069f3   Thumb Code    14  stm32f4xx_rcc.o(.text)
    RCC_GetFlagStatus                        0x08006a01   Thumb Code    60  stm32f4xx_rcc.o(.text)
    RCC_WaitForHSEStartUp                    0x08006a3d   Thumb Code    56  stm32f4xx_rcc.o(.text)
    RCC_AdjustHSICalibrationValue            0x08006a75   Thumb Code    20  stm32f4xx_rcc.o(.text)
    RCC_HSICmd                               0x08006a89   Thumb Code     6  stm32f4xx_rcc.o(.text)
    RCC_LSEConfig                            0x08006a8f   Thumb Code    46  stm32f4xx_rcc.o(.text)
    RCC_LSICmd                               0x08006abd   Thumb Code     6  stm32f4xx_rcc.o(.text)
    RCC_PLLConfig                            0x08006ac3   Thumb Code    32  stm32f4xx_rcc.o(.text)
    RCC_PLLCmd                               0x08006ae3   Thumb Code     6  stm32f4xx_rcc.o(.text)
    RCC_PLLI2SConfig                         0x08006ae9   Thumb Code    14  stm32f4xx_rcc.o(.text)
    RCC_PLLI2SCmd                            0x08006af7   Thumb Code     6  stm32f4xx_rcc.o(.text)
    RCC_PLLSAIConfig                         0x08006afd   Thumb Code    20  stm32f4xx_rcc.o(.text)
    RCC_PLLSAICmd                            0x08006b11   Thumb Code     6  stm32f4xx_rcc.o(.text)
    RCC_ClockSecuritySystemCmd               0x08006b17   Thumb Code     6  stm32f4xx_rcc.o(.text)
    RCC_MCO1Config                           0x08006b1d   Thumb Code    28  stm32f4xx_rcc.o(.text)
    RCC_MCO2Config                           0x08006b39   Thumb Code    28  stm32f4xx_rcc.o(.text)
    RCC_SYSCLKConfig                         0x08006b55   Thumb Code    20  stm32f4xx_rcc.o(.text)
    RCC_GetSYSCLKSource                      0x08006b69   Thumb Code    12  stm32f4xx_rcc.o(.text)
    RCC_HCLKConfig                           0x08006b75   Thumb Code    20  stm32f4xx_rcc.o(.text)
    RCC_PCLK1Config                          0x08006b89   Thumb Code    20  stm32f4xx_rcc.o(.text)
    RCC_PCLK2Config                          0x08006b9d   Thumb Code    22  stm32f4xx_rcc.o(.text)
    RCC_GetClocksFreq                        0x08006bb3   Thumb Code   222  stm32f4xx_rcc.o(.text)
    RCC_RTCCLKConfig                         0x08006c91   Thumb Code    54  stm32f4xx_rcc.o(.text)
    RCC_RTCCLKCmd                            0x08006cc7   Thumb Code     8  stm32f4xx_rcc.o(.text)
    RCC_BackupResetCmd                       0x08006ccf   Thumb Code     8  stm32f4xx_rcc.o(.text)
    RCC_I2SCLKConfig                         0x08006cd7   Thumb Code     6  stm32f4xx_rcc.o(.text)
    RCC_SAIPLLI2SClkDivConfig                0x08006cdd   Thumb Code    26  stm32f4xx_rcc.o(.text)
    RCC_SAIPLLSAIClkDivConfig                0x08006cf7   Thumb Code    28  stm32f4xx_rcc.o(.text)
    RCC_SAIBlockACLKConfig                   0x08006d13   Thumb Code    20  stm32f4xx_rcc.o(.text)
    RCC_SAIBlockBCLKConfig                   0x08006d27   Thumb Code    20  stm32f4xx_rcc.o(.text)
    RCC_LTDCCLKDivConfig                     0x08006d3b   Thumb Code    20  stm32f4xx_rcc.o(.text)
    RCC_TIMCLKPresConfig                     0x08006d4f   Thumb Code     6  stm32f4xx_rcc.o(.text)
    RCC_AHB1PeriphClockCmd                   0x08006d55   Thumb Code    34  stm32f4xx_rcc.o(.text)
    RCC_AHB2PeriphClockCmd                   0x08006d77   Thumb Code    78  stm32f4xx_rcc.o(.text)
    RCC_AHB3PeriphClockCmd                   0x08006dc5   Thumb Code    34  stm32f4xx_rcc.o(.text)
    RCC_APB1PeriphClockCmd                   0x08006de7   Thumb Code    34  stm32f4xx_rcc.o(.text)
    RCC_APB2PeriphClockCmd                   0x08006e09   Thumb Code    34  stm32f4xx_rcc.o(.text)
    RCC_AHB1PeriphResetCmd                   0x08006e2b   Thumb Code    34  stm32f4xx_rcc.o(.text)
    RCC_AHB2PeriphResetCmd                   0x08006e4d   Thumb Code    34  stm32f4xx_rcc.o(.text)
    RCC_AHB3PeriphResetCmd                   0x08006e6f   Thumb Code    34  stm32f4xx_rcc.o(.text)
    RCC_APB1PeriphResetCmd                   0x08006e91   Thumb Code    34  stm32f4xx_rcc.o(.text)
    RCC_APB2PeriphResetCmd                   0x08006eb3   Thumb Code    34  stm32f4xx_rcc.o(.text)
    RCC_AHB1PeriphClockLPModeCmd             0x08006ed5   Thumb Code    34  stm32f4xx_rcc.o(.text)
    RCC_AHB2PeriphClockLPModeCmd             0x08006ef7   Thumb Code    34  stm32f4xx_rcc.o(.text)
    RCC_AHB3PeriphClockLPModeCmd             0x08006f19   Thumb Code    34  stm32f4xx_rcc.o(.text)
    RCC_APB1PeriphClockLPModeCmd             0x08006f3b   Thumb Code    34  stm32f4xx_rcc.o(.text)
    RCC_APB2PeriphClockLPModeCmd             0x08006f5d   Thumb Code    34  stm32f4xx_rcc.o(.text)
    RCC_LSEModeConfig                        0x08006f7f   Thumb Code    40  stm32f4xx_rcc.o(.text)
    RCC_ITConfig                             0x08006fa7   Thumb Code    34  stm32f4xx_rcc.o(.text)
    RCC_ClearFlag                            0x08006fc9   Thumb Code    18  stm32f4xx_rcc.o(.text)
    RCC_GetITStatus                          0x08006fdb   Thumb Code    22  stm32f4xx_rcc.o(.text)
    RCC_ClearITPendingBit                    0x08006ff1   Thumb Code     8  stm32f4xx_rcc.o(.text)
    USART_DeInit                             0x08006ffd   Thumb Code   206  stm32f4xx_usart.o(.text)
    USART_Init                               0x080070cb   Thumb Code   204  stm32f4xx_usart.o(.text)
    USART_StructInit                         0x08007197   Thumb Code    24  stm32f4xx_usart.o(.text)
    USART_ClockInit                          0x080071af   Thumb Code    32  stm32f4xx_usart.o(.text)
    USART_ClockStructInit                    0x080071cf   Thumb Code    12  stm32f4xx_usart.o(.text)
    USART_Cmd                                0x080071db   Thumb Code    24  stm32f4xx_usart.o(.text)
    USART_SetPrescaler                       0x080071f3   Thumb Code    16  stm32f4xx_usart.o(.text)
    USART_OverSampling8Cmd                   0x08007203   Thumb Code    22  stm32f4xx_usart.o(.text)
    USART_OneBitMethodCmd                    0x08007219   Thumb Code    24  stm32f4xx_usart.o(.text)
    USART_SendData                           0x08007231   Thumb Code     8  stm32f4xx_usart.o(.text)
    USART_ReceiveData                        0x08007239   Thumb Code    10  stm32f4xx_usart.o(.text)
    USART_SetAddress                         0x08007243   Thumb Code    18  stm32f4xx_usart.o(.text)
    USART_ReceiverWakeUpCmd                  0x08007255   Thumb Code    24  stm32f4xx_usart.o(.text)
    USART_WakeUpConfig                       0x0800726d   Thumb Code    18  stm32f4xx_usart.o(.text)
    USART_LINBreakDetectLengthConfig         0x0800727f   Thumb Code    18  stm32f4xx_usart.o(.text)
    USART_LINCmd                             0x08007291   Thumb Code    24  stm32f4xx_usart.o(.text)
    USART_SendBreak                          0x080072a9   Thumb Code    10  stm32f4xx_usart.o(.text)
    USART_HalfDuplexCmd                      0x080072b3   Thumb Code    24  stm32f4xx_usart.o(.text)
    USART_SetGuardTime                       0x080072cb   Thumb Code    16  stm32f4xx_usart.o(.text)
    USART_SmartCardCmd                       0x080072db   Thumb Code    24  stm32f4xx_usart.o(.text)
    USART_SmartCardNACKCmd                   0x080072f3   Thumb Code    24  stm32f4xx_usart.o(.text)
    USART_IrDAConfig                         0x0800730b   Thumb Code    18  stm32f4xx_usart.o(.text)
    USART_IrDACmd                            0x0800731d   Thumb Code    24  stm32f4xx_usart.o(.text)
    USART_DMACmd                             0x08007335   Thumb Code    18  stm32f4xx_usart.o(.text)
    USART_ITConfig                           0x08007347   Thumb Code    74  stm32f4xx_usart.o(.text)
    USART_GetFlagStatus                      0x08007391   Thumb Code    26  stm32f4xx_usart.o(.text)
    USART_ClearFlag                          0x080073ab   Thumb Code    18  stm32f4xx_usart.o(.text)
    USART_GetITStatus                        0x080073bd   Thumb Code   118  stm32f4xx_usart.o(.text)
    USART_ClearITPendingBit                  0x08007433   Thumb Code    30  stm32f4xx_usart.o(.text)
    TIM_DeInit                               0x08007451   Thumb Code   346  stm32f4xx_tim.o(.text)
    TIM_TimeBaseInit                         0x080075ab   Thumb Code   104  stm32f4xx_tim.o(.text)
    TIM_TimeBaseStructInit                   0x08007613   Thumb Code    18  stm32f4xx_tim.o(.text)
    TIM_PrescalerConfig                      0x08007625   Thumb Code     6  stm32f4xx_tim.o(.text)
    TIM_CounterModeConfig                    0x0800762b   Thumb Code    18  stm32f4xx_tim.o(.text)
    TIM_SetCounter                           0x0800763d   Thumb Code     4  stm32f4xx_tim.o(.text)
    TIM_SetAutoreload                        0x08007641   Thumb Code     4  stm32f4xx_tim.o(.text)
    TIM_GetCounter                           0x08007645   Thumb Code     6  stm32f4xx_tim.o(.text)
    TIM_GetPrescaler                         0x0800764b   Thumb Code     6  stm32f4xx_tim.o(.text)
    TIM_UpdateDisableConfig                  0x08007651   Thumb Code    24  stm32f4xx_tim.o(.text)
    TIM_UpdateRequestConfig                  0x08007669   Thumb Code    24  stm32f4xx_tim.o(.text)
    TIM_ARRPreloadConfig                     0x08007681   Thumb Code    24  stm32f4xx_tim.o(.text)
    TIM_SelectOnePulseMode                   0x08007699   Thumb Code    18  stm32f4xx_tim.o(.text)
    TIM_SetClockDivision                     0x080076ab   Thumb Code    18  stm32f4xx_tim.o(.text)
    TIM_Cmd                                  0x080076bd   Thumb Code    24  stm32f4xx_tim.o(.text)
    TIM_OC1Init                              0x080076d5   Thumb Code   114  stm32f4xx_tim.o(.text)
    TIM_OC2Init                              0x08007747   Thumb Code   154  stm32f4xx_tim.o(.text)
    TIM_OC3Init                              0x080077e1   Thumb Code   204  stm32f4xx_tim.o(.text)
    TIM_OC4Init                              0x080078ad   Thumb Code   112  stm32f4xx_tim.o(.text)
    TIM_OCStructInit                         0x0800791d   Thumb Code    20  stm32f4xx_tim.o(.text)
    TIM_SelectOCxM                           0x08007931   Thumb Code    86  stm32f4xx_tim.o(.text)
    TIM_SetCompare1                          0x08007987   Thumb Code     4  stm32f4xx_tim.o(.text)
    TIM_SetCompare2                          0x0800798b   Thumb Code     4  stm32f4xx_tim.o(.text)
    TIM_SetCompare3                          0x0800798f   Thumb Code     4  stm32f4xx_tim.o(.text)
    TIM_SetCompare4                          0x08007993   Thumb Code     4  stm32f4xx_tim.o(.text)
    TIM_ForcedOC1Config                      0x08007997   Thumb Code    18  stm32f4xx_tim.o(.text)
    TIM_ForcedOC2Config                      0x080079a9   Thumb Code    26  stm32f4xx_tim.o(.text)
    TIM_ForcedOC3Config                      0x080079c3   Thumb Code    18  stm32f4xx_tim.o(.text)
    TIM_ForcedOC4Config                      0x080079d5   Thumb Code    26  stm32f4xx_tim.o(.text)
    TIM_OC1PreloadConfig                     0x080079ef   Thumb Code    18  stm32f4xx_tim.o(.text)
    TIM_OC2PreloadConfig                     0x08007a01   Thumb Code    26  stm32f4xx_tim.o(.text)
    TIM_OC3PreloadConfig                     0x08007a1b   Thumb Code    18  stm32f4xx_tim.o(.text)
    TIM_OC4PreloadConfig                     0x08007a2d   Thumb Code    26  stm32f4xx_tim.o(.text)
    TIM_OC1FastConfig                        0x08007a47   Thumb Code    18  stm32f4xx_tim.o(.text)
    TIM_OC2FastConfig                        0x08007a59   Thumb Code    26  stm32f4xx_tim.o(.text)
    TIM_OC3FastConfig                        0x08007a73   Thumb Code    18  stm32f4xx_tim.o(.text)
    TIM_OC4FastConfig                        0x08007a85   Thumb Code    26  stm32f4xx_tim.o(.text)
    TIM_ClearOC1Ref                          0x08007a9f   Thumb Code    18  stm32f4xx_tim.o(.text)
    TIM_ClearOC2Ref                          0x08007ab1   Thumb Code    24  stm32f4xx_tim.o(.text)
    TIM_ClearOC3Ref                          0x08007ac9   Thumb Code    18  stm32f4xx_tim.o(.text)
    TIM_ClearOC4Ref                          0x08007adb   Thumb Code    24  stm32f4xx_tim.o(.text)
    TIM_OC1PolarityConfig                    0x08007af3   Thumb Code    18  stm32f4xx_tim.o(.text)
    TIM_OC1NPolarityConfig                   0x08007b05   Thumb Code    18  stm32f4xx_tim.o(.text)
    TIM_OC2PolarityConfig                    0x08007b17   Thumb Code    26  stm32f4xx_tim.o(.text)
    TIM_OC2NPolarityConfig                   0x08007b31   Thumb Code    26  stm32f4xx_tim.o(.text)
    TIM_OC3PolarityConfig                    0x08007b4b   Thumb Code    26  stm32f4xx_tim.o(.text)
    TIM_OC3NPolarityConfig                   0x08007b65   Thumb Code    26  stm32f4xx_tim.o(.text)
    TIM_OC4PolarityConfig                    0x08007b7f   Thumb Code    26  stm32f4xx_tim.o(.text)
    TIM_CCxCmd                               0x08007b99   Thumb Code    30  stm32f4xx_tim.o(.text)
    TIM_CCxNCmd                              0x08007bb7   Thumb Code    30  stm32f4xx_tim.o(.text)
    TIM_SetIC4Prescaler                      0x08007bd5   Thumb Code    26  stm32f4xx_tim.o(.text)
    TIM_SetIC3Prescaler                      0x08007c3f   Thumb Code    18  stm32f4xx_tim.o(.text)
    TIM_SetIC2Prescaler                      0x08007c99   Thumb Code    26  stm32f4xx_tim.o(.text)
    TIM_SetIC1Prescaler                      0x08007d0d   Thumb Code    18  stm32f4xx_tim.o(.text)
    TIM_ICInit                               0x08007d59   Thumb Code   110  stm32f4xx_tim.o(.text)
    TIM_ICStructInit                         0x08007dc7   Thumb Code    18  stm32f4xx_tim.o(.text)
    TIM_PWMIConfig                           0x08007dd9   Thumb Code   124  stm32f4xx_tim.o(.text)
    TIM_GetCapture1                          0x08007e55   Thumb Code     6  stm32f4xx_tim.o(.text)
    TIM_GetCapture2                          0x08007e5b   Thumb Code     6  stm32f4xx_tim.o(.text)
    TIM_GetCapture3                          0x08007e61   Thumb Code     6  stm32f4xx_tim.o(.text)
    TIM_GetCapture4                          0x08007e67   Thumb Code     6  stm32f4xx_tim.o(.text)
    TIM_BDTRConfig                           0x08007e6d   Thumb Code    32  stm32f4xx_tim.o(.text)
    TIM_BDTRStructInit                       0x08007e8d   Thumb Code    18  stm32f4xx_tim.o(.text)
    TIM_CtrlPWMOutputs                       0x08007e9f   Thumb Code    30  stm32f4xx_tim.o(.text)
    TIM_SelectCOM                            0x08007ebd   Thumb Code    24  stm32f4xx_tim.o(.text)
    TIM_CCPreloadControl                     0x08007ed5   Thumb Code    24  stm32f4xx_tim.o(.text)
    TIM_ITConfig                             0x08007eed   Thumb Code    18  stm32f4xx_tim.o(.text)
    TIM_GenerateEvent                        0x08007eff   Thumb Code     4  stm32f4xx_tim.o(.text)
    TIM_GetFlagStatus                        0x08007f03   Thumb Code    18  stm32f4xx_tim.o(.text)
    TIM_ClearFlag                            0x08007f15   Thumb Code     6  stm32f4xx_tim.o(.text)
    TIM_GetITStatus                          0x08007f1b   Thumb Code    34  stm32f4xx_tim.o(.text)
    TIM_ClearITPendingBit                    0x08007f3d   Thumb Code     6  stm32f4xx_tim.o(.text)
    TIM_DMAConfig                            0x08007f43   Thumb Code    10  stm32f4xx_tim.o(.text)
    TIM_DMACmd                               0x08007f4d   Thumb Code    18  stm32f4xx_tim.o(.text)
    TIM_SelectCCDMA                          0x08007f5f   Thumb Code    24  stm32f4xx_tim.o(.text)
    TIM_InternalClockConfig                  0x08007f77   Thumb Code    12  stm32f4xx_tim.o(.text)
    TIM_SelectInputTrigger                   0x08007f83   Thumb Code    18  stm32f4xx_tim.o(.text)
    TIM_ITRxExternalClockConfig              0x08007f95   Thumb Code    24  stm32f4xx_tim.o(.text)
    TIM_TIxExternalClockConfig               0x08007fad   Thumb Code    62  stm32f4xx_tim.o(.text)
    TIM_ETRConfig                            0x08007feb   Thumb Code    28  stm32f4xx_tim.o(.text)
    TIM_ETRClockMode1Config                  0x08008007   Thumb Code    54  stm32f4xx_tim.o(.text)
    TIM_ETRClockMode2Config                  0x0800803d   Thumb Code    32  stm32f4xx_tim.o(.text)
    TIM_SelectOutputTrigger                  0x0800805d   Thumb Code    18  stm32f4xx_tim.o(.text)
    TIM_SelectSlaveMode                      0x0800806f   Thumb Code    18  stm32f4xx_tim.o(.text)
    TIM_SelectMasterSlaveMode                0x08008081   Thumb Code    18  stm32f4xx_tim.o(.text)
    TIM_EncoderInterfaceConfig               0x08008093   Thumb Code    66  stm32f4xx_tim.o(.text)
    TIM_SelectHallSensor                     0x080080d5   Thumb Code    24  stm32f4xx_tim.o(.text)
    TIM_RemapConfig                          0x080080ed   Thumb Code     6  stm32f4xx_tim.o(.text)
    SYSCFG_DeInit                            0x080080f5   Thumb Code    22  stm32f4xx_syscfg.o(.text)
    SYSCFG_MemoryRemapConfig                 0x0800810b   Thumb Code     6  stm32f4xx_syscfg.o(.text)
    SYSCFG_MemorySwappingBank                0x08008111   Thumb Code     6  stm32f4xx_syscfg.o(.text)
    SYSCFG_EXTILineConfig                    0x08008117   Thumb Code    66  stm32f4xx_syscfg.o(.text)
    SYSCFG_ETH_MediaInterfaceConfig          0x08008159   Thumb Code     8  stm32f4xx_syscfg.o(.text)
    SYSCFG_CompensationCellCmd               0x08008161   Thumb Code     6  stm32f4xx_syscfg.o(.text)
    SYSCFG_GetCompensationCellStatus         0x08008167   Thumb Code    22  stm32f4xx_syscfg.o(.text)
    SPI_I2S_DeInit                           0x08008189   Thumb Code   152  stm32f4xx_spi.o(.text)
    SPI_Init                                 0x08008221   Thumb Code    60  stm32f4xx_spi.o(.text)
    I2S_Init                                 0x0800825d   Thumb Code   396  stm32f4xx_spi.o(.text)
    SPI_StructInit                           0x080083e9   Thumb Code    24  stm32f4xx_spi.o(.text)
    I2S_StructInit                           0x08008401   Thumb Code    20  stm32f4xx_spi.o(.text)
    SPI_Cmd                                  0x08008415   Thumb Code    24  stm32f4xx_spi.o(.text)
    I2S_Cmd                                  0x0800842d   Thumb Code    24  stm32f4xx_spi.o(.text)
    SPI_DataSizeConfig                       0x08008445   Thumb Code    18  stm32f4xx_spi.o(.text)
    SPI_BiDirectionalLineConfig              0x08008457   Thumb Code    28  stm32f4xx_spi.o(.text)
    SPI_NSSInternalSoftwareConfig            0x08008473   Thumb Code    30  stm32f4xx_spi.o(.text)
    SPI_SSOutputCmd                          0x08008491   Thumb Code    24  stm32f4xx_spi.o(.text)
    SPI_TIModeCmd                            0x080084a9   Thumb Code    24  stm32f4xx_spi.o(.text)
    I2S_FullDuplexConfig                     0x080084c1   Thumb Code    80  stm32f4xx_spi.o(.text)
    SPI_I2S_ReceiveData                      0x08008511   Thumb Code     6  stm32f4xx_spi.o(.text)
    SPI_I2S_SendData                         0x08008517   Thumb Code     4  stm32f4xx_spi.o(.text)
    SPI_CalculateCRC                         0x0800851b   Thumb Code    24  stm32f4xx_spi.o(.text)
    SPI_TransmitCRC                          0x08008533   Thumb Code    10  stm32f4xx_spi.o(.text)
    SPI_GetCRC                               0x0800853d   Thumb Code    16  stm32f4xx_spi.o(.text)
    SPI_GetCRCPolynomial                     0x0800854d   Thumb Code     6  stm32f4xx_spi.o(.text)
    SPI_I2S_DMACmd                           0x08008553   Thumb Code    18  stm32f4xx_spi.o(.text)
    SPI_I2S_ITConfig                         0x08008565   Thumb Code    68  stm32f4xx_spi.o(.text)
    SPI_I2S_GetFlagStatus                    0x080085a9   Thumb Code    18  stm32f4xx_spi.o(.text)
    SPI_I2S_ClearFlag                        0x080085bb   Thumb Code     6  stm32f4xx_spi.o(.text)
    SPI_I2S_GetITStatus                      0x080085c1   Thumb Code    52  stm32f4xx_spi.o(.text)
    SPI_I2S_ClearITPendingBit                0x080085f5   Thumb Code    20  stm32f4xx_spi.o(.text)
    EXTI_DeInit                              0x08008609   Thumb Code    28  stm32f4xx_exti.o(.text)
    EXTI_Init                                0x08008625   Thumb Code   142  stm32f4xx_exti.o(.text)
    EXTI_StructInit                          0x080086b3   Thumb Code    16  stm32f4xx_exti.o(.text)
    EXTI_GenerateSWInterrupt                 0x080086c3   Thumb Code    16  stm32f4xx_exti.o(.text)
    EXTI_GetFlagStatus                       0x080086d3   Thumb Code    22  stm32f4xx_exti.o(.text)
    EXTI_ClearFlag                           0x080086e9   Thumb Code     8  stm32f4xx_exti.o(.text)
    EXTI_GetITStatus                         0x080086f1   Thumb Code    22  stm32f4xx_exti.o(.text)
    EXTI_ClearITPendingBit                   0x08008707   Thumb Code     8  stm32f4xx_exti.o(.text)
    usmart_sys_cmd_exe                       0x08008719   Thumb Code  1554  usmart.o(.text)
    usmart_reset_runtime                     0x08008d2b   Thumb Code    38  usmart.o(.text)
    usmart_get_runtime                       0x08008d51   Thumb Code    60  usmart.o(.text)
    TIM4_IRQHandler                          0x08008d8d   Thumb Code    46  usmart.o(.text)
    Timer4_Init                              0x08008dbb   Thumb Code    86  usmart.o(.text)
    usmart_init                              0x08008e11   Thumb Code    36  usmart.o(.text)
    usmart_cmd_rec                           0x08008e35   Thumb Code   170  usmart.o(.text)
    usmart_exe                               0x08008edf   Thumb Code   868  usmart.o(.text)
    usmart_scan                              0x08009243   Thumb Code   120  usmart.o(.text)
    read_addr                                0x080092bb   Thumb Code     6  usmart.o(.text)
    write_addr                               0x080092c1   Thumb Code     4  usmart.o(.text)
    usmart_strcmp                            0x0800934d   Thumb Code    34  usmart_str.o(.text)
    usmart_strcopy                           0x0800936f   Thumb Code    22  usmart_str.o(.text)
    usmart_strlen                            0x08009385   Thumb Code    24  usmart_str.o(.text)
    usmart_pow                               0x0800939d   Thumb Code    22  usmart_str.o(.text)
    usmart_str2num                           0x080093b3   Thumb Code   202  usmart_str.o(.text)
    usmart_get_cmdname                       0x0800947d   Thumb Code    54  usmart_str.o(.text)
    usmart_search_nextc                      0x080094b3   Thumb Code    22  usmart_str.o(.text)
    usmart_get_fname                         0x080094c9   Thumb Code   440  usmart_str.o(.text)
    usmart_get_aparm                         0x08009681   Thumb Code   200  usmart_str.o(.text)
    usmart_get_parmpos                       0x08009749   Thumb Code    26  usmart_str.o(.text)
    usmart_get_fparam                        0x08009763   Thumb Code   262  usmart_str.o(.text)
    mymemcpy                                 0x08009875   Thumb Code    26  malloc.o(.text)
    mymemset                                 0x0800988f   Thumb Code    20  malloc.o(.text)
    my_mem_init                              0x080098a3   Thumb Code    54  malloc.o(.text)
    my_mem_perused                           0x080098d9   Thumb Code    54  malloc.o(.text)
    my_mem_malloc                            0x0800990f   Thumb Code   154  malloc.o(.text)
    my_mem_free                              0x080099a9   Thumb Code    94  malloc.o(.text)
    myfree                                   0x08009a07   Thumb Code    32  malloc.o(.text)
    mymalloc                                 0x08009a27   Thumb Code    36  malloc.o(.text)
    myrealloc                                0x08009a4b   Thumb Code    68  malloc.o(.text)
    lwip_comm_mem_free                       0x08009aa1   Thumb Code    24  lwip_comm.o(.text)
    lwip_comm_mem_malloc                     0x08009ab9   Thumb Code    60  lwip_comm.o(.text)
    lwip_comm_default_ip_set                 0x08009af5   Thumb Code   102  lwip_comm.o(.text)
    lwip_comm_init                           0x08009b5b   Thumb Code   104  lwip_comm.o(.text)
    lwip_pkt_handle                          0x08009bc3   Thumb Code    10  lwip_comm.o(.text)
    lwip_dhcp_process_handle                 0x08009bcd   Thumb Code   418  lwip_comm.o(.text)
    lwip_periodic_handle                     0x08009d6f   Thumb Code   138  lwip_comm.o(.text)
    etharp_tmr                               0x0800a003   Thumb Code   136  etharp.o(.text)
    etharp_cleanup_netif                     0x0800a38d   Thumb Code   336  etharp.o(.text)
    etharp_find_addr                         0x0800a4dd   Thumb Code   110  etharp.o(.text)
    etharp_request                           0x0800a78f   Thumb Code    36  etharp.o(.text)
    etharp_query                             0x0800a841   Thumb Code   660  etharp.o(.text)
    etharp_output                            0x0800aad5   Thumb Code   388  etharp.o(.text)
    ethernet_input                           0x0800ac59   Thumb Code   200  etharp.o(.text)
    ethernetif_input                         0x0800ae83   Thumb Code    44  ethernetif.o(.text)
    ethernetif_init                          0x0800aeaf   Thumb Code    56  ethernetif.o(.text)
    lwip_htons                               0x0800af99   Thumb Code    12  def.o(.text)
    lwip_ntohs                               0x0800afa5   Thumb Code    12  def.o(.text)
    lwip_htonl                               0x0800afb1   Thumb Code    26  def.o(.text)
    lwip_ntohl                               0x0800afcb   Thumb Code    12  def.o(.text)
    dhcp_renew                               0x0800b859   Thumb Code   134  dhcp.o(.text)
    dhcp_coarse_tmr                          0x0800b9a3   Thumb Code    62  dhcp.o(.text)
    dhcp_release                             0x0800badd   Thumb Code   162  dhcp.o(.text)
    dhcp_fine_tmr                            0x0800bd33   Thumb Code    64  dhcp.o(.text)
    dhcp_set_struct                          0x0800bde3   Thumb Code   106  dhcp.o(.text)
    dhcp_cleanup                             0x0800be4d   Thumb Code   188  dhcp.o(.text)
    dhcp_stop                                0x0800bf09   Thumb Code   108  dhcp.o(.text)
    dhcp_start                               0x0800c58f   Thumb Code   276  dhcp.o(.text)
    dhcp_inform                              0x0800c6a3   Thumb Code   192  dhcp.o(.text)
    dhcp_network_changed                     0x0800c763   Thumb Code   150  dhcp.o(.text)
    dhcp_arp_reply                           0x0800c877   Thumb Code    68  dhcp.o(.text)
    lwip_init                                0x0800c8c5   Thumb Code    28  init.o(.text)
    mem_init                                 0x0800c9bb   Thumb Code    78  mem.o(.text)
    mem_free                                 0x0800ca09   Thumb Code   148  mem.o(.text)
    mem_trim                                 0x0800ca9d   Thumb Code   308  mem.o(.text)
    mem_malloc                               0x0800cbd1   Thumb Code   740  mem.o(.text)
    mem_calloc                               0x0800ceb5   Thumb Code    34  mem.o(.text)
    memp_get_memorysize                      0x0800cf85   Thumb Code     8  memp.o(.text)
    memp_init                                0x0800cf8d   Thumb Code    86  memp.o(.text)
    memp_malloc                              0x0800cfe3   Thumb Code    88  memp.o(.text)
    memp_free                                0x0800d03b   Thumb Code    58  memp.o(.text)
    netif_init                               0x0800d139   Thumb Code     2  netif.o(.text)
    netif_set_gw                             0x0800d13b   Thumb Code    12  netif.o(.text)
    netif_set_netmask                        0x0800d147   Thumb Code    12  netif.o(.text)
    netif_set_ipaddr                         0x0800d153   Thumb Code   110  netif.o(.text)
    netif_set_addr                           0x0800d1c1   Thumb Code    40  netif.o(.text)
    netif_add                                0x0800d1e9   Thumb Code   120  netif.o(.text)
    netif_set_default                        0x0800d261   Thumb Code     6  netif.o(.text)
    netif_set_down                           0x0800d267   Thumb Code    42  netif.o(.text)
    netif_remove                             0x0800d291   Thumb Code    90  netif.o(.text)
    netif_find                               0x0800d2eb   Thumb Code    64  netif.o(.text)
    netif_set_up                             0x0800d32b   Thumb Code    54  netif.o(.text)
    netif_set_link_up                        0x0800d361   Thumb Code    66  netif.o(.text)
    netif_set_link_down                      0x0800d3a3   Thumb Code    24  netif.o(.text)
    pbuf_free                                0x0800d439   Thumb Code   244  pbuf.o(.text)
    pbuf_alloc                               0x0800d52d   Thumb Code   644  pbuf.o(.text)
    pbuf_alloced_custom                      0x0800d7b1   Thumb Code   674  pbuf.o(.text)
    pbuf_realloc                             0x0800da53   Thumb Code   268  pbuf.o(.text)
    pbuf_header                              0x0800db5f   Thumb Code   206  pbuf.o(.text)
    pbuf_clen                                0x0800dc2d   Thumb Code    18  pbuf.o(.text)
    pbuf_ref                                 0x0800dc3f   Thumb Code    10  pbuf.o(.text)
    pbuf_cat                                 0x0800dc49   Thumb Code   138  pbuf.o(.text)
    pbuf_chain                               0x0800dcd3   Thumb Code    22  pbuf.o(.text)
    pbuf_dechain                             0x0800dce9   Thumb Code   122  pbuf.o(.text)
    pbuf_copy                                0x0800dd63   Thumb Code   814  pbuf.o(.text)
    pbuf_copy_partial                        0x0800e091   Thumb Code   190  pbuf.o(.text)
    pbuf_take                                0x0800e14f   Thumb Code   210  pbuf.o(.text)
    pbuf_coalesce                            0x0800e221   Thumb Code    84  pbuf.o(.text)
    pbuf_get_at                              0x0800e275   Thumb Code    46  pbuf.o(.text)
    pbuf_memcmp                              0x0800e2a3   Thumb Code    96  pbuf.o(.text)
    pbuf_memfind                             0x0800e303   Thumb Code    76  pbuf.o(.text)
    pbuf_strstr                              0x0800e34f   Thumb Code    60  pbuf.o(.text)
    raw_input                                0x0800e475   Thumb Code   102  raw.o(.text)
    raw_bind                                 0x0800e4db   Thumb Code    16  raw.o(.text)
    raw_connect                              0x0800e4eb   Thumb Code    16  raw.o(.text)
    raw_recv                                 0x0800e4fb   Thumb Code     6  raw.o(.text)
    raw_sendto                               0x0800e501   Thumb Code   178  raw.o(.text)
    raw_send                                 0x0800e5b3   Thumb Code    18  raw.o(.text)
    raw_remove                               0x0800e5c5   Thumb Code    60  raw.o(.text)
    raw_new                                  0x0800e601   Thumb Code    42  raw.o(.text)
    tcp_init                                 0x0800e6b1   Thumb Code     2  tcp.o(.text)
    tcp_seg_free                             0x0800e6b3   Thumb Code    26  tcp.o(.text)
    tcp_segs_free                            0x0800e6cd   Thumb Code    24  tcp.o(.text)
    tcp_pcb_purge                            0x0800e6e5   Thumb Code    64  tcp.o(.text)
    tcp_slowtmr                              0x0800e725   Thumb Code  1424  tcp.o(.text)
    tcp_pcb_remove                           0x0800ecb5   Thumb Code   192  tcp.o(.text)
    tcp_close                                0x0800ef41   Thumb Code    28  tcp.o(.text)
    tcp_update_rcv_ann_wnd                   0x0800ef5d   Thumb Code   106  tcp.o(.text)
    tcp_recved                               0x0800efc7   Thumb Code   132  tcp.o(.text)
    tcp_recv_null                            0x0800f04b   Thumb Code   298  tcp.o(.text)
    tcp_process_refused_data                 0x0800f175   Thumb Code   140  tcp.o(.text)
    tcp_fasttmr                              0x0800f201   Thumb Code   110  tcp.o(.text)
    tcp_tmr                                  0x0800f26f   Thumb Code    30  tcp.o(.text)
    tcp_shutdown                             0x0800f28d   Thumb Code    98  tcp.o(.text)
    tcp_abandon                              0x0800f2ef   Thumb Code   164  tcp.o(.text)
    tcp_abort                                0x0800f393   Thumb Code    14  tcp.o(.text)
    tcp_bind                                 0x0800f401   Thumb Code   166  tcp.o(.text)
    tcp_listen_with_backlog                  0x0800f4af   Thumb Code   222  tcp.o(.text)
    tcp_eff_send_mss                         0x0800f58d   Thumb Code    46  tcp.o(.text)
    tcp_next_iss                             0x0800f5bb   Thumb Code    20  tcp.o(.text)
    tcp_connect                              0x0800f5cf   Thumb Code   580  tcp.o(.text)
    tcp_setprio                              0x0800f813   Thumb Code     4  tcp.o(.text)
    tcp_alloc                                0x0800f895   Thumb Code   174  tcp.o(.text)
    tcp_new                                  0x0800f943   Thumb Code    10  tcp.o(.text)
    tcp_arg                                  0x0800f94d   Thumb Code     4  tcp.o(.text)
    tcp_recv                                 0x0800f951   Thumb Code    42  tcp.o(.text)
    tcp_sent                                 0x0800f97b   Thumb Code    42  tcp.o(.text)
    tcp_err                                  0x0800f9a5   Thumb Code    44  tcp.o(.text)
    tcp_accept                               0x0800f9d1   Thumb Code     4  tcp.o(.text)
    tcp_poll                                 0x0800f9d5   Thumb Code    50  tcp.o(.text)
    tcp_debug_state_str                      0x0800fa07   Thumb Code    10  tcp.o(.text)
    tcp_input                                0x08010c15   Thumb Code  1682  tcp_in.o(.text)
    tcp_enqueue_flags                        0x080113e9   Thumb Code   396  tcp_out.o(.text)
    tcp_send_fin                             0x08011575   Thumb Code    74  tcp_out.o(.text)
    tcp_write                                0x0801184b   Thumb Code  1564  tcp_out.o(.text)
    tcp_send_empty_ack                       0x08011e67   Thumb Code    96  tcp_out.o(.text)
    tcp_output                               0x08011fa7   Thumb Code   662  tcp_out.o(.text)
    tcp_rst                                  0x0801223d   Thumb Code   172  tcp_out.o(.text)
    tcp_rexmit_rto                           0x080122e9   Thumb Code    58  tcp_out.o(.text)
    tcp_rexmit                               0x08012323   Thumb Code    90  tcp_out.o(.text)
    tcp_rexmit_fast                          0x0801237d   Thumb Code   112  tcp_out.o(.text)
    tcp_keepalive                            0x080123ed   Thumb Code    86  tcp_out.o(.text)
    tcp_zero_window_probe                    0x08012443   Thumb Code   182  tcp_out.o(.text)
    sys_timeout                              0x080124f9   Thumb Code   174  timers.o(.text)
    tcp_timer_needed                         0x080125cf   Thumb Code    38  timers.o(.text)
    sys_timeouts_init                        0x0801264d   Thumb Code    60  timers.o(.text)
    sys_untimeout                            0x08012689   Thumb Code    90  timers.o(.text)
    sys_check_timeouts                       0x080126e3   Thumb Code    92  timers.o(.text)
    sys_restart_timeouts                     0x0801273f   Thumb Code    12  timers.o(.text)
    udp_init                                 0x08012809   Thumb Code     2  udp.o(.text)
    udp_input                                0x0801285b   Thumb Code   518  udp.o(.text)
    udp_bind                                 0x08012a61   Thumb Code   146  udp.o(.text)
    udp_sendto_if                            0x08012af3   Thumb Code   466  udp.o(.text)
    udp_sendto                               0x08012cc5   Thumb Code    46  udp.o(.text)
    udp_send                                 0x08012cf3   Thumb Code    20  udp.o(.text)
    udp_connect                              0x08012d07   Thumb Code    94  udp.o(.text)
    udp_disconnect                           0x08012d65   Thumb Code    16  udp.o(.text)
    udp_recv                                 0x08012d75   Thumb Code     6  udp.o(.text)
    udp_remove                               0x08012d7b   Thumb Code    60  udp.o(.text)
    udp_new                                  0x08012db7   Thumb Code    28  udp.o(.text)
    icmp_input                               0x08012dd9   Thumb Code   506  icmp.o(.text)
    icmp_dest_unreach                        0x0801305b   Thumb Code    18  icmp.o(.text)
    icmp_time_exceeded                       0x0801306d   Thumb Code    18  icmp.o(.text)
    inet_chksum_pseudo                       0x08013253   Thumb Code   162  inet_chksum.o(.text)
    inet_chksum_pseudo_partial               0x080132f5   Thumb Code   210  inet_chksum.o(.text)
    inet_chksum                              0x080133c7   Thumb Code    20  inet_chksum.o(.text)
    inet_chksum_pbuf                         0x080133db   Thumb Code    86  inet_chksum.o(.text)
    ip_route                                 0x08013499   Thumb Code    76  ip.o(.text)
    ip_input                                 0x080134e5   Thumb Code   440  ip.o(.text)
    ip_output_if                             0x0801369d   Thumb Code   306  ip.o(.text)
    ip_output                                0x080137cf   Thumb Code    80  ip.o(.text)
    ip4_addr_isbroadcast                     0x080138cd   Thumb Code    78  ip_addr.o(.text)
    ip4_addr_netmask_valid                   0x0801391b   Thumb Code    56  ip_addr.o(.text)
    ipaddr_aton                              0x08013953   Thumb Code   364  ip_addr.o(.text)
    ipaddr_addr                              0x08013abf   Thumb Code    24  ip_addr.o(.text)
    ipaddr_ntoa_r                            0x08013ad7   Thumb Code   168  ip_addr.o(.text)
    ipaddr_ntoa                              0x08013b7f   Thumb Code    16  ip_addr.o(.text)
    ip_reass_tmr                             0x08013d49   Thumb Code    48  ip_frag.o(.text)
    ip_reass                                 0x08014189   Thumb Code   386  ip_frag.o(.text)
    ip_frag                                  0x08014391   Thumb Code   618  ip_frag.o(.text)
    sys_now                                  0x080145fd   Thumb Code     6  sys_arch.o(.text)
    __use_no_semihosting                     0x08014609   Thumb Code     2  use_no_semi_2.o(.text)
    __2printf                                0x0801460d   Thumb Code    20  noretval__2printf.o(.text)
    __2sprintf                               0x08014625   Thumb Code    34  noretval__2sprintf.o(.text)
    _printf_pre_padding                      0x0801464d   Thumb Code    44  _printf_pad.o(.text)
    _printf_post_padding                     0x08014679   Thumb Code    34  _printf_pad.o(.text)
    _printf_str                              0x0801469b   Thumb Code    82  _printf_str.o(.text)
    _printf_int_dec                          0x080146ed   Thumb Code   104  _printf_dec.o(.text)
    _printf_int_hex                          0x08014765   Thumb Code    84  _printf_hex_int.o(.text)
    _printf_longlong_hex                     0x08014765   Thumb Code     0  _printf_hex_int.o(.text)
    __printf                                 0x080147bd   Thumb Code   388  __printf_flags_ss_wp.o(.text)
    memcmp                                   0x08014945   Thumb Code    88  memcmp.o(.text)
    strlen                                   0x0801499d   Thumb Code    62  strlen.o(.text)
    __aeabi_memcpy                           0x080149db   Thumb Code     0  rt_memcpy_v6.o(.text)
    __rt_memcpy                              0x080149db   Thumb Code   138  rt_memcpy_v6.o(.text)
    _memcpy_lastbytes                        0x08014a41   Thumb Code     0  rt_memcpy_v6.o(.text)
    __aeabi_memclr                           0x08014a65   Thumb Code     0  rt_memclr.o(.text)
    __rt_memclr                              0x08014a65   Thumb Code    68  rt_memclr.o(.text)
    _memset                                  0x08014a69   Thumb Code     0  rt_memclr.o(.text)
    __aeabi_memclr4                          0x08014aa9   Thumb Code     0  rt_memclr_w.o(.text)
    __aeabi_memclr8                          0x08014aa9   Thumb Code     0  rt_memclr_w.o(.text)
    __rt_memclr_w                            0x08014aa9   Thumb Code    78  rt_memclr_w.o(.text)
    _memset_w                                0x08014aad   Thumb Code     0  rt_memclr_w.o(.text)
    __use_two_region_memory                  0x08014af7   Thumb Code     2  heapauxi.o(.text)
    __rt_heap_escrow$2region                 0x08014af9   Thumb Code     2  heapauxi.o(.text)
    __rt_heap_expand$2region                 0x08014afb   Thumb Code     2  heapauxi.o(.text)
    __I$use$semihosting                      0x08014afd   Thumb Code     0  use_no_semi.o(.text)
    __use_no_semihosting_swi                 0x08014afd   Thumb Code     2  use_no_semi.o(.text)
    _printf_int_common                       0x08014aff   Thumb Code   178  _printf_intcommon.o(.text)
    _printf_char_common                      0x08014bbb   Thumb Code    32  _printf_char_common.o(.text)
    _sputc                                   0x08014be1   Thumb Code    10  _sputc.o(.text)
    _printf_cs_common                        0x08014beb   Thumb Code    20  _printf_char.o(.text)
    _printf_char                             0x08014bff   Thumb Code    16  _printf_char.o(.text)
    _printf_string                           0x08014c0f   Thumb Code     8  _printf_char.o(.text)
    _printf_char_file                        0x08014c19   Thumb Code    32  _printf_char_file.o(.text)
    __aeabi_memcpy4                          0x08014c3d   Thumb Code     0  rt_memcpy_w.o(.text)
    __aeabi_memcpy8                          0x08014c3d   Thumb Code     0  rt_memcpy_w.o(.text)
    __rt_memcpy_w                            0x08014c3d   Thumb Code   100  rt_memcpy_w.o(.text)
    _memcpy_lastbytes_aligned                0x08014c85   Thumb Code     0  rt_memcpy_w.o(.text)
    ferror                                   0x08014ca1   Thumb Code     8  ferror.o(.text)
    __user_setup_stackheap                   0x08014ca9   Thumb Code    74  sys_stackheap_outer.o(.text)
    exit                                     0x08014cf3   Thumb Code    18  exit.o(.text)
    __user_libspace                          0x08014d05   Thumb Code     8  libspace.o(.text)
    __user_perproc_libspace                  0x08014d05   Thumb Code     0  libspace.o(.text)
    __user_perthread_libspace                0x08014d05   Thumb Code     0  libspace.o(.text)
    _is_digit                                0x08014d0d   Thumb Code    14  __printf_wp.o(i._is_digit)
    __aeabi_d2uiz                            0x08014d1d   Thumb Code     0  dfixu.o(x$fpl$dfixu)
    _dfixu                                   0x08014d1d   Thumb Code    90  dfixu.o(x$fpl$dfixu)
    __aeabi_ui2d                             0x08014d77   Thumb Code     0  dflt_clz.o(x$fpl$dfltu)
    _dfltu                                   0x08014d77   Thumb Code    38  dflt_clz.o(x$fpl$dfltu)
    __aeabi_dmul                             0x08014d9d   Thumb Code     0  dmul.o(x$fpl$dmul)
    _dmul                                    0x08014d9d   Thumb Code   332  dmul.o(x$fpl$dmul)
    __fpl_dnaninf                            0x08014ef1   Thumb Code   156  dnaninf.o(x$fpl$dnaninf)
    __fpl_dretinf                            0x08014f8d   Thumb Code    12  dretinf.o(x$fpl$dretinf)
    _fp_init                                 0x08014f99   Thumb Code    10  fpinit.o(x$fpl$fpinit)
    __fplib_config_fpu_vfp                   0x08014fa1   Thumb Code     0  fpinit.o(x$fpl$fpinit)
    __fplib_config_pureend_doubles           0x08014fa1   Thumb Code     0  fpinit.o(x$fpl$fpinit)
    __I$use$fp                               0x08014fa2   Number         0  usenofp.o(x$fpl$usenofp)
    asc2_1206                                0x08014fa2   Data        1140  lcd.o(.constdata)
    asc2_1608                                0x08015416   Data        1520  lcd.o(.constdata)
    asc2_2412                                0x08015a06   Data        3420  lcd.o(.constdata)
    FSMC_DefaultTimingStruct                 0x08016764   Data          28  stm32f4xx_fsmc.o(.constdata)
    memtblsize                               0x08016780   Data          12  malloc.o(.constdata)
    memblksize                               0x0801678c   Data          12  malloc.o(.constdata)
    memsize                                  0x08016798   Data          12  malloc.o(.constdata)
    ethbroadcast                             0x080167a4   Data           6  etharp.o(.constdata)
    ethzero                                  0x080167aa   Data           6  etharp.o(.constdata)
    tcp_state_str                            0x080167d8   Data          44  tcp.o(.constdata)
    tcp_backoff                              0x08016804   Data          13  tcp.o(.constdata)
    tcp_persist_backoff                      0x08016811   Data           7  tcp.o(.constdata)
    tcp_pcb_lists                            0x08016818   Data          16  tcp.o(.constdata)
    ip_addr_any                              0x08016828   Data           4  ip_addr.o(.constdata)
    ip_addr_broadcast                        0x0801682c   Data           4  ip_addr.o(.constdata)
    Region$$Table$$Base                      0x08016cfc   Number         0  anon$$obj.o(Region$$Table)
    Region$$Table$$Limit                     0x08016d1c   Number         0  anon$$obj.o(Region$$Table)
    mem3base                                 0x10000000   Data       61440  malloc.o(.ARM.__AT_0x10000000)
    mem3mapbase                              0x1000f000   Data        3840  malloc.o(.ARM.__AT_0x1000F000)
    SystemCoreClock                          0x20000004   Data           4  system_stm32f4xx.o(.data)
    AHBPrescTable                            0x20000008   Data          16  system_stm32f4xx.o(.data)
    POINT_COLOR                              0x20000018   Data           2  lcd.o(.data)
    BACK_COLOR                               0x2000001a   Data           2  lcd.o(.data)
    __stdout                                 0x20000020   Data           4  usart.o(.data)
    USART_RX_STA                             0x20000024   Data           2  usart.o(.data)
    sys_cmd_tab                              0x20000038   Data          28  usmart.o(.data)
    usmart_nametab                           0x20000054   Data         136  usmart_config.o(.data)
    usmart_dev                               0x200000dc   Data         244  usmart_config.o(.data)
    mallco_dev                               0x200001d0   Data          36  malloc.o(.data)
    TCPTimer                                 0x200001f4   Data           4  lwip_comm.o(.data)
    ARPTimer                                 0x200001f8   Data           4  lwip_comm.o(.data)
    lwip_localtime                           0x200001fc   Data           4  lwip_comm.o(.data)
    DHCPfineTimer                            0x20000200   Data           4  lwip_comm.o(.data)
    DHCPcoarseTimer                          0x20000204   Data           4  lwip_comm.o(.data)
    ram_heap                                 0x20000210   Data           4  mem.o(.data)
    memp_memory                              0x20000220   Data           4  memp.o(.data)
    netif_list                               0x20000224   Data           4  netif.o(.data)
    netif_default                            0x20000228   Data           4  netif.o(.data)
    tcp_ticks                                0x20000238   Data           4  tcp.o(.data)
    tcp_bound_pcbs                           0x2000023c   Data           4  tcp.o(.data)
    tcp_listen_pcbs                          0x20000240   Data           4  tcp.o(.data)
    tcp_active_pcbs                          0x20000244   Data           4  tcp.o(.data)
    tcp_tw_pcbs                              0x20000248   Data           4  tcp.o(.data)
    tcp_tmp_pcb                              0x2000024c   Data           4  tcp.o(.data)
    tcp_active_pcbs_changed                  0x20000250   Data           1  tcp.o(.data)
    tcp_input_pcb                            0x20000274   Data           4  tcp_in.o(.data)
    udp_pcbs                                 0x20000288   Data           4  udp.o(.data)
    current_netif                            0x2000028c   Data           4  ip.o(.data)
    current_header                           0x20000290   Data           4  ip.o(.data)
    current_iphdr_src                        0x20000294   Data           4  ip.o(.data)
    current_iphdr_dest                       0x20000298   Data           4  ip.o(.data)
    lcddev                                   0x200002a8   Data          14  lcd.o(.bss)
    enc28j60_dev                             0x200002b8   Data          16  enc28j60.o(.bss)
    USART_RX_BUF                             0x200002c8   Data         200  usart.o(.bss)
    mem1base                                 0x200003a0   Data       102400  malloc.o(.bss)
    mem1mapbase                              0x200193a0   Data        6400  malloc.o(.bss)
    lwipdev                                  0x2001aca0   Data          23  lwip_comm.o(.bss)
    lwip_netif                               0x2001acb8   Data          52  lwip_comm.o(.bss)
    dhcp_rx_options_val                      0x2001adb4   Data          40  dhcp.o(.bss)
    dhcp_rx_options_given                    0x2001addc   Data          10  dhcp.o(.bss)
    __libspace_start                         0x2001ae30   Data          96  libspace.o(.bss)
    __temporary_stack_top$libspace           0x2001ae90   Data           0  libspace.o(.bss)
    mem2base                                 0x68000000   Data       983040  malloc.o(.ARM.__AT_0x68000000)
    mem2mapbase                              0x680f0000   Data       61440  malloc.o(.ARM.__AT_0x680F0000)



==============================================================================

Memory Map of the image

  Image Entry point : 0x08000189

  Load Region LR_IROM1 (Base: 0x08000000, Size: 0x00016fc4, Max: 0x00080000, ABSOLUTE, COMPRESSED[0x00016dfc])

    Execution Region ER_IROM1 (Base: 0x08000000, Size: 0x00016d1c, Max: 0x00080000, ABSOLUTE)

    Base Addr    Size         Type   Attr      Idx    E Section Name        Object

    0x08000000   0x00000188   Data   RO          491    RESET               startup_stm32f40_41xxx.o
    0x08000188   0x00000008   Code   RO         1492  * !!!main             c_w.l(__main.o)
    0x08000190   0x00000034   Code   RO         1685    !!!scatter          c_w.l(__scatter.o)
    0x080001c4   0x0000005a   Code   RO         1683    !!dczerorl2         c_w.l(__dczerorl2.o)
    0x0800021e   0x00000002   PAD
    0x08000220   0x0000001c   Code   RO         1687    !!handler_zi        c_w.l(__scatter_zi.o)
    0x0800023c   0x00000000   Code   RO         1479    .ARM.Collect$$_printf_percent$$00000000  c_w.l(_printf_percent.o)
    0x0800023c   0x00000006   Code   RO         1477    .ARM.Collect$$_printf_percent$$00000009  c_w.l(_printf_d.o)
    0x08000242   0x00000006   Code   RO         1478    .ARM.Collect$$_printf_percent$$0000000A  c_w.l(_printf_u.o)
    0x08000248   0x00000006   Code   RO         1476    .ARM.Collect$$_printf_percent$$0000000C  c_w.l(_printf_x.o)
    0x0800024e   0x00000006   Code   RO         1474    .ARM.Collect$$_printf_percent$$00000013  c_w.l(_printf_c.o)
    0x08000254   0x00000006   Code   RO         1475    .ARM.Collect$$_printf_percent$$00000014  c_w.l(_printf_s.o)
    0x0800025a   0x00000004   Code   RO         1519    .ARM.Collect$$_printf_percent$$00000017  c_w.l(_printf_percent_end.o)
    0x0800025e   0x00000002   Code   RO         1557    .ARM.Collect$$libinit$$00000000  c_w.l(libinit.o)
    0x08000260   0x00000004   Code   RO         1563    .ARM.Collect$$libinit$$00000001  c_w.l(libinit2.o)
    0x08000264   0x00000000   Code   RO         1566    .ARM.Collect$$libinit$$00000004  c_w.l(libinit2.o)
    0x08000264   0x00000000   Code   RO         1569    .ARM.Collect$$libinit$$0000000A  c_w.l(libinit2.o)
    0x08000264   0x00000000   Code   RO         1571    .ARM.Collect$$libinit$$0000000C  c_w.l(libinit2.o)
    0x08000264   0x00000000   Code   RO         1573    .ARM.Collect$$libinit$$0000000E  c_w.l(libinit2.o)
    0x08000264   0x00000000   Code   RO         1576    .ARM.Collect$$libinit$$00000011  c_w.l(libinit2.o)
    0x08000264   0x00000000   Code   RO         1578    .ARM.Collect$$libinit$$00000013  c_w.l(libinit2.o)
    0x08000264   0x00000000   Code   RO         1580    .ARM.Collect$$libinit$$00000015  c_w.l(libinit2.o)
    0x08000264   0x00000000   Code   RO         1582    .ARM.Collect$$libinit$$00000017  c_w.l(libinit2.o)
    0x08000264   0x00000000   Code   RO         1584    .ARM.Collect$$libinit$$00000019  c_w.l(libinit2.o)
    0x08000264   0x00000000   Code   RO         1586    .ARM.Collect$$libinit$$0000001B  c_w.l(libinit2.o)
    0x08000264   0x00000000   Code   RO         1588    .ARM.Collect$$libinit$$0000001D  c_w.l(libinit2.o)
    0x08000264   0x00000000   Code   RO         1590    .ARM.Collect$$libinit$$0000001F  c_w.l(libinit2.o)
    0x08000264   0x00000000   Code   RO         1592    .ARM.Collect$$libinit$$00000021  c_w.l(libinit2.o)
    0x08000264   0x00000000   Code   RO         1594    .ARM.Collect$$libinit$$00000023  c_w.l(libinit2.o)
    0x08000264   0x00000000   Code   RO         1596    .ARM.Collect$$libinit$$00000025  c_w.l(libinit2.o)
    0x08000264   0x00000000   Code   RO         1600    .ARM.Collect$$libinit$$0000002C  c_w.l(libinit2.o)
    0x08000264   0x00000000   Code   RO         1602    .ARM.Collect$$libinit$$0000002E  c_w.l(libinit2.o)
    0x08000264   0x00000000   Code   RO         1604    .ARM.Collect$$libinit$$00000030  c_w.l(libinit2.o)
    0x08000264   0x00000000   Code   RO         1606    .ARM.Collect$$libinit$$00000032  c_w.l(libinit2.o)
    0x08000264   0x00000002   Code   RO         1607    .ARM.Collect$$libinit$$00000033  c_w.l(libinit2.o)
    0x08000266   0x00000002   Code   RO         1625    .ARM.Collect$$libshutdown$$00000000  c_w.l(libshutdown.o)
    0x08000268   0x00000000   Code   RO         1635    .ARM.Collect$$libshutdown$$00000002  c_w.l(libshutdown2.o)
    0x08000268   0x00000000   Code   RO         1637    .ARM.Collect$$libshutdown$$00000004  c_w.l(libshutdown2.o)
    0x08000268   0x00000000   Code   RO         1640    .ARM.Collect$$libshutdown$$00000007  c_w.l(libshutdown2.o)
    0x08000268   0x00000000   Code   RO         1643    .ARM.Collect$$libshutdown$$0000000A  c_w.l(libshutdown2.o)
    0x08000268   0x00000000   Code   RO         1645    .ARM.Collect$$libshutdown$$0000000C  c_w.l(libshutdown2.o)
    0x08000268   0x00000000   Code   RO         1648    .ARM.Collect$$libshutdown$$0000000F  c_w.l(libshutdown2.o)
    0x08000268   0x00000002   Code   RO         1649    .ARM.Collect$$libshutdown$$00000010  c_w.l(libshutdown2.o)
    0x0800026a   0x00000000   Code   RO         1508    .ARM.Collect$$rtentry$$00000000  c_w.l(__rtentry.o)
    0x0800026a   0x00000000   Code   RO         1528    .ARM.Collect$$rtentry$$00000002  c_w.l(__rtentry2.o)
    0x0800026a   0x00000006   Code   RO         1540    .ARM.Collect$$rtentry$$00000004  c_w.l(__rtentry4.o)
    0x08000270   0x00000000   Code   RO         1530    .ARM.Collect$$rtentry$$00000009  c_w.l(__rtentry2.o)
    0x08000270   0x00000004   Code   RO         1531    .ARM.Collect$$rtentry$$0000000A  c_w.l(__rtentry2.o)
    0x08000274   0x00000000   Code   RO         1533    .ARM.Collect$$rtentry$$0000000C  c_w.l(__rtentry2.o)
    0x08000274   0x00000008   Code   RO         1534    .ARM.Collect$$rtentry$$0000000D  c_w.l(__rtentry2.o)
    0x0800027c   0x00000002   Code   RO         1561    .ARM.Collect$$rtexit$$00000000  c_w.l(rtexit.o)
    0x0800027e   0x00000000   Code   RO         1609    .ARM.Collect$$rtexit$$00000002  c_w.l(rtexit2.o)
    0x0800027e   0x00000004   Code   RO         1610    .ARM.Collect$$rtexit$$00000003  c_w.l(rtexit2.o)
    0x08000282   0x00000006   Code   RO         1611    .ARM.Collect$$rtexit$$00000004  c_w.l(rtexit2.o)
    0x08000288   0x00000010   Code   RO          442    .emb_text           sys.o
    0x08000298   0x000002f0   Code   RO            3    .text               main.o
    0x08000588   0x0000001a   Code   RO          213    .text               stm32f4xx_it.o
    0x080005a2   0x00000002   PAD
    0x080005a4   0x00000210   Code   RO          262    .text               system_stm32f4xx.o
    0x080007b4   0x0000003c   Code   RO          288    .text               led.o
    0x080007f0   0x00004c80   Code   RO          308    .text               lcd.o
    0x08005470   0x00000098   Code   RO          346    .text               timer.o
    0x08005508   0x000007a8   Code   RO          371    .text               enc28j60.o
    0x08005cb0   0x0000011c   Code   RO          400    .text               spi.o
    0x08005dcc   0x00000104   Code   RO          420    .text               delay.o
    0x08005ed0   0x00000154   Code   RO          460    .text               usart.o
    0x08006024   0x00000040   Code   RO          492    .text               startup_stm32f40_41xxx.o
    0x08006064   0x000000e0   Code   RO          498    .text               misc.o
    0x08006144   0x00000294   Code   RO          518    .text               stm32f4xx_gpio.o
    0x080063d8   0x000005c8   Code   RO          538    .text               stm32f4xx_fsmc.o
    0x080069a0   0x0000065c   Code   RO          561    .text               stm32f4xx_rcc.o
    0x08006ffc   0x00000454   Code   RO          583    .text               stm32f4xx_usart.o
    0x08007450   0x00000ca2   Code   RO          603    .text               stm32f4xx_tim.o
    0x080080f2   0x00000002   PAD
    0x080080f4   0x00000094   Code   RO          623    .text               stm32f4xx_syscfg.o
    0x08008188   0x00000480   Code   RO          643    .text               stm32f4xx_spi.o
    0x08008608   0x00000110   Code   RO          663    .text               stm32f4xx_exti.o
    0x08008718   0x00000c34   Code   RO          683    .text               usmart.o
    0x0800934c   0x00000528   Code   RO          728    .text               usmart_str.o
    0x08009874   0x0000022c   Code   RO          748    .text               malloc.o
    0x08009aa0   0x00000528   Code   RO          780    .text               lwip_comm.o
    0x08009fc8   0x00000dc0   Code   RO          859    .text               etharp.o
    0x0800ad88   0x00000210   Code   RO          894    .text               ethernetif.o
    0x0800af98   0x0000003e   Code   RO          930    .text               def.o
    0x0800afd6   0x00000002   PAD
    0x0800afd8   0x000018ec   Code   RO          942    .text               dhcp.o
    0x0800c8c4   0x0000001c   Code   RO          968    .text               init.o
    0x0800c8e0   0x000006a4   Code   RO         1015    .text               mem.o
    0x0800cf84   0x000001b4   Code   RO         1030    .text               memp.o
    0x0800d138   0x00000300   Code   RO         1059    .text               netif.o
    0x0800d438   0x0000103c   Code   RO         1081    .text               pbuf.o
    0x0800e474   0x0000023c   Code   RO         1096    .text               raw.o
    0x0800e6b0   0x0000141c   Code   RO         1116    .text               tcp.o
    0x0800facc   0x000017da   Code   RO         1143    .text               tcp_in.o
    0x080112a6   0x00000002   PAD
    0x080112a8   0x00001250   Code   RO         1169    .text               tcp_out.o
    0x080124f8   0x00000310   Code   RO         1182    .text               timers.o
    0x08012808   0x000005d0   Code   RO         1196    .text               udp.o
    0x08012dd8   0x0000041c   Code   RO         1231    .text               icmp.o
    0x080131f4   0x000002a4   Code   RO         1262    .text               inet_chksum.o
    0x08013498   0x00000434   Code   RO         1277    .text               ip.o
    0x080138cc   0x0000032c   Code   RO         1298    .text               ip_addr.o
    0x08013bf8   0x00000a02   Code   RO         1321    .text               ip_frag.o
    0x080145fa   0x00000002   PAD
    0x080145fc   0x0000000c   Code   RO         1337    .text               sys_arch.o
    0x08014608   0x00000002   Code   RO         1415    .text               c_w.l(use_no_semi_2.o)
    0x0801460a   0x00000002   PAD
    0x0801460c   0x00000018   Code   RO         1421    .text               c_w.l(noretval__2printf.o)
    0x08014624   0x00000028   Code   RO         1423    .text               c_w.l(noretval__2sprintf.o)
    0x0801464c   0x0000004e   Code   RO         1427    .text               c_w.l(_printf_pad.o)
    0x0801469a   0x00000052   Code   RO         1429    .text               c_w.l(_printf_str.o)
    0x080146ec   0x00000078   Code   RO         1431    .text               c_w.l(_printf_dec.o)
    0x08014764   0x00000058   Code   RO         1436    .text               c_w.l(_printf_hex_int.o)
    0x080147bc   0x00000188   Code   RO         1471    .text               c_w.l(__printf_flags_ss_wp.o)
    0x08014944   0x00000058   Code   RO         1480    .text               c_w.l(memcmp.o)
    0x0801499c   0x0000003e   Code   RO         1482    .text               c_w.l(strlen.o)
    0x080149da   0x0000008a   Code   RO         1484    .text               c_w.l(rt_memcpy_v6.o)
    0x08014a64   0x00000044   Code   RO         1486    .text               c_w.l(rt_memclr.o)
    0x08014aa8   0x0000004e   Code   RO         1488    .text               c_w.l(rt_memclr_w.o)
    0x08014af6   0x00000006   Code   RO         1490    .text               c_w.l(heapauxi.o)
    0x08014afc   0x00000002   Code   RO         1506    .text               c_w.l(use_no_semi.o)
    0x08014afe   0x000000b2   Code   RO         1509    .text               c_w.l(_printf_intcommon.o)
    0x08014bb0   0x00000030   Code   RO         1511    .text               c_w.l(_printf_char_common.o)
    0x08014be0   0x0000000a   Code   RO         1513    .text               c_w.l(_sputc.o)
    0x08014bea   0x0000002c   Code   RO         1515    .text               c_w.l(_printf_char.o)
    0x08014c16   0x00000002   PAD
    0x08014c18   0x00000024   Code   RO         1517    .text               c_w.l(_printf_char_file.o)
    0x08014c3c   0x00000064   Code   RO         1520    .text               c_w.l(rt_memcpy_w.o)
    0x08014ca0   0x00000008   Code   RO         1544    .text               c_w.l(ferror.o)
    0x08014ca8   0x0000004a   Code   RO         1548    .text               c_w.l(sys_stackheap_outer.o)
    0x08014cf2   0x00000012   Code   RO         1550    .text               c_w.l(exit.o)
    0x08014d04   0x00000008   Code   RO         1558    .text               c_w.l(libspace.o)
    0x08014d0c   0x0000000e   Code   RO         1464    i._is_digit         c_w.l(__printf_wp.o)
    0x08014d1a   0x00000002   PAD
    0x08014d1c   0x0000005a   Code   RO         1494    x$fpl$dfixu         fz_wm.l(dfixu.o)
    0x08014d76   0x00000026   Code   RO         1498    x$fpl$dfltu         fz_wm.l(dflt_clz.o)
    0x08014d9c   0x00000154   Code   RO         1504    x$fpl$dmul          fz_wm.l(dmul.o)
    0x08014ef0   0x0000009c   Code   RO         1522    x$fpl$dnaninf       fz_wm.l(dnaninf.o)
    0x08014f8c   0x0000000c   Code   RO         1524    x$fpl$dretinf       fz_wm.l(dretinf.o)
    0x08014f98   0x0000000a   Code   RO         1617    x$fpl$fpinit        fz_wm.l(fpinit.o)
    0x08014fa2   0x00000000   Code   RO         1526    x$fpl$usenofp       fz_wm.l(usenofp.o)
    0x08014fa2   0x000017c0   Data   RO          310    .constdata          lcd.o
    0x08016762   0x00000002   PAD
    0x08016764   0x0000001c   Data   RO          539    .constdata          stm32f4xx_fsmc.o
    0x08016780   0x00000024   Data   RO          754    .constdata          malloc.o
    0x080167a4   0x0000000c   Data   RO          861    .constdata          etharp.o
    0x080167b0   0x00000028   Data   RO         1032    .constdata          memp.o
    0x080167d8   0x00000050   Data   RO         1117    .constdata          tcp.o
    0x08016828   0x00000008   Data   RO         1300    .constdata          ip_addr.o
    0x08016830   0x00000028   Data   RO         1437    .constdata          c_w.l(_printf_hex_int.o)
    0x08016858   0x00000011   Data   RO         1472    .constdata          c_w.l(__printf_flags_ss_wp.o)
    0x08016869   0x00000003   PAD
    0x0801686c   0x00000028   Data   RO          684    .conststring        usmart.o
    0x08016894   0x000002c7   Data   RO          707    .conststring        usmart_config.o
    0x08016b5b   0x00000001   PAD
    0x08016b5c   0x00000044   Data   RO          862    .conststring        etharp.o
    0x08016ba0   0x0000008c   Data   RO          944    .conststring        dhcp.o
    0x08016c2c   0x00000075   Data   RO         1118    .conststring        tcp.o
    0x08016ca1   0x00000003   PAD
    0x08016ca4   0x00000055   Data   RO         1170    .conststring        tcp_out.o
    0x08016cf9   0x00000003   PAD
    0x08016cfc   0x00000020   Data   RO         1681    Region$$Table       anon$$obj.o


    Execution Region RW_IRAM1 (Base: 0x20000000, Size: 0x0001b490, Max: 0x00020000, ABSOLUTE, COMPRESSED[0x000000e0])

    Base Addr    Size         Type   Attr      Idx    E Section Name        Object

    0x20000000   0x00000004   Data   RW            4    .data               main.o
    0x20000004   0x00000014   Data   RW          263    .data               system_stm32f4xx.o
    0x20000018   0x00000004   Data   RW          311    .data               lcd.o
    0x2000001c   0x00000004   Data   RW          421    .data               delay.o
    0x20000020   0x00000006   Data   RW          462    .data               usart.o
    0x20000026   0x00000010   Data   RW          562    .data               stm32f4xx_rcc.o
    0x20000036   0x00000002   PAD
    0x20000038   0x0000001c   Data   RW          685    .data               usmart.o
    0x20000054   0x0000017c   Data   RW          708    .data               usmart_config.o
    0x200001d0   0x00000024   Data   RW          755    .data               malloc.o
    0x200001f4   0x00000014   Data   RW          782    .data               lwip_comm.o
    0x20000208   0x00000001   Data   RW          863    .data               etharp.o
    0x20000209   0x00000003   PAD
    0x2000020c   0x00000004   Data   RW          945    .data               dhcp.o
    0x20000210   0x00000010   Data   RW         1016    .data               mem.o
    0x20000220   0x00000004   Data   RW         1033    .data               memp.o
    0x20000224   0x00000009   Data   RW         1060    .data               netif.o
    0x2000022d   0x00000003   PAD
    0x20000230   0x00000004   Data   RW         1097    .data               raw.o
    0x20000234   0x00000024   Data   RW         1119    .data               tcp.o
    0x20000258   0x00000020   Data   RW         1145    .data               tcp_in.o
    0x20000278   0x0000000c   Data   RW         1183    .data               timers.o
    0x20000284   0x00000008   Data   RW         1197    .data               udp.o
    0x2000028c   0x00000012   Data   RW         1278    .data               ip.o
    0x2000029e   0x00000002   PAD
    0x200002a0   0x00000006   Data   RW         1322    .data               ip_frag.o
    0x200002a6   0x00000002   PAD
    0x200002a8   0x0000000e   Zero   RW          309    .bss                lcd.o
    0x200002b6   0x00000002   PAD
    0x200002b8   0x00000010   Zero   RW          372    .bss                enc28j60.o
    0x200002c8   0x000000c8   Zero   RW          461    .bss                usart.o
    0x20000390   0x00000010   PAD
    0x200003a0   0x0001a900   Zero   RW          753    .bss                malloc.o
    0x2001aca0   0x0000004c   Zero   RW          781    .bss                lwip_comm.o
    0x2001acec   0x000000c8   Zero   RW          860    .bss                etharp.o
    0x2001adb4   0x00000032   Zero   RW          943    .bss                dhcp.o
    0x2001ade6   0x00000002   PAD
    0x2001ade8   0x00000028   Zero   RW         1031    .bss                memp.o
    0x2001ae10   0x00000010   Zero   RW         1144    .bss                tcp_in.o
    0x2001ae20   0x00000010   Zero   RW         1299    .bss                ip_addr.o
    0x2001ae30   0x00000060   Zero   RW         1559    .bss                c_w.l(libspace.o)
    0x2001ae90   0x00000200   Zero   RW          490    HEAP                startup_stm32f40_41xxx.o
    0x2001b090   0x00000400   Zero   RW          489    STACK               startup_stm32f40_41xxx.o



  Load Region LR$$.ARM.__AT_0x10000000 (Base: 0x10000000, Size: 0x00000000, Max: 0x0000f000, ABSOLUTE)

    Execution Region ER$$.ARM.__AT_0x10000000 (Base: 0x10000000, Size: 0x0000f000, Max: 0x0000f000, ABSOLUTE, UNINIT)

    Base Addr    Size         Type   Attr      Idx    E Section Name        Object

    0x10000000   0x0000f000   Zero   RW          749    .ARM.__AT_0x10000000  malloc.o



  Load Region LR$$.ARM.__AT_0x1000F000 (Base: 0x1000f000, Size: 0x00000000, Max: 0x00000f00, ABSOLUTE)

    Execution Region ER$$.ARM.__AT_0x1000F000 (Base: 0x1000f000, Size: 0x00000f00, Max: 0x00000f00, ABSOLUTE, UNINIT)

    Base Addr    Size         Type   Attr      Idx    E Section Name        Object

    0x1000f000   0x00000f00   Zero   RW          750    .ARM.__AT_0x1000F000  malloc.o



  Load Region LR$$.ARM.__AT_0x68000000 (Base: 0x68000000, Size: 0x00000000, Max: 0x000f0000, ABSOLUTE)

    Execution Region ER$$.ARM.__AT_0x68000000 (Base: 0x68000000, Size: 0x000f0000, Max: 0x000f0000, ABSOLUTE, UNINIT)

    Base Addr    Size         Type   Attr      Idx    E Section Name        Object

    0x68000000   0x000f0000   Zero   RW          751    .ARM.__AT_0x68000000  malloc.o



  Load Region LR$$.ARM.__AT_0x680F0000 (Base: 0x680f0000, Size: 0x00000000, Max: 0x0000f000, ABSOLUTE)

    Execution Region ER$$.ARM.__AT_0x680F0000 (Base: 0x680f0000, Size: 0x0000f000, Max: 0x0000f000, ABSOLUTE, UNINIT)

    Base Addr    Size         Type   Attr      Idx    E Section Name        Object

    0x680f0000   0x0000f000   Zero   RW          752    .ARM.__AT_0x680F0000  malloc.o


==============================================================================

Image component sizes


      Code (inc. data)   RO Data    RW Data    ZI Data      Debug   Object Name

        62          0          0          0          0       1270   def.o
       260          8          0          4          0       1477   delay.o
      6380       1100        140          4         50      13566   dhcp.o
      1960        174          0          0         16      10485   enc28j60.o
      3520        596         80          1        200      10131   etharp.o
       528        178          0          0          0       4750   ethernetif.o
      1052        374          0          0          0       2670   icmp.o
         0          0          0          0          0       3820   inet.o
       676        104          0          0          0       3133   inet_chksum.o
        28          0          0          0          0       5363   init.o
      1076        174          0         18          0       6611   ip.o
       812        112          8          0         16       9523   ip_addr.o
      2562        484          0          6          0       6852   ip_frag.o
     19584        174       6080          4         14      22866   lcd.o
        60          4          0          0          0        523   led.o
      1320        464          0         20         76      21550   lwip_comm.o
       752        256          0          4          0     308821   main.o
       556         18         36         36    1218560       4985   malloc.o
      1700        532          0         16          0       4070   mem.o
       436        196         40          4         40       3604   memp.o
       224         20          0          0          0       1813   misc.o
       768        126          0          9          0       6541   netif.o
      4156       1234          0          0          0       9713   pbuf.o
       572        134          0          4          0       3477   raw.o
       284         10          0          0          0       1077   spi.o
        64         26        392          0       1536        828   startup_stm32f40_41xxx.o
       272         10          0          0          0       2283   stm32f4xx_exti.o
      1480         18         28          0          0       5642   stm32f4xx_fsmc.o
       660         44          0          0          0       4153   stm32f4xx_gpio.o
        26          0          0          0          0       1222   stm32f4xx_it.o
      1628         52          0         16          0      13028   stm32f4xx_rcc.o
      1152         36          0          0          0       6905   stm32f4xx_spi.o
       148         12          0          0          0       1841   stm32f4xx_syscfg.o
      3234         60          0          0          0      23012   stm32f4xx_tim.o
      1108         34          0          0          0       7880   stm32f4xx_usart.o
        16          0          0          0          0        484   sys.o
        12          6          0          0          0        470   sys_arch.o
       528         46          0         20          0       1771   system_stm32f4xx.o
      5148       1100        197         36          0      22055   tcp.o
      6106        938          0         32         16      15071   tcp_in.o
      4688        864         85          0          0      10067   tcp_out.o
       152         14          0          0          0        828   timer.o
       784        190          0         12          0       3167   timers.o
      1488        202          0          8          0      14525   udp.o
       340         18          0          6        200       3338   usart.o
      3124       1286         40         28          0       4414   usmart.o
         0          0        711        380          0       1520   usmart_config.o
      1320         12          0          0          0       5337   usmart_str.o

    ----------------------------------------------------------------------
     82816      11440       7878        680    1220744     618532   Object Totals
         0          0         32          0          0          0   (incl. Generated)
        10          0          9         12         20          0   (incl. Padding)

    ----------------------------------------------------------------------

      Code (inc. data)   RO Data    RW Data    ZI Data      Debug   Library Member Name

        90          0          0          0          0          0   __dczerorl2.o
         8          0          0          0          0         68   __main.o
       392          4         17          0          0         92   __printf_flags_ss_wp.o
        14          0          0          0          0         68   __printf_wp.o
         0          0          0          0          0          0   __rtentry.o
        12          0          0          0          0          0   __rtentry2.o
         6          0          0          0          0          0   __rtentry4.o
        52          8          0          0          0          0   __scatter.o
        28          0          0          0          0          0   __scatter_zi.o
         6          0          0          0          0          0   _printf_c.o
        44          0          0          0          0        108   _printf_char.o
        48          6          0          0          0         96   _printf_char_common.o
        36          4          0          0          0         80   _printf_char_file.o
         6          0          0          0          0          0   _printf_d.o
       120         16          0          0          0         92   _printf_dec.o
        88          4         40          0          0         88   _printf_hex_int.o
       178          0          0          0          0         88   _printf_intcommon.o
        78          0          0          0          0        108   _printf_pad.o
         0          0          0          0          0          0   _printf_percent.o
         4          0          0          0          0          0   _printf_percent_end.o
         6          0          0          0          0          0   _printf_s.o
        82          0          0          0          0         80   _printf_str.o
         6          0          0          0          0          0   _printf_u.o
         6          0          0          0          0          0   _printf_x.o
        10          0          0          0          0         68   _sputc.o
        18          0          0          0          0         80   exit.o
         8          0          0          0          0         68   ferror.o
         6          0          0          0          0        152   heapauxi.o
         2          0          0          0          0          0   libinit.o
         6          0          0          0          0          0   libinit2.o
         2          0          0          0          0          0   libshutdown.o
         2          0          0          0          0          0   libshutdown2.o
         8          4          0          0         96         68   libspace.o
        88          0          0          0          0         76   memcmp.o
        24          4          0          0          0         84   noretval__2printf.o
        40          6          0          0          0         84   noretval__2sprintf.o
        68          0          0          0          0         68   rt_memclr.o
        78          0          0          0          0         80   rt_memclr_w.o
       138          0          0          0          0         68   rt_memcpy_v6.o
       100          0          0          0          0         80   rt_memcpy_w.o
         2          0          0          0          0          0   rtexit.o
        10          0          0          0          0          0   rtexit2.o
        62          0          0          0          0         76   strlen.o
        74          0          0          0          0         80   sys_stackheap_outer.o
         2          0          0          0          0         68   use_no_semi.o
         2          0          0          0          0         68   use_no_semi_2.o
        90          4          0          0          0        140   dfixu.o
        38          0          0          0          0        116   dflt_clz.o
       340         12          0          0          0        152   dmul.o
       156          4          0          0          0        140   dnaninf.o
        12          0          0          0          0        116   dretinf.o
        10          0          0          0          0        116   fpinit.o
         0          0          0          0          0          0   usenofp.o

    ----------------------------------------------------------------------
      2714         76         60          0         96       3016   Library Totals
         8          0          3          0          0          0   (incl. Padding)

    ----------------------------------------------------------------------

      Code (inc. data)   RO Data    RW Data    ZI Data      Debug   Library Name

      2060         56         57          0         96       2236   c_w.l
       646         20          0          0          0        780   fz_wm.l

    ----------------------------------------------------------------------
      2714         76         60          0         96       3016   Library Totals

    ----------------------------------------------------------------------

==============================================================================


      Code (inc. data)   RO Data    RW Data    ZI Data      Debug   

     85530      11516       7938        680    1220840     610452   Grand Totals
     85530      11516       7938        224    1220840     610452   ELF Image Totals (compressed)
     85530      11516       7938        224          0          0   ROM Totals

==============================================================================

    Total RO  Size (Code + RO Data)                93468 (  91.28kB)
    Total RW  Size (RW Data + ZI Data)           1221520 (1192.89kB)
    Total ROM Size (Code + RO Data + RW Data)      93692 (  91.50kB)

==============================================================================

