<html>
<body>
<pre>
<h1>µVision Build Log</h1>
<h2>Tool Versions:</h2>
IDE-Version: ¦ÌVision V5.20.0.0
Copyright (C) 2016 ARM Ltd and ARM Germany GmbH. All rights reserved.
License Information: 1 1, 1, LIC=Q7GFW-QEH0A-77FRP-MHKEF-EYBSS-U7VYB
 
Tool Versions:
Toolchain:       MDK-ARM Professional  Version: 5.20
Toolchain Path:  D:\Keil_v5\ARM\ARMCC\Bin
C Compiler:      Armcc.exe V5.06 update 2 (build 183)
Assembler:       Armasm.exe V5.06 update 2 (build 183)
Linker/Locator:  ArmLink.exe V5.06 update 2 (build 183)
Library Manager: ArmAr.exe V5.06 update 2 (build 183)
Hex Converter:   FromElf.exe V5.06 update 2 (build 183)
CPU DLL:         SARMCM3.DLL V5.20
Dialog DLL:      DCM.DLL V1.13.7.0
Target DLL:      Segger\JL2CM3.dll V2.99.20.0
Dialog DLL:      TCM.DLL V1.14.9.0
 
<h2>Project:</h2>
G:\Desktop\webserver\F4\USER\UCOSII-3.uvprojx
Project File Date:  05/07/2017

<h2>Output:</h2>
*** Using Compiler 'V5.06 update 2 (build 183)', folder: 'D:\Keil_v5\ARM\ARMCC\Bin'
Rebuild target 'UCOSII-3'
compiling stm32f4xx_it.c...
compiling system_stm32f4xx.c...
compiling main.c...
main.c(387): warning:  #550-D: variable "flags" was set but never used
  	u16 flags;	
main.c: 1 warning, 0 errors
compiling led.c...
compiling key.c...
compiling lcd.c...
compiling beep.c...
compiling 24cxx.c...
compiling myiic.c...
compiling ctiic.c...
compiling ott2001a.c...
compiling gt9147.c...
compiling ft5206.c...
compiling tpad.c...
compiling enc28j60.c...
compiling touch.c...
compiling timer.c...
compiling spi.c...
compiling exti.c...
compiling sys.c...
compiling delay.c...
compiling usart.c...
assembling startup_stm32f40_41xxx.s...
compiling misc.c...
compiling stm32f4xx_gpio.c...
compiling stm32f4xx_fsmc.c...
compiling stm32f4xx_syscfg.c...
compiling stm32f4xx_rcc.c...
compiling stm32f4xx_usart.c...
compiling stm32f4xx_spi.c...
compiling stm32f4xx_exti.c...
compiling stm32f4xx_tim.c...
compiling malloc.c...
compiling os_core.c...
compiling os_flag.c...
compiling os_mbox.c...
compiling os_mem.c...
compiling os_mutex.c...
compiling os_task.c...
compiling os_sem.c...
compiling os_q.c...
assembling os_cpu_a.asm...
compiling os_time.c...
compiling os_cpu_c.c...
compiling os_tmr.c...
compiling httpd.c...
compiling lwip_comm.c...
compiling fs.c...
compiling httpd_cgi_ssi.c...
compiling etharp.c...
compiling ethernetif.c...
compiling def.c...
compiling dns.c...
compiling dhcp.c...
compiling mem.c...
compiling init.c...
compiling memp.c...
compiling netif.c...
compiling raw.c...
compiling pbuf.c...
compiling stats.c...
compiling tcp.c...
compiling tcp_in.c...
compiling tcp_out.c...
compiling timers.c...
compiling udp.c...
compiling autoip.c...
compiling igmp.c...
compiling icmp.c...
compiling inet.c...
compiling inet_chksum.c...
compiling ip.c...
compiling ip_addr.c...
compiling ip_frag.c...
compiling sys_arch.c...
compiling err.c...
compiling api_lib.c...
compiling api_msg.c...
compiling netdb.c...
compiling netbuf.c...
compiling netifapi.c...
compiling tcpip.c...
compiling sockets.c...
linking...
Program Size: Code=123342 RO-data=228190 RW-data=528 ZI-data=1230800  
FromELF: creating hex file...
"..\OBJ\UCOSII-3.axf" - 0 Error(s), 1 Warning(s).

<h2>Collection of Component include folders:</h2>
  G:\Desktop\webserver\F4\USER\RTE
  D:\Keil_v5\ARM\PACK\Keil\STM32F4xx_DFP\2.8.0\Drivers\CMSIS\Device\ST\STM32F4xx\Include

<h2>Collection of Component Files used:</h2>
Build Time Elapsed:  00:00:43
</pre>
</body>
</html>
