Component: ARM Compiler 5.06 update 2 (build 183) Tool: armlink [4d35b7]

==============================================================================

Section Cross References

    main.o(.text) refers to _printf_pad.o(.text) for _printf_pre_padding
    main.o(.text) refers to _printf_percent.o(.ARM.Collect$$_printf_percent$$00000000) for _printf_percent
    main.o(.text) refers to _printf_d.o(.ARM.Collect$$_printf_percent$$00000009) for _printf_d
    main.o(.text) refers to _printf_dec.o(.text) for _printf_int_dec
    main.o(.text) refers to _printf_s.o(.ARM.Collect$$_printf_percent$$00000014) for _printf_s
    main.o(.text) refers to _printf_str.o(.text) for _printf_str
    main.o(.text) refers to lcd.o(.text) for LCD_ShowxNum
    main.o(.text) refers to malloc.o(.text) for my_mem_perused
    main.o(.text) refers to noretval__2sprintf.o(.text) for __2sprintf
    main.o(.text) refers to os_q.o(.text) for OSQPost
    main.o(.text) refers to os_tmr.o(.text) for OSTmrStop
    main.o(.text) refers to noretval__2printf.o(.text) for __2printf
    main.o(.text) refers to os_task.o(.text) for OSTaskSuspend
    main.o(.text) refers to os_time.o(.text) for OSTimeDlyHMSM
    main.o(.text) refers to enc28j60.o(.text) for ENC28J60_Init
    main.o(.text) refers to os_mbox.o(.text) for OSMboxCreate
    main.o(.text) refers to os_flag.o(.text) for OSFlagCreate
    main.o(.text) refers to os_core.o(.text) for OSStatInit
    main.o(.text) refers to os_cpu_a.o(.text) for OS_CPU_SR_Save
    main.o(.text) refers to misc.o(.text) for NVIC_PriorityGroupConfig
    main.o(.text) refers to delay.o(.text) for delay_init
    main.o(.text) refers to usart.o(.text) for uart_init
    main.o(.text) refers to led.o(.text) for LED_Init
    main.o(.text) refers to key.o(.text) for KEY_Init
    main.o(.text) refers to lwip_comm.o(.text) for lwip_comm_init
    main.o(.text) refers to httpd.o(.text) for httpd_init
    main.o(.text) refers to lcd.o(.data) for POINT_COLOR
    main.o(.text) refers to main.o(.data) for tcnt
    main.o(.text) refers to os_core.o(.data) for OSCPUUsage
    main.o(.text) refers to lwip_comm.o(.bss) for lwipdev
    main.o(.text) refers to main.o(.bss) for MsgGrp
    main.o(.text) refers to lcd.o(.bss) for lcddev
    system_stm32f4xx.o(.text) refers to system_stm32f4xx.o(.data) for SystemCoreClock
    led.o(.text) refers to stm32f4xx_rcc.o(.text) for RCC_AHB1PeriphClockCmd
    led.o(.text) refers to stm32f4xx_gpio.o(.text) for GPIO_Init
    lcd.o(.text) refers to _printf_percent.o(.ARM.Collect$$_printf_percent$$00000000) for _printf_percent
    lcd.o(.text) refers to _printf_x.o(.ARM.Collect$$_printf_percent$$0000000C) for _printf_x
    lcd.o(.text) refers to _printf_hex_int.o(.text) for _printf_longlong_hex
    lcd.o(.text) refers to delay.o(.text) for delay_us
    lcd.o(.text) refers to lcd.o(.bss) for lcddev
    lcd.o(.text) refers to lcd.o(.data) for POINT_COLOR
    lcd.o(.text) refers to dflt_clz.o(x$fpl$dfltu) for __aeabi_ui2d
    lcd.o(.text) refers to dmul.o(x$fpl$dmul) for __aeabi_dmul
    lcd.o(.text) refers to dfixu.o(x$fpl$dfixu) for __aeabi_d2uiz
    lcd.o(.text) refers to stm32f4xx_rcc.o(.text) for RCC_AHB1PeriphClockCmd
    lcd.o(.text) refers to stm32f4xx_gpio.o(.text) for GPIO_Init
    lcd.o(.text) refers to stm32f4xx_fsmc.o(.text) for FSMC_NORSRAMInit
    lcd.o(.text) refers to noretval__2printf.o(.text) for __2printf
    lcd.o(.text) refers to lcd.o(.constdata) for asc2_1206
    key.o(.text) refers to stm32f4xx_rcc.o(.text) for RCC_AHB1PeriphClockCmd
    key.o(.text) refers to stm32f4xx_gpio.o(.text) for GPIO_Init
    key.o(.text) refers to delay.o(.text) for delay_ms
    key.o(.text) refers to key.o(.data) for key_up
    beep.o(.text) refers to stm32f4xx_rcc.o(.text) for RCC_AHB1PeriphClockCmd
    beep.o(.text) refers to stm32f4xx_gpio.o(.text) for GPIO_Init
    myiic.o(.text) refers to stm32f4xx_rcc.o(.text) for RCC_AHB1PeriphClockCmd
    myiic.o(.text) refers to stm32f4xx_gpio.o(.text) for GPIO_Init
    myiic.o(.text) refers to delay.o(.text) for delay_us
    24cxx.o(.text) refers to myiic.o(.text) for IIC_Init
    24cxx.o(.text) refers to delay.o(.text) for delay_ms
    ctiic.o(.text) refers to delay.o(.text) for delay_us
    ctiic.o(.text) refers to stm32f4xx_rcc.o(.text) for RCC_AHB1PeriphClockCmd
    ctiic.o(.text) refers to stm32f4xx_gpio.o(.text) for GPIO_Init
    gt9147.o(.text) refers to _printf_percent.o(.ARM.Collect$$_printf_percent$$00000000) for _printf_percent
    gt9147.o(.text) refers to _printf_s.o(.ARM.Collect$$_printf_percent$$00000014) for _printf_s
    gt9147.o(.text) refers to _printf_str.o(.text) for _printf_str
    gt9147.o(.text) refers to _printf_d.o(.ARM.Collect$$_printf_percent$$00000009) for _printf_d
    gt9147.o(.text) refers to _printf_dec.o(.text) for _printf_int_dec
    gt9147.o(.text) refers to ctiic.o(.text) for CT_IIC_Start
    gt9147.o(.text) refers to stm32f4xx_rcc.o(.text) for RCC_AHB1PeriphClockCmd
[...]
    TIM_SelectMasterSlaveMode                0x080084f9   Thumb Code    18  stm32f4xx_tim_1.o(.text)
    TIM_EncoderInterfaceConfig               0x0800850b   Thumb Code    66  stm32f4xx_tim_1.o(.text)
    TIM_SelectHallSensor                     0x0800854d   Thumb Code    24  stm32f4xx_tim_1.o(.text)
    TIM_RemapConfig                          0x08008565   Thumb Code     6  stm32f4xx_tim_1.o(.text)
    SPI_I2S_DeInit                           0x0800856d   Thumb Code   152  stm32f4xx_spi.o(.text)
    SPI_Init                                 0x08008605   Thumb Code    60  stm32f4xx_spi.o(.text)
    I2S_Init                                 0x08008641   Thumb Code   396  stm32f4xx_spi.o(.text)
    SPI_StructInit                           0x080087cd   Thumb Code    24  stm32f4xx_spi.o(.text)
    I2S_StructInit                           0x080087e5   Thumb Code    20  stm32f4xx_spi.o(.text)
    SPI_Cmd                                  0x080087f9   Thumb Code    24  stm32f4xx_spi.o(.text)
    I2S_Cmd                                  0x08008811   Thumb Code    24  stm32f4xx_spi.o(.text)
    SPI_DataSizeConfig                       0x08008829   Thumb Code    18  stm32f4xx_spi.o(.text)
    SPI_BiDirectionalLineConfig              0x0800883b   Thumb Code    28  stm32f4xx_spi.o(.text)
    SPI_NSSInternalSoftwareConfig            0x08008857   Thumb Code    30  stm32f4xx_spi.o(.text)
    SPI_SSOutputCmd                          0x08008875   Thumb Code    24  stm32f4xx_spi.o(.text)
    SPI_TIModeCmd                            0x0800888d   Thumb Code    24  stm32f4xx_spi.o(.text)
    I2S_FullDuplexConfig                     0x080088a5   Thumb Code    80  stm32f4xx_spi.o(.text)
    SPI_I2S_ReceiveData                      0x080088f5   Thumb Code     6  stm32f4xx_spi.o(.text)
    SPI_I2S_SendData                         0x080088fb   Thumb Code     4  stm32f4xx_spi.o(.text)
    SPI_CalculateCRC                         0x080088ff   Thumb Code    24  stm32f4xx_spi.o(.text)
    SPI_TransmitCRC                          0x08008917   Thumb Code    10  stm32f4xx_spi.o(.text)
    SPI_GetCRC                               0x08008921   Thumb Code    16  stm32f4xx_spi.o(.text)
    SPI_GetCRCPolynomial                     0x08008931   Thumb Code     6  stm32f4xx_spi.o(.text)
    SPI_I2S_DMACmd                           0x08008937   Thumb Code    18  stm32f4xx_spi.o(.text)
    SPI_I2S_ITConfig                         0x08008949   Thumb Code    68  stm32f4xx_spi.o(.text)
    SPI_I2S_GetFlagStatus                    0x0800898d   Thumb Code    18  stm32f4xx_spi.o(.text)
    SPI_I2S_ClearFlag                        0x0800899f   Thumb Code     6  stm32f4xx_spi.o(.text)
    SPI_I2S_GetITStatus                      0x080089a5   Thumb Code    52  stm32f4xx_spi.o(.text)
    SPI_I2S_ClearITPendingBit                0x080089d9   Thumb Code    20  stm32f4xx_spi.o(.text)
    EXTI_DeInit                              0x080089ed   Thumb Code    28  stm32f4xx_exti.o(.text)
    EXTI_Init                                0x08008a09   Thumb Code   142  stm32f4xx_exti.o(.text)
    EXTI_StructInit                          0x08008a97   Thumb Code    16  stm32f4xx_exti.o(.text)
    EXTI_GenerateSWInterrupt                 0x08008aa7   Thumb Code    16  stm32f4xx_exti.o(.text)
    EXTI_GetFlagStatus                       0x08008ab7   Thumb Code    22  stm32f4xx_exti.o(.text)
    EXTI_ClearFlag                           0x08008acd   Thumb Code     8  stm32f4xx_exti.o(.text)
    EXTI_GetITStatus                         0x08008ad5   Thumb Code    22  stm32f4xx_exti.o(.text)
    EXTI_ClearITPendingBit                   0x08008aeb   Thumb Code     8  stm32f4xx_exti.o(.text)
    mymemcpy                                 0x08008afd   Thumb Code    26  malloc.o(.text)
    mymemset                                 0x08008b17   Thumb Code    20  malloc.o(.text)
    my_mem_init                              0x08008b2b   Thumb Code    54  malloc.o(.text)
    my_mem_perused                           0x08008b61   Thumb Code    54  malloc.o(.text)
    my_mem_malloc                            0x08008b97   Thumb Code   154  malloc.o(.text)
    my_mem_free                              0x08008c31   Thumb Code    94  malloc.o(.text)
    myfree                                   0x08008c8f   Thumb Code    32  malloc.o(.text)
    mymalloc                                 0x08008caf   Thumb Code    36  malloc.o(.text)
    myrealloc                                0x08008cd3   Thumb Code    68  malloc.o(.text)
    OS_StrLen                                0x08008d29   Thumb Code    20  os_core.o(.text)
    OSEventNameGet                           0x08008d3d   Thumb Code    98  os_core.o(.text)
    OSEventNameSet                           0x08008d9f   Thumb Code    84  os_core.o(.text)
    OS_TaskStatStkChk                        0x08008df3   Thumb Code    54  os_core.o(.text)
    OS_TaskStat                              0x08008e29   Thumb Code   116  os_core.o(.text)
    OS_TaskIdle                              0x08008ed1   Thumb Code    34  os_core.o(.text)
    OS_MemClr                                0x08008f27   Thumb Code    18  os_core.o(.text)
    OSInit                                   0x0800904d   Thumb Code    48  os_core.o(.text)
    OSIntEnter                               0x0800907d   Thumb Code    28  os_core.o(.text)
    OSIntExit                                0x080090b3   Thumb Code   112  os_core.o(.text)
    OSSchedLock                              0x08009123   Thumb Code   204  os_core.o(.text)
    OS_Sched                                 0x080091ef   Thumb Code    88  os_core.o(.text)
    OSSchedUnlock                            0x08009247   Thumb Code    82  os_core.o(.text)
    OSStart                                  0x08009299   Thumb Code    48  os_core.o(.text)
    OSStatInit                               0x080092c9   Thumb Code    62  os_core.o(.text)
    OSTimeTick                               0x08009307   Thumb Code   210  os_core.o(.text)
    OSVersion                                0x080093d9   Thumb Code     6  os_core.o(.text)
    OS_Dummy                                 0x080093df   Thumb Code     2  os_core.o(.text)
    OS_EventTaskRemove                       0x080093e1   Thumb Code    42  os_core.o(.text)
    OS_EventTaskRdy                          0x0800940b   Thumb Code   114  os_core.o(.text)
    OS_EventTaskWait                         0x0800947d   Thumb Code   112  os_core.o(.text)
    OS_EventWaitListInit                     0x080094ed   Thumb Code    28  os_core.o(.text)
    OS_MemCopy                               0x08009509   Thumb Code    20  os_core.o(.text)
    OS_TCBInit                               0x0800951d   Thumb Code   358  os_core.o(.text)
    OSFlagAccept                             0x08009695   Thumb Code   252  os_flag.o(.text)
    OSFlagCreate                             0x08009791   Thumb Code    86  os_flag.o(.text)
    OS_FlagUnlink                            0x080097e7   Thumb Code    36  os_flag.o(.text)
    OSFlagDel                                0x0800985d   Thumb Code   214  os_flag.o(.text)
    OSFlagNameGet                            0x08009933   Thumb Code    80  os_flag.o(.text)
    OSFlagNameSet                            0x08009983   Thumb Code    66  os_flag.o(.text)
    OSFlagPend                               0x08009a5d   Thumb Code   614  os_flag.o(.text)
    OSFlagPendGetFlagsRdy                    0x08009cc3   Thumb Code    26  os_flag.o(.text)
    OSFlagPost                               0x08009cdd   Thumb Code   312  os_flag.o(.text)
    OSFlagQuery                              0x08009e15   Thumb Code    48  os_flag.o(.text)
    OS_FlagInit                              0x08009e45   Thumb Code    78  os_flag.o(.text)
    OSMboxAccept                             0x08009ea1   Thumb Code    38  os_mbox.o(.text)
    OSMboxCreate                             0x08009ec7   Thumb Code    72  os_mbox.o(.text)
    OSMboxDel                                0x08009f0f   Thumb Code   210  os_mbox.o(.text)
    OSMboxPend                               0x08009fe1   Thumb Code   246  os_mbox.o(.text)
    OSMboxPendAbort                          0x0800a0d7   Thumb Code   128  os_mbox.o(.text)
    OSMboxPost                               0x0800a157   Thumb Code    80  os_mbox.o(.text)
    OSMboxPostOpt                            0x0800a1a7   Thumb Code   120  os_mbox.o(.text)
    OSMboxQuery                              0x0800a21f   Thumb Code    76  os_mbox.o(.text)
    OSQAccept                                0x0800a281   Thumb Code    88  os_q.o(.text)
    OSQCreate                                0x0800a2d9   Thumb Code   144  os_q.o(.text)
    OSQDel                                   0x0800a369   Thumb Code   244  os_q.o(.text)
    OSQFlush                                 0x0800a45d   Thumb Code    36  os_q.o(.text)
    OSQPend                                  0x0800a481   Thumb Code   272  os_q.o(.text)
    OSQPendAbort                             0x0800a591   Thumb Code   128  os_q.o(.text)
    OSQPost                                  0x0800a611   Thumb Code   114  os_q.o(.text)
    OSQPostFront                             0x0800a683   Thumb Code   140  os_q.o(.text)
    OSQPostOpt                               0x0800a70f   Thumb Code   182  os_q.o(.text)
    OSQQuery                                 0x0800a7c5   Thumb Code    98  os_q.o(.text)
    OS_QInit                                 0x0800a827   Thumb Code    72  os_q.o(.text)
    OSSemAccept                              0x0800a879   Thumb Code    42  os_sem.o(.text)
    OSSemCreate                              0x0800a8a3   Thumb Code    72  os_sem.o(.text)
    OSSemDel                                 0x0800a8eb   Thumb Code   210  os_sem.o(.text)
    OSSemPend                                0x0800a9bd   Thumb Code   222  os_sem.o(.text)
    OSSemPendAbort                           0x0800aa9b   Thumb Code   128  os_sem.o(.text)
    OSSemPost                                0x0800ab1b   Thumb Code    88  os_sem.o(.text)
    OSSemQuery                               0x0800ab73   Thumb Code    76  os_sem.o(.text)
    OSSemSet                                 0x0800abbf   Thumb Code    66  os_sem.o(.text)
    OSTaskChangePrio                         0x0800ac15   Thumb Code   308  os_task.o(.text)
    OSTaskCreate                             0x0800ad49   Thumb Code   148  os_task.o(.text)
    OS_TaskStkClr                            0x0800addd   Thumb Code    26  os_task.o(.text)
    OSTaskCreateExt                          0x0800adf7   Thumb Code   170  os_task.o(.text)
    OSTaskDel                                0x0800aea1   Thumb Code   294  os_task.o(.text)
    OSTaskDelReq                             0x0800afc7   Thumb Code   144  os_task.o(.text)
    OSTaskNameGet                            0x0800b057   Thumb Code   114  os_task.o(.text)
    OSTaskNameSet                            0x0800b0c9   Thumb Code    98  os_task.o(.text)
    OSTaskResume                             0x0800b12b   Thumb Code   154  os_task.o(.text)
    OSTaskStkChk                             0x0800b1c5   Thumb Code   132  os_task.o(.text)
    OSTaskSuspend                            0x0800b249   Thumb Code   152  os_task.o(.text)
    OSTaskQuery                              0x0800b2e1   Thumb Code    82  os_task.o(.text)
    OSTaskRegGet                             0x0800b333   Thumb Code    60  os_task.o(.text)
    OSTaskRegSet                             0x0800b36f   Thumb Code    62  os_task.o(.text)
    OS_TaskReturn                            0x0800b3ad   Thumb Code    18  os_task.o(.text)
    OSTimeDly                                0x0800b3d9   Thumb Code   100  os_time.o(.text)
    OSTimeDlyHMSM                            0x0800b43d   Thumb Code    86  os_time.o(.text)
    OSTimeDlyResume                          0x0800b493   Thumb Code   168  os_time.o(.text)
    OSTimeGet                                0x0800b53b   Thumb Code    24  os_time.o(.text)
    OSTimeSet                                0x0800b553   Thumb Code    24  os_time.o(.text)
    OSTmrCreate                              0x0800b5bb   Thumb Code    96  os_tmr.o(.text)
    OSTmrDel                                 0x0800b693   Thumb Code   124  os_tmr.o(.text)
    OSTmrNameGet                             0x0800b70f   Thumb Code   114  os_tmr.o(.text)
    OSTmrRemainGet                           0x0800b781   Thumb Code   164  os_tmr.o(.text)
    OSTmrStateGet                            0x0800b825   Thumb Code    86  os_tmr.o(.text)
    OSTmrStart                               0x0800b8df   Thumb Code   128  os_tmr.o(.text)
    OSTmrStop                                0x0800b95f   Thumb Code   210  os_tmr.o(.text)
    OSTmrSignal                              0x0800ba31   Thumb Code    16  os_tmr.o(.text)
    OSTmr_Init                               0x0800bae5   Thumb Code   172  os_tmr.o(.text)
    OS_CPU_SR_Save                           0x0800bbf9   Thumb Code     0  os_cpu_a.o(.text)
    OS_CPU_SR_Restore                        0x0800bc01   Thumb Code     0  os_cpu_a.o(.text)
    OSStartHighRdy                           0x0800bc07   Thumb Code     0  os_cpu_a.o(.text)
    OSCtxSw                                  0x0800bc2b   Thumb Code     0  os_cpu_a.o(.text)
    OSIntCtxSw                               0x0800bc39   Thumb Code     0  os_cpu_a.o(.text)
    PendSV_Handler                           0x0800bc49   Thumb Code     0  os_cpu_a.o(.text)
    OSInitHookBegin                          0x0800bcc1   Thumb Code     8  os_cpu_c.o(.text)
    OSInitHookEnd                            0x0800bcc9   Thumb Code     2  os_cpu_c.o(.text)
    OSTaskCreateHook                         0x0800bccb   Thumb Code     2  os_cpu_c.o(.text)
    OSTaskDelHook                            0x0800bccd   Thumb Code     2  os_cpu_c.o(.text)
    OSTaskIdleHook                           0x0800bccf   Thumb Code     2  os_cpu_c.o(.text)
    OSTaskStatHook                           0x0800bcd1   Thumb Code     2  os_cpu_c.o(.text)
    OSTaskStkInit                            0x0800bcd3   Thumb Code   426  os_cpu_c.o(.text)
    OSTaskSwHook                             0x0800be7d   Thumb Code     2  os_cpu_c.o(.text)
    OSTCBInitHook                            0x0800be7f   Thumb Code     2  os_cpu_c.o(.text)
    OSTimeTickHook                           0x0800be81   Thumb Code    30  os_cpu_c.o(.text)
    OSTaskReturnHook                         0x0800be9f   Thumb Code     2  os_cpu_c.o(.text)
    lwip_pkt_handle                          0x0800bea9   Thumb Code    10  lwip_comm.o(.text)
    lwip_comm_mem_free                       0x0800beb3   Thumb Code    44  lwip_comm.o(.text)
    lwip_comm_mem_malloc                     0x0800bedf   Thumb Code   116  lwip_comm.o(.text)
    lwip_comm_default_ip_set                 0x0800bf53   Thumb Code   102  lwip_comm.o(.text)
    lwip_comm_dhcp_delete                    0x0800bfb9   Thumb Code    16  lwip_comm.o(.text)
    lwip_dhcp_task                           0x0800bfc9   Thumb Code   420  lwip_comm.o(.text)
    lwip_comm_dhcp_creat                     0x0800c16d   Thumb Code    36  lwip_comm.o(.text)
    lwip_comm_init                           0x0800c191   Thumb Code    96  lwip_comm.o(.text)
    fs_open                                  0x0800c463   Thumb Code    70  fs.o(.text)
    fs_close                                 0x0800c4a9   Thumb Code    12  fs.o(.text)
    fs_read                                  0x0800c4b5   Thumb Code    62  fs.o(.text)
    fs_bytes_left                            0x0800c4f3   Thumb Code    10  fs.o(.text)
    httpd_init                               0x0800d589   Thumb Code    22  httpd.o(.text)
    http_set_ssi_handler                     0x0800d59f   Thumb Code   112  httpd.o(.text)
    http_set_cgi_handlers                    0x0800d60f   Thumb Code    74  httpd.o(.text)
    ADC_Handler                              0x0800d7d1   Thumb Code     2  httpd_cgi_ssi.o(.text)
    Temperate_Handler                        0x0800d7d3   Thumb Code     2  httpd_cgi_ssi.o(.text)
    RTCTime_Handler                          0x0800d7d5   Thumb Code     2  httpd_cgi_ssi.o(.text)
    RTCdate_Handler                          0x0800d7d7   Thumb Code     2  httpd_cgi_ssi.o(.text)
    LEDS_CGI_Handler                         0x0800d81d   Thumb Code   116  httpd_cgi_ssi.o(.text)
    httpd_ssi_init                           0x0800d891   Thumb Code    14  httpd_cgi_ssi.o(.text)
    httpd_cgi_init                           0x0800d89f   Thumb Code    12  httpd_cgi_ssi.o(.text)
    etharp_tmr                               0x0800d985   Thumb Code   144  etharp.o(.text)
    etharp_cleanup_netif                     0x0800de63   Thumb Code    52  etharp.o(.text)
    etharp_find_addr                         0x0800de97   Thumb Code   110  etharp.o(.text)
    etharp_request                           0x0800e177   Thumb Code    40  etharp.o(.text)
    etharp_query                             0x0800e22d   Thumb Code   646  etharp.o(.text)
    etharp_output                            0x0800e4b3   Thumb Code   392  etharp.o(.text)
    ethernet_input                           0x0800e63b   Thumb Code   204  etharp.o(.text)
    ethernetif_input                         0x0800e893   Thumb Code    48  ethernetif.o(.text)
    ethernetif_init                          0x0800e8c3   Thumb Code    56  ethernetif.o(.text)
    lwip_htons                               0x0800e9ad   Thumb Code    12  def.o(.text)
    lwip_ntohs                               0x0800e9b9   Thumb Code    12  def.o(.text)
    lwip_htonl                               0x0800e9c5   Thumb Code    26  def.o(.text)
    lwip_ntohl                               0x0800e9df   Thumb Code    12  def.o(.text)
    dhcp_renew                               0x0800f2c9   Thumb Code   150  dhcp.o(.text)
    dhcp_coarse_tmr                          0x0800f495   Thumb Code    74  dhcp.o(.text)
    dhcp_release                             0x0800f593   Thumb Code   178  dhcp.o(.text)
    dhcp_fine_tmr                            0x0800f839   Thumb Code   132  dhcp.o(.text)
    dhcp_set_struct                          0x0800f92d   Thumb Code   106  dhcp.o(.text)
    dhcp_cleanup                             0x0800f997   Thumb Code    48  dhcp.o(.text)
    dhcp_stop                                0x0800f9c7   Thumb Code   112  dhcp.o(.text)
    dhcp_start                               0x08010095   Thumb Code   438  dhcp.o(.text)
    dhcp_inform                              0x0801024b   Thumb Code   210  dhcp.o(.text)
    dhcp_network_changed                     0x0801031d   Thumb Code    80  dhcp.o(.text)
    dhcp_arp_reply                           0x080103fb   Thumb Code    80  dhcp.o(.text)
    lwip_init                                0x08010459   Thumb Code    36  init.o(.text)
    mem_init                                 0x08010557   Thumb Code   114  mem.o(.text)
    mem_free                                 0x080105c9   Thumb Code   182  mem.o(.text)
    mem_trim                                 0x0801067f   Thumb Code   338  mem.o(.text)
    mem_malloc                               0x080107d1   Thumb Code   796  mem.o(.text)
    mem_calloc                               0x08010aed   Thumb Code    34  mem.o(.text)
    memp_get_memorysize                      0x08010bc1   Thumb Code     8  memp.o(.text)
    memp_init                                0x08010bc9   Thumb Code    86  memp.o(.text)
    memp_malloc                              0x08010c1f   Thumb Code   104  memp.o(.text)
    memp_free                                0x08010c87   Thumb Code    74  memp.o(.text)
    netif_init                               0x08010d95   Thumb Code     2  netif.o(.text)
    netif_set_gw                             0x08010d97   Thumb Code    16  netif.o(.text)
    netif_set_netmask                        0x08010da7   Thumb Code    16  netif.o(.text)
    netif_set_ipaddr                         0x08010db7   Thumb Code   124  netif.o(.text)
    netif_set_addr                           0x08010e33   Thumb Code    40  netif.o(.text)
    netif_add                                0x08010e5b   Thumb Code   148  netif.o(.text)
    netif_set_default                        0x08010eef   Thumb Code    10  netif.o(.text)
    netif_set_down                           0x08010ef9   Thumb Code    42  netif.o(.text)
    netif_remove                             0x08010f23   Thumb Code    94  netif.o(.text)
    netif_find                               0x08010f81   Thumb Code    72  netif.o(.text)
    netif_set_up                             0x08010fc9   Thumb Code    54  netif.o(.text)
    netif_set_link_up                        0x08010fff   Thumb Code    66  netif.o(.text)
    netif_set_link_down                      0x08011041   Thumb Code    24  netif.o(.text)
    pbuf_free                                0x08011155   Thumb Code   272  pbuf.o(.text)
    pbuf_alloc                               0x08011265   Thumb Code  1148  pbuf.o(.text)
    pbuf_alloced_custom                      0x080116e1   Thumb Code   152  pbuf.o(.text)
    pbuf_realloc                             0x08011779   Thumb Code   268  pbuf.o(.text)
    pbuf_header                              0x08011885   Thumb Code   214  pbuf.o(.text)
    pbuf_clen                                0x0801195b   Thumb Code    18  pbuf.o(.text)
    pbuf_ref                                 0x0801196d   Thumb Code    26  pbuf.o(.text)
    pbuf_cat                                 0x08011987   Thumb Code   138  pbuf.o(.text)
    pbuf_chain                               0x08011a11   Thumb Code    26  pbuf.o(.text)
    pbuf_dechain                             0x08011a2b   Thumb Code   550  pbuf.o(.text)
    pbuf_copy                                0x08011c51   Thumb Code   350  pbuf.o(.text)
    pbuf_copy_partial                        0x08011daf   Thumb Code   190  pbuf.o(.text)
    pbuf_take                                0x08011e6d   Thumb Code   210  pbuf.o(.text)
    pbuf_coalesce                            0x08011f3f   Thumb Code    84  pbuf.o(.text)
    pbuf_get_at                              0x08011f93   Thumb Code    46  pbuf.o(.text)
    pbuf_memcmp                              0x08011fc1   Thumb Code    96  pbuf.o(.text)
    pbuf_memfind                             0x08012021   Thumb Code   434  pbuf.o(.text)
    pbuf_strstr                              0x080121d3   Thumb Code    60  pbuf.o(.text)
    raw_input                                0x08012211   Thumb Code   102  raw.o(.text)
    raw_bind                                 0x08012277   Thumb Code    16  raw.o(.text)
    raw_connect                              0x08012287   Thumb Code    16  raw.o(.text)
    raw_recv                                 0x08012297   Thumb Code     6  raw.o(.text)
    raw_sendto                               0x0801229d   Thumb Code   190  raw.o(.text)
    raw_send                                 0x0801235b   Thumb Code    18  raw.o(.text)
    raw_remove                               0x0801236d   Thumb Code    60  raw.o(.text)
    raw_new                                  0x080123a9   Thumb Code    46  raw.o(.text)
    tcp_init                                 0x0801245d   Thumb Code     2  tcp.o(.text)
    tcp_seg_free                             0x0801245f   Thumb Code    26  tcp.o(.text)
    tcp_segs_free                            0x08012479   Thumb Code    24  tcp.o(.text)
    tcp_pcb_purge                            0x08012491   Thumb Code   106  tcp.o(.text)
    tcp_slowtmr                              0x080124fb   Thumb Code  1426  tcp.o(.text)
    tcp_pcb_remove                           0x08012a8d   Thumb Code   222  tcp.o(.text)
    tcp_close                                0x08012d37   Thumb Code    28  tcp.o(.text)
    tcp_update_rcv_ann_wnd                   0x08012d53   Thumb Code   394  tcp.o(.text)
    tcp_recved                               0x08012edd   Thumb Code   136  tcp.o(.text)
    tcp_recv_null                            0x08012f65   Thumb Code    46  tcp.o(.text)
    tcp_process_refused_data                 0x08012f93   Thumb Code   152  tcp.o(.text)
    tcp_fasttmr                              0x0801302b   Thumb Code   114  tcp.o(.text)
    tcp_tmr                                  0x0801309d   Thumb Code    30  tcp.o(.text)
    tcp_shutdown                             0x080130bb   Thumb Code    98  tcp.o(.text)
    tcp_abandon                              0x0801311d   Thumb Code   178  tcp.o(.text)
    tcp_abort                                0x080131cf   Thumb Code    14  tcp.o(.text)
    tcp_bind                                 0x0801323d   Thumb Code   372  tcp.o(.text)
    tcp_listen_with_backlog                  0x080133b9   Thumb Code   222  tcp.o(.text)
    tcp_eff_send_mss                         0x08013497   Thumb Code    46  tcp.o(.text)
    tcp_next_iss                             0x080134c5   Thumb Code    20  tcp.o(.text)
    tcp_connect                              0x080134d9   Thumb Code   352  tcp.o(.text)
    tcp_setprio                              0x08013639   Thumb Code     4  tcp.o(.text)
    tcp_seg_copy                             0x0801363d   Thumb Code    38  tcp.o(.text)
    tcp_alloc                                0x080136e9   Thumb Code   182  tcp.o(.text)
    tcp_new                                  0x0801379f   Thumb Code    10  tcp.o(.text)
    tcp_arg                                  0x080137a9   Thumb Code   132  tcp.o(.text)
    tcp_recv                                 0x0801382d   Thumb Code    44  tcp.o(.text)
    tcp_sent                                 0x08013859   Thumb Code    42  tcp.o(.text)
    tcp_err                                  0x08013883   Thumb Code    44  tcp.o(.text)
    tcp_accept                               0x080138af   Thumb Code     4  tcp.o(.text)
    tcp_poll                                 0x080138b3   Thumb Code    48  tcp.o(.text)
    tcp_debug_state_str                      0x080138e3   Thumb Code    10  tcp.o(.text)
    tcp_input                                0x080150ad   Thumb Code  1616  tcp_in.o(.text)
    tcp_enqueue_flags                        0x08015891   Thumb Code   418  tcp_out.o(.text)
    tcp_send_fin                             0x08015a33   Thumb Code    74  tcp_out.o(.text)
    tcp_write                                0x08015d17   Thumb Code  1744  tcp_out.o(.text)
    tcp_send_empty_ack                       0x080163e7   Thumb Code   104  tcp_out.o(.text)
    tcp_output                               0x08016537   Thumb Code   708  tcp_out.o(.text)
    tcp_rst                                  0x080167fb   Thumb Code   180  tcp_out.o(.text)
    tcp_rexmit_rto                           0x080168af   Thumb Code    58  tcp_out.o(.text)
    tcp_rexmit                               0x080168e9   Thumb Code    90  tcp_out.o(.text)
    tcp_rexmit_fast                          0x08016943   Thumb Code   120  tcp_out.o(.text)
    tcp_keepalive                            0x080169bb   Thumb Code   102  tcp_out.o(.text)
    tcp_zero_window_probe                    0x08016a21   Thumb Code   198  tcp_out.o(.text)
    sys_timeout                              0x08016ae9   Thumb Code   174  timers.o(.text)
    tcp_timer_needed                         0x08016bbf   Thumb Code    38  timers.o(.text)
    sys_timeouts_init                        0x08016c4d   Thumb Code    52  timers.o(.text)
    sys_untimeout                            0x08016c81   Thumb Code    90  timers.o(.text)
    sys_timeouts_mbox_fetch                  0x08016cdb   Thumb Code   132  timers.o(.text)
    udp_init                                 0x08016e19   Thumb Code     2  udp.o(.text)
    udp_input                                0x08016e6b   Thumb Code   550  udp.o(.text)
    udp_bind                                 0x08017091   Thumb Code   170  udp.o(.text)
    udp_sendto_if                            0x0801713b   Thumb Code   502  udp.o(.text)
    udp_sendto                               0x08017331   Thumb Code    54  udp.o(.text)
    udp_send                                 0x08017367   Thumb Code    20  udp.o(.text)
    udp_connect                              0x0801737b   Thumb Code    98  udp.o(.text)
    udp_disconnect                           0x080173dd   Thumb Code    16  udp.o(.text)
    udp_recv                                 0x080173ed   Thumb Code     6  udp.o(.text)
    udp_remove                               0x080173f3   Thumb Code    60  udp.o(.text)
    udp_new                                  0x0801742f   Thumb Code    28  udp.o(.text)
    icmp_input                               0x08017451   Thumb Code   524  icmp.o(.text)
    icmp_dest_unreach                        0x080176fd   Thumb Code    18  icmp.o(.text)
    icmp_time_exceeded                       0x0801770f   Thumb Code    18  icmp.o(.text)
    inet_chksum_pseudo                       0x080178f3   Thumb Code   170  inet_chksum.o(.text)
    inet_chksum_pseudo_partial               0x0801799d   Thumb Code   218  inet_chksum.o(.text)
    inet_chksum                              0x08017a77   Thumb Code    20  inet_chksum.o(.text)
    inet_chksum_pbuf                         0x08017a8b   Thumb Code    86  inet_chksum.o(.text)
    ip_route                                 0x08017b49   Thumb Code    80  ip.o(.text)
    ip_input                                 0x08017b99   Thumb Code   508  ip.o(.text)
    ip_output_if                             0x08017d95   Thumb Code   318  ip.o(.text)
    ip_output                                0x08017ed3   Thumb Code    84  ip.o(.text)
    ip4_addr_isbroadcast                     0x08017fd5   Thumb Code    78  ip_addr.o(.text)
    ip4_addr_netmask_valid                   0x08018023   Thumb Code    56  ip_addr.o(.text)
    ipaddr_aton                              0x0801805b   Thumb Code   364  ip_addr.o(.text)
    ipaddr_addr                              0x080181c7   Thumb Code    24  ip_addr.o(.text)
    ipaddr_ntoa_r                            0x080181df   Thumb Code   168  ip_addr.o(.text)
    ipaddr_ntoa                              0x08018287   Thumb Code    16  ip_addr.o(.text)
    ip_reass_tmr                             0x08018451   Thumb Code    56  ip_frag.o(.text)
    ip_reass                                 0x0801888d   Thumb Code   410  ip_frag.o(.text)
    ip_frag                                  0x08018aad   Thumb Code   630  ip_frag.o(.text)
    sys_mbox_new                             0x08018d29   Thumb Code   108  sys_arch.o(.text)
    sys_mbox_free                            0x08018d95   Thumb Code    56  sys_arch.o(.text)
    sys_mbox_post                            0x08018dcd   Thumb Code    28  sys_arch.o(.text)
    sys_mbox_trypost                         0x08018de9   Thumb Code    32  sys_arch.o(.text)
    sys_arch_mbox_fetch                      0x08018e09   Thumb Code   154  sys_arch.o(.text)
    sys_arch_mbox_tryfetch                   0x08018ea3   Thumb Code    18  sys_arch.o(.text)
    sys_mbox_valid                           0x08018eb5   Thumb Code    56  sys_arch.o(.text)
    sys_mbox_set_invalid                     0x08018eed   Thumb Code     6  sys_arch.o(.text)
    sys_sem_new                              0x08018ef3   Thumb Code    62  sys_arch.o(.text)
    sys_arch_sem_wait                        0x08018f31   Thumb Code    96  sys_arch.o(.text)
    sys_sem_signal                           0x08018f91   Thumb Code    12  sys_arch.o(.text)
    sys_sem_free                             0x08018f9d   Thumb Code    52  sys_arch.o(.text)
    sys_sem_valid                            0x08018fd1   Thumb Code    22  sys_arch.o(.text)
    sys_sem_set_invalid                      0x08018fe7   Thumb Code     6  sys_arch.o(.text)
    sys_init                                 0x08018fed   Thumb Code     2  sys_arch.o(.text)
    sys_thread_new                           0x08018fef   Thumb Code    66  sys_arch.o(.text)
    sys_msleep                               0x08019031   Thumb Code    12  sys_arch.o(.text)
    sys_now                                  0x0801903d   Thumb Code    26  sys_arch.o(.text)
    netconn_new_with_proto_and_callback      0x080190fd   Thumb Code   194  api_lib.o(.text)
    netconn_delete                           0x080191bf   Thumb Code    36  api_lib.o(.text)
    netconn_getaddr                          0x080191e3   Thumb Code   160  api_lib.o(.text)
    netconn_bind                             0x08019283   Thumb Code    98  api_lib.o(.text)
    netconn_connect                          0x080192e5   Thumb Code    98  api_lib.o(.text)
    netconn_disconnect                       0x08019347   Thumb Code    84  api_lib.o(.text)
    netconn_listen_with_backlog              0x0801939b   Thumb Code    86  api_lib.o(.text)
    netconn_accept                           0x080193f1   Thumb Code   808  api_lib.o(.text)
    netconn_recv_tcp_pbuf                    0x0801988f   Thumb Code    56  api_lib.o(.text)
    netconn_recv                             0x080198c7   Thumb Code   270  api_lib.o(.text)
    netconn_recved                           0x080199d5   Thumb Code    46  api_lib.o(.text)
    netconn_send                             0x08019a03   Thumb Code    98  api_lib.o(.text)
    netconn_sendto                           0x08019a65   Thumb Code    44  api_lib.o(.text)
    netconn_write_partly                     0x08019a91   Thumb Code   434  api_lib.o(.text)
    netconn_close                            0x08019ca3   Thumb Code    14  api_lib.o(.text)
    netconn_shutdown                         0x08019cb1   Thumb Code    36  api_lib.o(.text)
    netconn_free                             0x0801a6d3   Thumb Code   330  api_msg.o(.text)
    netconn_alloc                            0x0801a81d   Thumb Code   174  api_msg.o(.text)
    do_newconn                               0x0801aa2d   Thumb Code    32  api_msg.o(.text)
    do_delconn                               0x0801ab19   Thumb Code   636  api_msg.o(.text)
    do_bind                                  0x0801ad95   Thumb Code   116  api_msg.o(.text)
    do_connect                               0x0801aedd   Thumb Code   230  api_msg.o(.text)
    do_disconnect                            0x0801afc3   Thumb Code    46  api_msg.o(.text)
    do_listen                                0x0801aff1   Thumb Code   388  api_msg.o(.text)
    do_send                                  0x0801b175   Thumb Code   166  api_msg.o(.text)
    do_recv                                  0x0801b21b   Thumb Code    72  api_msg.o(.text)
    do_write                                 0x0801b263   Thumb Code   166  api_msg.o(.text)
    do_getaddr                               0x0801b309   Thumb Code   198  api_msg.o(.text)
    do_close                                 0x0801b3cf   Thumb Code   184  api_msg.o(.text)
    netbuf_new                               0x0801b4b9   Thumb Code    30  netbuf.o(.text)
    netbuf_delete                            0x0801b4d7   Thumb Code    32  netbuf.o(.text)
    netbuf_alloc                             0x0801b4f7   Thumb Code   102  netbuf.o(.text)
    netbuf_free                              0x0801b55d   Thumb Code    48  netbuf.o(.text)
    netbuf_ref                               0x0801b58d   Thumb Code    92  netbuf.o(.text)
    netbuf_chain                             0x0801b5e9   Thumb Code    78  netbuf.o(.text)
    netbuf_data                              0x0801b637   Thumb Code   122  netbuf.o(.text)
    netbuf_next                              0x0801b6b1   Thumb Code    64  netbuf.o(.text)
    netbuf_first                             0x0801b6f1   Thumb Code    36  netbuf.o(.text)
    lwip_socket_init                         0x0801b869   Thumb Code     2  sockets.o(.text)
    lwip_accept                              0x0801bb15   Thumb Code   668  sockets.o(.text)
    lwip_bind                                0x0801bdb1   Thumb Code   186  sockets.o(.text)
    lwip_close                               0x0801be6b   Thumb Code    94  sockets.o(.text)
    lwip_connect                             0x0801bec9   Thumb Code   206  sockets.o(.text)
    lwip_listen                              0x0801bf97   Thumb Code   136  sockets.o(.text)
    lwip_recvfrom                            0x0801c01f   Thumb Code   816  sockets.o(.text)
    lwip_read                                0x0801c34f   Thumb Code    28  sockets.o(.text)
    lwip_recv                                0x0801c36b   Thumb Code    34  sockets.o(.text)
    lwip_sendto                              0x0801c38d   Thumb Code   278  sockets.o(.text)
    lwip_send                                0x0801c4a3   Thumb Code   156  sockets.o(.text)
    lwip_socket                              0x0801c53f   Thumb Code   296  sockets.o(.text)
    lwip_write                               0x0801c667   Thumb Code    22  sockets.o(.text)
    lwip_select                              0x0801c7f9   Thumb Code   868  sockets.o(.text)
    lwip_shutdown                            0x0801cb5d   Thumb Code   298  sockets.o(.text)
    lwip_getpeername                         0x0801cd09   Thumb Code    22  sockets.o(.text)
    lwip_getsockname                         0x0801cd1f   Thumb Code    22  sockets.o(.text)
    lwip_getsockopt                          0x0801cf31   Thumb Code   410  sockets.o(.text)
    lwip_setsockopt                          0x0801d281   Thumb Code   318  sockets.o(.text)
    lwip_ioctl                               0x0801d3bf   Thumb Code   116  sockets.o(.text)
    lwip_fcntl                               0x0801d433   Thumb Code   142  sockets.o(.text)
    tcpip_input                              0x0801d5a7   Thumb Code    72  tcpip.o(.text)
    tcpip_callback_with_block                0x0801d5ef   Thumb Code    90  tcpip.o(.text)
    tcpip_timeout                            0x0801d649   Thumb Code    64  tcpip.o(.text)
    tcpip_untimeout                          0x0801d689   Thumb Code    56  tcpip.o(.text)
    tcpip_apimsg                             0x0801d6c1   Thumb Code    60  tcpip.o(.text)
    tcpip_callbackmsg_new                    0x0801d6fd   Thumb Code    32  tcpip.o(.text)
    tcpip_callbackmsg_delete                 0x0801d71d   Thumb Code    14  tcpip.o(.text)
    tcpip_trycallback                        0x0801d72b   Thumb Code    28  tcpip.o(.text)
    tcpip_init                               0x0801d747   Thumb Code    72  tcpip.o(.text)
    pbuf_free_callback                       0x0801d79d   Thumb Code    16  tcpip.o(.text)
    mem_free_callback                        0x0801d7ad   Thumb Code    16  tcpip.o(.text)
    __use_no_semihosting                     0x0801d879   Thumb Code     2  use_no_semi_2.o(.text)
    __rt_ctype_table                         0x0801d87d   Thumb Code    16  rt_ctype_table.o(.text)
    __2printf                                0x0801d88d   Thumb Code    20  noretval__2printf.o(.text)
    __2sprintf                               0x0801d8a5   Thumb Code    34  noretval__2sprintf.o(.text)
    _printf_pre_padding                      0x0801d8cd   Thumb Code    44  _printf_pad.o(.text)
    _printf_post_padding                     0x0801d8f9   Thumb Code    34  _printf_pad.o(.text)
    _printf_str                              0x0801d91b   Thumb Code    82  _printf_str.o(.text)
    _printf_int_dec                          0x0801d96d   Thumb Code   104  _printf_dec.o(.text)
    _printf_int_hex                          0x0801d9e5   Thumb Code    84  _printf_hex_int.o(.text)
    _printf_longlong_hex                     0x0801d9e5   Thumb Code     0  _printf_hex_int.o(.text)
    __printf                                 0x0801da3d   Thumb Code   308  __printf_flags_wp.o(.text)
    strchr                                   0x0801db75   Thumb Code    20  strchr.o(.text)
    strstr                                   0x0801db89   Thumb Code    36  strstr.o(.text)
    memcmp                                   0x0801dbad   Thumb Code    88  memcmp.o(.text)
    strlen                                   0x0801dc05   Thumb Code    62  strlen.o(.text)
    strncmp                                  0x0801dc43   Thumb Code   150  strncmp.o(.text)
    __aeabi_memcpy                           0x0801dcd9   Thumb Code     0  rt_memcpy_v6.o(.text)
    __rt_memcpy                              0x0801dcd9   Thumb Code   138  rt_memcpy_v6.o(.text)
    _memcpy_lastbytes                        0x0801dd3f   Thumb Code     0  rt_memcpy_v6.o(.text)
    __aeabi_memcpy4                          0x0801dd63   Thumb Code     0  rt_memcpy_w.o(.text)
    __aeabi_memcpy8                          0x0801dd63   Thumb Code     0  rt_memcpy_w.o(.text)
    __rt_memcpy_w                            0x0801dd63   Thumb Code   100  rt_memcpy_w.o(.text)
    _memcpy_lastbytes_aligned                0x0801ddab   Thumb Code     0  rt_memcpy_w.o(.text)
    __aeabi_memclr                           0x0801ddc7   Thumb Code     0  rt_memclr.o(.text)
    __rt_memclr                              0x0801ddc7   Thumb Code    68  rt_memclr.o(.text)
    _memset                                  0x0801ddcb   Thumb Code     0  rt_memclr.o(.text)
    __aeabi_memclr4                          0x0801de0b   Thumb Code     0  rt_memclr_w.o(.text)
    __aeabi_memclr8                          0x0801de0b   Thumb Code     0  rt_memclr_w.o(.text)
    __rt_memclr_w                            0x0801de0b   Thumb Code    78  rt_memclr_w.o(.text)
    _memset_w                                0x0801de0f   Thumb Code     0  rt_memclr_w.o(.text)
    strcmp                                   0x0801de59   Thumb Code   128  strcmpv7m.o(.text)
    __use_two_region_memory                  0x0801ded9   Thumb Code     2  heapauxi.o(.text)
    __rt_heap_escrow$2region                 0x0801dedb   Thumb Code     2  heapauxi.o(.text)
    __rt_heap_expand$2region                 0x0801dedd   Thumb Code     2  heapauxi.o(.text)
    __I$use$semihosting                      0x0801dedf   Thumb Code     0  use_no_semi.o(.text)
    __use_no_semihosting_swi                 0x0801dedf   Thumb Code     2  use_no_semi.o(.text)
    __rt_locale                              0x0801dee1   Thumb Code     8  rt_locale_intlibspace.o(.text)
    _printf_int_common                       0x0801dee9   Thumb Code   178  _printf_intcommon.o(.text)
    _printf_char_common                      0x0801dfa7   Thumb Code    32  _printf_char_common.o(.text)
    _sputc                                   0x0801dfcd   Thumb Code    10  _sputc.o(.text)
    _printf_cs_common                        0x0801dfd7   Thumb Code    20  _printf_char.o(.text)
    _printf_char                             0x0801dfeb   Thumb Code    16  _printf_char.o(.text)
    _printf_string                           0x0801dffb   Thumb Code     8  _printf_char.o(.text)
    _printf_char_file                        0x0801e005   Thumb Code    32  _printf_char_file.o(.text)
    __user_libspace                          0x0801e029   Thumb Code     8  libspace.o(.text)
    __user_perproc_libspace                  0x0801e029   Thumb Code     0  libspace.o(.text)
    __user_perthread_libspace                0x0801e029   Thumb Code     0  libspace.o(.text)
    ferror                                   0x0801e031   Thumb Code     8  ferror.o(.text)
    __user_setup_stackheap                   0x0801e039   Thumb Code    74  sys_stackheap_outer.o(.text)
    exit                                     0x0801e083   Thumb Code    18  exit.o(.text)
    _is_digit                                0x0801e095   Thumb Code    14  __printf_wp.o(i._is_digit)
    _get_lc_ctype                            0x0801e0a5   Thumb Code    44  lc_ctype_c.o(locale$$code)
    __aeabi_d2uiz                            0x0801e0d1   Thumb Code     0  dfixu.o(x$fpl$dfixu)
    _dfixu                                   0x0801e0d1   Thumb Code    90  dfixu.o(x$fpl$dfixu)
    __aeabi_ui2d                             0x0801e12b   Thumb Code     0  dflt_clz.o(x$fpl$dfltu)
    _dfltu                                   0x0801e12b   Thumb Code    38  dflt_clz.o(x$fpl$dfltu)
    __aeabi_dmul                             0x0801e151   Thumb Code     0  dmul.o(x$fpl$dmul)
    _dmul                                    0x0801e151   Thumb Code   332  dmul.o(x$fpl$dmul)
    __fpl_dnaninf                            0x0801e2a5   Thumb Code   156  dnaninf.o(x$fpl$dnaninf)
    __fpl_dretinf                            0x0801e341   Thumb Code    12  dretinf.o(x$fpl$dretinf)
    _fp_init                                 0x0801e34d   Thumb Code    10  fpinit.o(x$fpl$fpinit)
    __fplib_config_fpu_vfp                   0x0801e355   Thumb Code     0  fpinit.o(x$fpl$fpinit)
    __fplib_config_pureend_doubles           0x0801e355   Thumb Code     0  fpinit.o(x$fpl$fpinit)
    __I$use$fp                               0x0801e356   Number         0  usenofp.o(x$fpl$usenofp)
    asc2_1206                                0x0801e356   Data        1140  lcd.o(.constdata)
    asc2_1608                                0x0801e7ca   Data        1520  lcd.o(.constdata)
    asc2_2412                                0x0801edba   Data        3420  lcd.o(.constdata)
    FSMC_DefaultTimingStruct                 0x0801fb18   Data          28  stm32f4xx_fsmc.o(.constdata)
    memtblsize                               0x0801fb34   Data          12  malloc.o(.constdata)
    memblksize                               0x0801fb40   Data          12  malloc.o(.constdata)
    memsize                                  0x0801fb4c   Data          12  malloc.o(.constdata)
    OSUnMapTbl                               0x0801fb58   Data         256  os_core.o(.constdata)
    file__image_head_jpg                     0x0805566c   Data          20  fs.o(.constdata)
    file__image_stm32_jpg                    0x08055680   Data          20  fs.o(.constdata)
    file__image_tab_jpg                      0x08055694   Data          20  fs.o(.constdata)
    file__openedv_folder_big_gif             0x080556a8   Data          20  fs.o(.constdata)
    file__openedv_folder_new_big_gif         0x080556bc   Data          20  fs.o(.constdata)
    file__openedv_h_js                       0x080556d0   Data          20  fs.o(.constdata)
    file__openedv_head_weixin1_png           0x080556e4   Data          20  fs.o(.constdata)
    file__openedv_logo_jpg                   0x080556f8   Data          20  fs.o(.constdata)
    file__openedv_newpm_gif                  0x0805570c   Data          20  fs.o(.constdata)
    file__openedv_wb_js                      0x08055720   Data          20  fs.o(.constdata)
    file__404_html                           0x08055734   Data          20  fs.o(.constdata)
    file__index_html                         0x08055748   Data          20  fs.o(.constdata)
    file__openedv_html                       0x0805575c   Data          20  fs.o(.constdata)
    file__STM32_ADC_TEMPERATE_shtml          0x08055770   Data          20  fs.o(.constdata)
    file__STM32_LED_OFF_BEEP_OFF_shtml       0x08055784   Data          20  fs.o(.constdata)
    file__STM32_LED_OFF_BEEP_ON_shtml        0x08055798   Data          20  fs.o(.constdata)
    file__STM32_LED_ON_BEEP_OFF_shtml        0x080557ac   Data          20  fs.o(.constdata)
    file__STM32_LED_ON_BEEP_ON_shtml         0x080557c0   Data          20  fs.o(.constdata)
    file__STM32_RTC_shtml                    0x080557d4   Data          20  fs.o(.constdata)
    g_psDefaultFilenames                     0x080557e8   Data          40  httpd.o(.constdata)
    g_pcTagLeadIn                            0x08055810   Data           4  httpd.o(.constdata)
    g_pcTagLeadOut                           0x08055814   Data           4  httpd.o(.constdata)
    ethbroadcast                             0x08055820   Data           6  etharp.o(.constdata)
    ethzero                                  0x08055826   Data           6  etharp.o(.constdata)
    tcp_state_str                            0x08055864   Data          44  tcp.o(.constdata)
    tcp_backoff                              0x08055890   Data          13  tcp.o(.constdata)
    tcp_persist_backoff                      0x0805589d   Data           7  tcp.o(.constdata)
    tcp_pcb_lists                            0x080558a4   Data          16  tcp.o(.constdata)
    ip_addr_any                              0x080558b4   Data           4  ip_addr.o(.constdata)
    ip_addr_broadcast                        0x080558b8   Data           4  ip_addr.o(.constdata)
    pvNullPointer                            0x080558bc   Data           4  sys_arch.o(.constdata)
    Region$$Table$$Base                      0x08055bfc   Number         0  anon$$obj.o(Region$$Table)
    Region$$Table$$Limit                     0x08055c1c   Number         0  anon$$obj.o(Region$$Table)
    __ctype                                  0x08055c29   Data           0  lc_ctype_c.o(locale$$data)
    mem3base                                 0x10000000   Data       61440  malloc.o(.ARM.__AT_0x10000000)
    mem3mapbase                              0x1000f000   Data        3840  malloc.o(.ARM.__AT_0x1000F000)
    msg_key                                  0x20000000   Data           4  main.o(.data)
    q_msg                                    0x20000004   Data           4  main.o(.data)
    tmr1                                     0x20000008   Data           4  main.o(.data)
    tmr2                                     0x2000000c   Data           4  main.o(.data)
    tmr3                                     0x20000010   Data           4  main.o(.data)
    flags_key                                0x20000014   Data           4  main.o(.data)
    SystemCoreClock                          0x20000020   Data           4  system_stm32f4xx.o(.data)
    AHBPrescTable                            0x20000024   Data          16  system_stm32f4xx.o(.data)
    POINT_COLOR                              0x20000034   Data           2  lcd.o(.data)
    BACK_COLOR                               0x20000036   Data           2  lcd.o(.data)
    __stdout                                 0x20000040   Data           4  usart.o(.data)
    USART_RX_STA                             0x20000044   Data           2  usart.o(.data)
    mallco_dev                               0x20000058   Data          36  malloc.o(.data)
    OSCtxSwCtr                               0x2000007c   Data           4  os_core.o(.data)
    OSEventFreeList                          0x20000080   Data           4  os_core.o(.data)
    OSFlagFreeList                           0x20000084   Data           4  os_core.o(.data)
    OSCPUUsage                               0x20000088   Data           1  os_core.o(.data)
    OSIdleCtrMax                             0x2000008c   Data           4  os_core.o(.data)
    OSIdleCtrRun                             0x20000090   Data           4  os_core.o(.data)
    OSStatRdy                                0x20000094   Data           1  os_core.o(.data)
    OSIntNesting                             0x20000095   Data           1  os_core.o(.data)
    OSLockNesting                            0x20000096   Data           1  os_core.o(.data)
    OSPrioCur                                0x20000097   Data           1  os_core.o(.data)
    OSPrioHighRdy                            0x20000098   Data           1  os_core.o(.data)
    OSRdyGrp                                 0x20000099   Data           1  os_core.o(.data)
    OSRdyTbl                                 0x2000009a   Data           8  os_core.o(.data)
    OSRunning                                0x200000a2   Data           1  os_core.o(.data)
    OSTaskCtr                                0x200000a3   Data           1  os_core.o(.data)
    OSIdleCtr                                0x200000a4   Data           4  os_core.o(.data)
    OSTCBCur                                 0x200000a8   Data           4  os_core.o(.data)
    OSTCBFreeList                            0x200000ac   Data           4  os_core.o(.data)
    OSTCBHighRdy                             0x200000b0   Data           4  os_core.o(.data)
    OSTCBList                                0x200000b4   Data           4  os_core.o(.data)
    OSTickStepState                          0x200000b8   Data           1  os_core.o(.data)
    OSQFreeList                              0x200000bc   Data           4  os_core.o(.data)
    OSTime                                   0x200000c0   Data           4  os_core.o(.data)
    OSTmrFree                                0x200000c4   Data           2  os_core.o(.data)
    OSTmrUsed                                0x200000c6   Data           2  os_core.o(.data)
    OSTmrTime                                0x200000c8   Data           4  os_core.o(.data)
    OSTmrSem                                 0x200000cc   Data           4  os_core.o(.data)
    OSTmrSemSignal                           0x200000d0   Data           4  os_core.o(.data)
    OSTmrFreeList                            0x200000d4   Data           4  os_core.o(.data)
    OSInterrputSum                           0x200000d8   Data           4  os_cpu_c.o(.data)
    LWIP_DHCP_TASK_STK                       0x200000e0   Data           4  lwip_comm.o(.data)
    TCPIP_THREAD_TASK_STK                    0x200000e4   Data           4  lwip_comm.o(.data)
    enc28j60input                            0x200000e8   Data           4  lwip_comm.o(.data)
    enc28j60lock                             0x200000ec   Data           4  lwip_comm.o(.data)
    g_pcSSIExtensions                        0x200000f0   Data          16  httpd.o(.data)
    g_pfnSSIHandler                          0x20000100   Data           4  httpd.o(.data)
    g_iNumTags                               0x20000104   Data           4  httpd.o(.data)
    g_ppcTags                                0x20000108   Data           4  httpd.o(.data)
    g_pCGIs                                  0x2000010c   Data           4  httpd.o(.data)
    g_iNumCGIs                               0x20000110   Data           4  httpd.o(.data)
    ram_heap                                 0x2000012c   Data           4  mem.o(.data)
    memp_memory                              0x20000178   Data           4  memp.o(.data)
    netif_list                               0x2000017c   Data           4  netif.o(.data)
    netif_default                            0x20000180   Data           4  netif.o(.data)
    pbuf_free_ooseq_pending                  0x20000185   Data           1  pbuf.o(.data)
    tcp_ticks                                0x20000190   Data           4  tcp.o(.data)
    tcp_bound_pcbs                           0x20000194   Data           4  tcp.o(.data)
    tcp_listen_pcbs                          0x20000198   Data           4  tcp.o(.data)
    tcp_active_pcbs                          0x2000019c   Data           4  tcp.o(.data)
    tcp_tw_pcbs                              0x200001a0   Data           4  tcp.o(.data)
    tcp_tmp_pcb                              0x200001a4   Data           4  tcp.o(.data)
    tcp_active_pcbs_changed                  0x200001a8   Data           1  tcp.o(.data)
    tcp_input_pcb                            0x200001cc   Data           4  tcp_in.o(.data)
    udp_pcbs                                 0x200001dc   Data           4  udp.o(.data)
    current_netif                            0x200001e0   Data           4  ip.o(.data)
    current_header                           0x200001e4   Data           4  ip.o(.data)
    current_iphdr_src                        0x200001e8   Data           4  ip.o(.data)
    current_iphdr_dest                       0x200001ec   Data           4  ip.o(.data)
    START_TASK_STK                           0x20000210   Data         256  main.o(.bss)
    LED_TASK_STK                             0x20000310   Data         256  main.o(.bss)
    TOUCH_TASK_STK                           0x20000410   Data         512  main.o(.bss)
    QMSGSHOW_TASK_STK                        0x20000610   Data         512  main.o(.bss)
    MAIN_TASK_STK                            0x20000810   Data         512  main.o(.bss)
    FLAGS_TASK_STK                           0x20000a10   Data         512  main.o(.bss)
    KEY_TASK_STK                             0x20000c10   Data         512  main.o(.bss)
    DISPLAY_TASK_STK                         0x20000e10   Data         512  main.o(.bss)
    MsgGrp                                   0x20001010   Data        1024  main.o(.bss)
    lcddev                                   0x20001410   Data          14  lcd.o(.bss)
    enc28j60_dev                             0x20001420   Data          16  enc28j60.o(.bss)
    SPI_InitStructure                        0x20001430   Data          18  spi.o(.bss)
    USART_RX_BUF                             0x20001442   Data         200  usart.o(.bss)
    mem1base                                 0x20001520   Data       102400  malloc.o(.bss)
    mem1mapbase                              0x2001a520   Data        6400  malloc.o(.bss)
    OSEventTbl                               0x2001be20   Data         240  os_core.o(.bss)
    OSFlagTbl                                0x2001bf10   Data          80  os_core.o(.bss)
    OSTaskStatStk                            0x2001bf60   Data         512  os_core.o(.bss)
    OSTaskIdleStk                            0x2001c160   Data         512  os_core.o(.bss)
    OSTCBPrioTbl                             0x2001c360   Data         256  os_core.o(.bss)
    OSTCBTbl                                 0x2001c460   Data        1008  os_core.o(.bss)
    OSQTbl                                   0x2001c850   Data         120  os_core.o(.bss)
    OSTmrTbl                                 0x2001c8c8   Data         640  os_core.o(.bss)
    OSTmrTaskStk                             0x2001cb48   Data         512  os_core.o(.bss)
    OSTmrWheelTbl                            0x2001cd48   Data          64  os_core.o(.bss)
    lwipdev                                  0x2001cd88   Data          23  lwip_comm.o(.bss)
    lwip_netif                               0x2001cda0   Data          52  lwip_comm.o(.bss)
    fs_memory                                0x2001cdd4   Data         240  fs.o(.bss)
    dhcp_rx_options_val                      0x2001d38c   Data          40  dhcp.o(.bss)
    dhcp_rx_options_given                    0x2001d3b4   Data          10  dhcp.o(.bss)
    __libspace_start                         0x2001d47c   Data          96  libspace.o(.bss)
    __temporary_stack_top$libspace           0x2001d4dc   Data           0  libspace.o(.bss)
    mem2base                                 0x68000000   Data       983040  malloc.o(.ARM.__AT_0x68000000)
    mem2mapbase                              0x680f0000   Data       61440  malloc.o(.ARM.__AT_0x680F0000)



==============================================================================

Memory Map of the image

  Image Entry point : 0x08000189

  Load Region LR_IROM1 (Base: 0x08000000, Size: 0x00055f3c, Max: 0x00080000, ABSOLUTE, COMPRESSED[0x00055dbc])

    Execution Region ER_IROM1 (Base: 0x08000000, Size: 0x00055d2c, Max: 0x00080000, ABSOLUTE)

    Base Addr    Size         Type   Attr      Idx    E Section Name        Object

    0x08000000   0x00000188   Data   RO          792    RESET               startup_stm32f40_41xxx.o
    0x08000188   0x00000008   Code   RO         2472  * !!!main             c_w.l(__main.o)
    0x08000190   0x00000034   Code   RO         2708    !!!scatter          c_w.l(__scatter.o)
    0x080001c4   0x0000005a   Code   RO         2706    !!dczerorl2         c_w.l(__dczerorl2.o)
    0x0800021e   0x00000002   PAD
    0x08000220   0x0000001c   Code   RO         2710    !!handler_zi        c_w.l(__scatter_zi.o)
    0x0800023c   0x00000000   Code   RO         2449    .ARM.Collect$$_printf_percent$$00000000  c_w.l(_printf_percent.o)
    0x0800023c   0x00000006   Code   RO         2448    .ARM.Collect$$_printf_percent$$00000009  c_w.l(_printf_d.o)
    0x08000242   0x00000006   Code   RO         2447    .ARM.Collect$$_printf_percent$$0000000C  c_w.l(_printf_x.o)
    0x08000248   0x00000006   Code   RO         2446    .ARM.Collect$$_printf_percent$$00000014  c_w.l(_printf_s.o)
    0x0800024e   0x00000004   Code   RO         2530    .ARM.Collect$$_printf_percent$$00000017  c_w.l(_printf_percent_end.o)
    0x08000252   0x00000002   Code   RO         2630    .ARM.Collect$$libinit$$00000000  c_w.l(libinit.o)
    0x08000254   0x00000004   Code   RO         2574    .ARM.Collect$$libinit$$00000001  c_w.l(libinit2.o)
    0x08000258   0x00000000   Code   RO         2577    .ARM.Collect$$libinit$$00000004  c_w.l(libinit2.o)
    0x08000258   0x00000000   Code   RO         2580    .ARM.Collect$$libinit$$0000000A  c_w.l(libinit2.o)
    0x08000258   0x00000000   Code   RO         2582    .ARM.Collect$$libinit$$0000000C  c_w.l(libinit2.o)
    0x08000258   0x00000000   Code   RO         2584    .ARM.Collect$$libinit$$0000000E  c_w.l(libinit2.o)
    0x08000258   0x00000006   Code   RO         2585    .ARM.Collect$$libinit$$0000000F  c_w.l(libinit2.o)
    0x0800025e   0x00000000   Code   RO         2587    .ARM.Collect$$libinit$$00000011  c_w.l(libinit2.o)
    0x0800025e   0x0000000c   Code   RO         2588    .ARM.Collect$$libinit$$00000012  c_w.l(libinit2.o)
    0x0800026a   0x00000000   Code   RO         2589    .ARM.Collect$$libinit$$00000013  c_w.l(libinit2.o)
    0x0800026a   0x00000000   Code   RO         2591    .ARM.Collect$$libinit$$00000015  c_w.l(libinit2.o)
    0x0800026a   0x00000000   Code   RO         2593    .ARM.Collect$$libinit$$00000017  c_w.l(libinit2.o)
    0x0800026a   0x00000000   Code   RO         2595    .ARM.Collect$$libinit$$00000019  c_w.l(libinit2.o)
    0x0800026a   0x00000000   Code   RO         2597    .ARM.Collect$$libinit$$0000001B  c_w.l(libinit2.o)
    0x0800026a   0x00000000   Code   RO         2599    .ARM.Collect$$libinit$$0000001D  c_w.l(libinit2.o)
    0x0800026a   0x00000000   Code   RO         2601    .ARM.Collect$$libinit$$0000001F  c_w.l(libinit2.o)
    0x0800026a   0x00000000   Code   RO         2603    .ARM.Collect$$libinit$$00000021  c_w.l(libinit2.o)
    0x0800026a   0x00000000   Code   RO         2605    .ARM.Collect$$libinit$$00000023  c_w.l(libinit2.o)
    0x0800026a   0x00000000   Code   RO         2607    .ARM.Collect$$libinit$$00000025  c_w.l(libinit2.o)
    0x0800026a   0x00000000   Code   RO         2611    .ARM.Collect$$libinit$$0000002C  c_w.l(libinit2.o)
    0x0800026a   0x00000000   Code   RO         2613    .ARM.Collect$$libinit$$0000002E  c_w.l(libinit2.o)
    0x0800026a   0x00000000   Code   RO         2615    .ARM.Collect$$libinit$$00000030  c_w.l(libinit2.o)
    0x0800026a   0x00000000   Code   RO         2617    .ARM.Collect$$libinit$$00000032  c_w.l(libinit2.o)
    0x0800026a   0x00000002   Code   RO         2618    .ARM.Collect$$libinit$$00000033  c_w.l(libinit2.o)
    0x0800026c   0x00000002   Code   RO         2663    .ARM.Collect$$libshutdown$$00000000  c_w.l(libshutdown.o)
    0x0800026e   0x00000000   Code   RO         2669    .ARM.Collect$$libshutdown$$00000002  c_w.l(libshutdown2.o)
    0x0800026e   0x00000000   Code   RO         2671    .ARM.Collect$$libshutdown$$00000004  c_w.l(libshutdown2.o)
    0x0800026e   0x00000000   Code   RO         2674    .ARM.Collect$$libshutdown$$00000007  c_w.l(libshutdown2.o)
    0x0800026e   0x00000000   Code   RO         2677    .ARM.Collect$$libshutdown$$0000000A  c_w.l(libshutdown2.o)
    0x0800026e   0x00000000   Code   RO         2679    .ARM.Collect$$libshutdown$$0000000C  c_w.l(libshutdown2.o)
    0x0800026e   0x00000000   Code   RO         2682    .ARM.Collect$$libshutdown$$0000000F  c_w.l(libshutdown2.o)
    0x0800026e   0x00000002   Code   RO         2683    .ARM.Collect$$libshutdown$$00000010  c_w.l(libshutdown2.o)
    0x08000270   0x00000000   Code   RO         2512    .ARM.Collect$$rtentry$$00000000  c_w.l(__rtentry.o)
    0x08000270   0x00000000   Code   RO         2549    .ARM.Collect$$rtentry$$00000002  c_w.l(__rtentry2.o)
    0x08000270   0x00000006   Code   RO         2561    .ARM.Collect$$rtentry$$00000004  c_w.l(__rtentry4.o)
    0x08000276   0x00000000   Code   RO         2551    .ARM.Collect$$rtentry$$00000009  c_w.l(__rtentry2.o)
    0x08000276   0x00000004   Code   RO         2552    .ARM.Collect$$rtentry$$0000000A  c_w.l(__rtentry2.o)
    0x0800027a   0x00000000   Code   RO         2554    .ARM.Collect$$rtentry$$0000000C  c_w.l(__rtentry2.o)
    0x0800027a   0x00000008   Code   RO         2555    .ARM.Collect$$rtentry$$0000000D  c_w.l(__rtentry2.o)
    0x08000282   0x00000002   Code   RO         2633    .ARM.Collect$$rtexit$$00000000  c_w.l(rtexit.o)
    0x08000284   0x00000000   Code   RO         2642    .ARM.Collect$$rtexit$$00000002  c_w.l(rtexit2.o)
    0x08000284   0x00000004   Code   RO         2643    .ARM.Collect$$rtexit$$00000003  c_w.l(rtexit2.o)
    0x08000288   0x00000006   Code   RO         2644    .ARM.Collect$$rtexit$$00000004  c_w.l(rtexit2.o)
    0x0800028e   0x00000002   PAD
    0x08000290   0x00000628   Code   RO            3    .text               main.o
    0x080008b8   0x00000016   Code   RO          228    .text               stm32f4xx_it.o
    0x080008ce   0x00000002   PAD
    0x080008d0   0x00000210   Code   RO          277    .text               system_stm32f4xx.o
    0x08000ae0   0x00000040   Code   RO          303    .text               led.o
    0x08000b20   0x00004c80   Code   RO          323    .text               lcd.o
    0x080057a0   0x00000104   Code   RO          361    .text               key.o
    0x080058a4   0x000007b0   Code   RO          618    .text               enc28j60.o
    0x08006054   0x00000060   Code   RO          651    .text               timer.o
    0x080060b4   0x000000f0   Code   RO          675    .text               spi.o
    0x080061a4   0x00000108   Code   RO          721    .text               delay.o
    0x080062ac   0x0000015c   Code   RO          761    .text               usart.o
    0x08006408   0x00000040   Code   RO          793    .text               startup_stm32f40_41xxx.o
    0x08006448   0x000000e0   Code   RO          799    .text               misc.o
    0x08006528   0x00000294   Code   RO          819    .text               stm32f4xx_gpio.o
    0x080067bc   0x000005c8   Code   RO          839    .text               stm32f4xx_fsmc.o
    0x08006d84   0x0000065c   Code   RO          862    .text               stm32f4xx_rcc.o
    0x080073e0   0x00000094   Code   RO          884    .text               stm32f4xx_syscfg.o
    0x08007474   0x00000454   Code   RO          904    .text               stm32f4xx_usart.o
    0x080078c8   0x00000ca2   Code   RO          924    .text               stm32f4xx_tim_1.o
    0x0800856a   0x00000002   PAD
    0x0800856c   0x00000480   Code   RO          944    .text               stm32f4xx_spi.o
    0x080089ec   0x00000110   Code   RO          964    .text               stm32f4xx_exti.o
    0x08008afc   0x0000022c   Code   RO          984    .text               malloc.o
    0x08008d28   0x0000096c   Code   RO         1016    .text               os_core.o
    0x08009694   0x0000080c   Code   RO         1044    .text               os_flag.o
    0x08009ea0   0x000003e0   Code   RO         1064    .text               os_mbox.o
    0x0800a280   0x000005f8   Code   RO         1118    .text               os_q.o
    0x0800a878   0x0000039c   Code   RO         1138    .text               os_sem.o
    0x0800ac14   0x000007c4   Code   RO         1158    .text               os_task.o
    0x0800b3d8   0x000001b0   Code   RO         1178    .text               os_time.o
    0x0800b588   0x00000670   Code   RO         1198    .text               os_tmr.o
    0x0800bbf8   0x000000c8   Code   RO         1216    .text               os_cpu_a.o
    0x0800bcc0   0x000001e8   Code   RO         1221    .text               os_cpu_c.o
    0x0800bea8   0x00000554   Code   RO         1251    .text               lwip_comm.o
    0x0800c3fc   0x00000108   Code   RO         1363    .text               fs.o
    0x0800c504   0x000012a0   Code   RO         1396    .text               httpd.o
    0x0800d7a4   0x00000170   Code   RO         1448    .text               httpd_cgi_ssi.o
    0x0800d914   0x00000e84   Code   RO         1472    .text               etharp.o
    0x0800e798   0x00000214   Code   RO         1507    .text               ethernetif.o
    0x0800e9ac   0x0000003e   Code   RO         1549    .text               def.o
    0x0800e9ea   0x00000002   PAD
    0x0800e9ec   0x00001a6c   Code   RO         1569    .text               dhcp.o
    0x08010458   0x00000024   Code   RO         1611    .text               init.o
    0x0801047c   0x00000744   Code   RO         1649    .text               mem.o
    0x08010bc0   0x000001d4   Code   RO         1672    .text               memp.o
    0x08010d94   0x00000340   Code   RO         1716    .text               netif.o
    0x080110d4   0x0000113a   Code   RO         1746    .text               pbuf.o
    0x0801220e   0x00000002   PAD
    0x08012210   0x0000024c   Code   RO         1781    .text               raw.o
    0x0801245c   0x00001530   Code   RO         1817    .text               tcp.o
    0x0801398c   0x00001db8   Code   RO         1852    .text               tcp_in.o
    0x08015744   0x000013a2   Code   RO         1886    .text               tcp_out.o
    0x08016ae6   0x00000002   PAD
    0x08016ae8   0x00000330   Code   RO         1907    .text               timers.o
    0x08016e18   0x00000638   Code   RO         1956    .text               udp.o
    0x08017450   0x00000444   Code   RO         2007    .text               icmp.o
    0x08017894   0x000002b4   Code   RO         2059    .text               inet_chksum.o
    0x08017b48   0x0000048c   Code   RO         2079    .text               ip.o
    0x08017fd4   0x0000032c   Code   RO         2108    .text               ip_addr.o
    0x08018300   0x00000a28   Code   RO         2145    .text               ip_frag.o
    0x08018d28   0x000003d4   Code   RO         2167    .text               sys_arch.o
    0x080190fc   0x00000bfc   Code   RO         2194    .text               api_lib.o
    0x08019cf8   0x000017c0   Code   RO         2233    .text               api_msg.o
    0x0801b4b8   0x000003b0   Code   RO         2276    .text               netbuf.o
    0x0801b868   0x00001c58   Code   RO         2330    .text               sockets.o
    0x0801d4c0   0x000003b8   Code   RO         2354    .text               tcpip.o
    0x0801d878   0x00000002   Code   RO         2385    .text               c_w.l(use_no_semi_2.o)
    0x0801d87a   0x00000002   PAD
    0x0801d87c   0x00000010   Code   RO         2387    .text               c_w.l(rt_ctype_table.o)
    0x0801d88c   0x00000018   Code   RO         2393    .text               c_w.l(noretval__2printf.o)
    0x0801d8a4   0x00000028   Code   RO         2395    .text               c_w.l(noretval__2sprintf.o)
    0x0801d8cc   0x0000004e   Code   RO         2399    .text               c_w.l(_printf_pad.o)
    0x0801d91a   0x00000052   Code   RO         2401    .text               c_w.l(_printf_str.o)
    0x0801d96c   0x00000078   Code   RO         2403    .text               c_w.l(_printf_dec.o)
    0x0801d9e4   0x00000058   Code   RO         2408    .text               c_w.l(_printf_hex_int.o)
    0x0801da3c   0x00000138   Code   RO         2438    .text               c_w.l(__printf_flags_wp.o)
    0x0801db74   0x00000014   Code   RO         2450    .text               c_w.l(strchr.o)
    0x0801db88   0x00000024   Code   RO         2452    .text               c_w.l(strstr.o)
    0x0801dbac   0x00000058   Code   RO         2454    .text               c_w.l(memcmp.o)
    0x0801dc04   0x0000003e   Code   RO         2456    .text               c_w.l(strlen.o)
    0x0801dc42   0x00000096   Code   RO         2458    .text               c_w.l(strncmp.o)
    0x0801dcd8   0x0000008a   Code   RO         2460    .text               c_w.l(rt_memcpy_v6.o)
    0x0801dd62   0x00000064   Code   RO         2462    .text               c_w.l(rt_memcpy_w.o)
    0x0801ddc6   0x00000044   Code   RO         2464    .text               c_w.l(rt_memclr.o)
    0x0801de0a   0x0000004e   Code   RO         2466    .text               c_w.l(rt_memclr_w.o)
    0x0801de58   0x00000080   Code   RO         2468    .text               c_w.l(strcmpv7m.o)
    0x0801ded8   0x00000006   Code   RO         2470    .text               c_w.l(heapauxi.o)
    0x0801dede   0x00000002   Code   RO         2510    .text               c_w.l(use_no_semi.o)
    0x0801dee0   0x00000008   Code   RO         2516    .text               c_w.l(rt_locale_intlibspace.o)
    0x0801dee8   0x000000b2   Code   RO         2520    .text               c_w.l(_printf_intcommon.o)
    0x0801df9a   0x00000002   PAD
    0x0801df9c   0x00000030   Code   RO         2522    .text               c_w.l(_printf_char_common.o)
    0x0801dfcc   0x0000000a   Code   RO         2524    .text               c_w.l(_sputc.o)
    0x0801dfd6   0x0000002c   Code   RO         2526    .text               c_w.l(_printf_char.o)
    0x0801e002   0x00000002   PAD
    0x0801e004   0x00000024   Code   RO         2528    .text               c_w.l(_printf_char_file.o)
    0x0801e028   0x00000008   Code   RO         2545    .text               c_w.l(libspace.o)
    0x0801e030   0x00000008   Code   RO         2570    .text               c_w.l(ferror.o)
    0x0801e038   0x0000004a   Code   RO         2619    .text               c_w.l(sys_stackheap_outer.o)
    0x0801e082   0x00000012   Code   RO         2621    .text               c_w.l(exit.o)
    0x0801e094   0x0000000e   Code   RO         2436    i._is_digit         c_w.l(__printf_wp.o)
    0x0801e0a2   0x00000002   PAD
    0x0801e0a4   0x0000002c   Code   RO         2532    locale$$code        c_w.l(lc_ctype_c.o)
    0x0801e0d0   0x0000005a   Code   RO         2480    x$fpl$dfixu         fz_wm.l(dfixu.o)
    0x0801e12a   0x00000026   Code   RO         2484    x$fpl$dfltu         fz_wm.l(dflt_clz.o)
    0x0801e150   0x00000154   Code   RO         2492    x$fpl$dmul          fz_wm.l(dmul.o)
    0x0801e2a4   0x0000009c   Code   RO         2536    x$fpl$dnaninf       fz_wm.l(dnaninf.o)
    0x0801e340   0x0000000c   Code   RO         2538    x$fpl$dretinf       fz_wm.l(dretinf.o)
    0x0801e34c   0x0000000a   Code   RO         2631    x$fpl$fpinit        fz_wm.l(fpinit.o)
    0x0801e356   0x00000000   Code   RO         2544    x$fpl$usenofp       fz_wm.l(usenofp.o)
    0x0801e356   0x000017c0   Data   RO          325    .constdata          lcd.o
    0x0801fb16   0x00000002   PAD
    0x0801fb18   0x0000001c   Data   RO          840    .constdata          stm32f4xx_fsmc.o
    0x0801fb34   0x00000024   Data   RO          990    .constdata          malloc.o
    0x0801fb58   0x00000100   Data   RO         1018    .constdata          os_core.o
    0x0801fc58   0x00035b90   Data   RO         1365    .constdata          fs.o
    0x080557e8   0x00000030   Data   RO         1398    .constdata          httpd.o
    0x08055818   0x00000008   Data   RO         1449    .constdata          httpd_cgi_ssi.o
    0x08055820   0x0000000c   Data   RO         1474    .constdata          etharp.o
    0x0805582c   0x00000038   Data   RO         1674    .constdata          memp.o
    0x08055864   0x00000050   Data   RO         1818    .constdata          tcp.o
    0x080558b4   0x00000008   Data   RO         2110    .constdata          ip_addr.o
    0x080558bc   0x00000004   Data   RO         2168    .constdata          sys_arch.o
    0x080558c0   0x00000040   Data   RO         2332    .constdata          sockets.o
    0x08055900   0x00000028   Data   RO         2409    .constdata          c_w.l(_printf_hex_int.o)
    0x08055928   0x00000011   Data   RO         2439    .constdata          c_w.l(__printf_flags_wp.o)
    0x08055939   0x00000003   PAD
    0x0805593c   0x0000006a   Data   RO         1399    .conststring        httpd.o
    0x080559a6   0x00000002   PAD
    0x080559a8   0x0000001a   Data   RO         1450    .conststring        httpd_cgi_ssi.o
    0x080559c2   0x00000002   PAD
    0x080559c4   0x00000044   Data   RO         1475    .conststring        etharp.o
    0x08055a08   0x0000008c   Data   RO         1571    .conststring        dhcp.o
    0x08055a94   0x000000a0   Data   RO         1675    .conststring        memp.o
    0x08055b34   0x0000006d   Data   RO         1819    .conststring        tcp.o
    0x08055ba1   0x00000003   PAD
    0x08055ba4   0x00000055   Data   RO         1887    .conststring        tcp_out.o
    0x08055bf9   0x00000003   PAD
    0x08055bfc   0x00000020   Data   RO         2704    Region$$Table       anon$$obj.o
    0x08055c1c   0x00000110   Data   RO         2531    locale$$data        c_w.l(lc_ctype_c.o)


    Execution Region RW_IRAM1 (Base: 0x20000000, Size: 0x0001dae0, Max: 0x00020000, ABSOLUTE, COMPRESSED[0x00000090])

    Base Addr    Size         Type   Attr      Idx    E Section Name        Object

    0x20000000   0x0000001d   Data   RW            5    .data               main.o
    0x2000001d   0x00000003   PAD
    0x20000020   0x00000014   Data   RW          278    .data               system_stm32f4xx.o
    0x20000034   0x00000004   Data   RW          326    .data               lcd.o
    0x20000038   0x00000001   Data   RW          362    .data               key.o
    0x20000039   0x00000001   PAD
    0x2000003a   0x00000004   Data   RW          722    .data               delay.o
    0x2000003e   0x00000002   PAD
    0x20000040   0x00000006   Data   RW          763    .data               usart.o
    0x20000046   0x00000010   Data   RW          863    .data               stm32f4xx_rcc.o
    0x20000056   0x00000002   PAD
    0x20000058   0x00000024   Data   RW          991    .data               malloc.o
    0x2000007c   0x0000005c   Data   RW         1019    .data               os_core.o
    0x200000d8   0x00000006   Data   RW         1222    .data               os_cpu_c.o
    0x200000de   0x00000002   PAD
    0x200000e0   0x00000010   Data   RW         1253    .data               lwip_comm.o
    0x200000f0   0x00000024   Data   RW         1400    .data               httpd.o
    0x20000114   0x00000010   Data   RW         1451    .data               httpd_cgi_ssi.o
    0x20000124   0x00000001   Data   RW         1476    .data               etharp.o
    0x20000125   0x00000003   PAD
    0x20000128   0x00000004   Data   RW         1572    .data               dhcp.o
    0x2000012c   0x00000014   Data   RW         1650    .data               mem.o
    0x20000140   0x0000003c   Data   RW         1676    .data               memp.o
    0x2000017c   0x00000009   Data   RW         1717    .data               netif.o
    0x20000185   0x00000001   Data   RW         1747    .data               pbuf.o
    0x20000186   0x00000002   PAD
    0x20000188   0x00000004   Data   RW         1782    .data               raw.o
    0x2000018c   0x00000024   Data   RW         1820    .data               tcp.o
    0x200001b0   0x00000020   Data   RW         1854    .data               tcp_in.o
    0x200001d0   0x00000008   Data   RW         1908    .data               timers.o
    0x200001d8   0x00000008   Data   RW         1957    .data               udp.o
    0x200001e0   0x00000012   Data   RW         2080    .data               ip.o
    0x200001f2   0x00000002   PAD
    0x200001f4   0x00000006   Data   RW         2146    .data               ip_frag.o
    0x200001fa   0x00000002   PAD
    0x200001fc   0x00000008   Data   RW         2333    .data               sockets.o
    0x20000204   0x0000000c   Data   RW         2355    .data               tcpip.o
    0x20000210   0x00001200   Zero   RW            4    .bss                main.o
    0x20001410   0x0000000e   Zero   RW          324    .bss                lcd.o
    0x2000141e   0x00000002   PAD
    0x20001420   0x00000010   Zero   RW          619    .bss                enc28j60.o
    0x20001430   0x00000012   Zero   RW          676    .bss                spi.o
    0x20001442   0x000000c8   Zero   RW          762    .bss                usart.o
    0x2000150a   0x00000016   PAD
    0x20001520   0x0001a900   Zero   RW          989    .bss                malloc.o
    0x2001be20   0x00000f68   Zero   RW         1017    .bss                os_core.o
    0x2001cd88   0x0000004c   Zero   RW         1252    .bss                lwip_comm.o
    0x2001cdd4   0x000000f0   Zero   RW         1364    .bss                fs.o
    0x2001cec4   0x00000400   Zero   RW         1397    .bss                httpd.o
    0x2001d2c4   0x000000c8   Zero   RW         1473    .bss                etharp.o
    0x2001d38c   0x00000032   Zero   RW         1570    .bss                dhcp.o
    0x2001d3be   0x00000002   PAD
    0x2001d3c0   0x00000038   Zero   RW         1673    .bss                memp.o
    0x2001d3f8   0x00000014   Zero   RW         1853    .bss                tcp_in.o
    0x2001d40c   0x00000010   Zero   RW         2109    .bss                ip_addr.o
    0x2001d41c   0x00000060   Zero   RW         2331    .bss                sockets.o
    0x2001d47c   0x00000060   Zero   RW         2546    .bss                c_w.l(libspace.o)
    0x2001d4dc   0x00000004   PAD
    0x2001d4e0   0x00000200   Zero   RW          791    HEAP                startup_stm32f40_41xxx.o
    0x2001d6e0   0x00000400   Zero   RW          790    STACK               startup_stm32f40_41xxx.o



  Load Region LR$$.ARM.__AT_0x10000000 (Base: 0x10000000, Size: 0x00000000, Max: 0x0000f000, ABSOLUTE)

    Execution Region ER$$.ARM.__AT_0x10000000 (Base: 0x10000000, Size: 0x0000f000, Max: 0x0000f000, ABSOLUTE, UNINIT)

    Base Addr    Size         Type   Attr      Idx    E Section Name        Object

    0x10000000   0x0000f000   Zero   RW          985    .ARM.__AT_0x10000000  malloc.o



  Load Region LR$$.ARM.__AT_0x1000F000 (Base: 0x1000f000, Size: 0x00000000, Max: 0x00000f00, ABSOLUTE)

    Execution Region ER$$.ARM.__AT_0x1000F000 (Base: 0x1000f000, Size: 0x00000f00, Max: 0x00000f00, ABSOLUTE, UNINIT)

    Base Addr    Size         Type   Attr      Idx    E Section Name        Object

    0x1000f000   0x00000f00   Zero   RW          986    .ARM.__AT_0x1000F000  malloc.o



  Load Region LR$$.ARM.__AT_0x68000000 (Base: 0x68000000, Size: 0x00000000, Max: 0x000f0000, ABSOLUTE)

    Execution Region ER$$.ARM.__AT_0x68000000 (Base: 0x68000000, Size: 0x000f0000, Max: 0x000f0000, ABSOLUTE, UNINIT)

    Base Addr    Size         Type   Attr      Idx    E Section Name        Object

    0x68000000   0x000f0000   Zero   RW          987    .ARM.__AT_0x68000000  malloc.o



  Load Region LR$$.ARM.__AT_0x680F0000 (Base: 0x680f0000, Size: 0x00000000, Max: 0x0000f000, ABSOLUTE)

    Execution Region ER$$.ARM.__AT_0x680F0000 (Base: 0x680f0000, Size: 0x0000f000, Max: 0x0000f000, ABSOLUTE, UNINIT)

    Base Addr    Size         Type   Attr      Idx    E Section Name        Object

    0x680f0000   0x0000f000   Zero   RW          988    .ARM.__AT_0x680F0000  malloc.o


==============================================================================

Image component sizes


      Code (inc. data)   RO Data    RW Data    ZI Data      Debug   Object Name

      3068        818          0          0          0      17917   api_lib.o
      6080       1222          0          0          0      10643   api_msg.o
        62          0          0          0          0       1254   def.o
       264         18          0          4          0       1379   delay.o
      6764       1090        140          4         50      13614   dhcp.o
      1968        176          0          0         16      10497   enc28j60.o
      3716        604         80          1        200      10151   etharp.o
       532        178          0          0          0       4666   ethernetif.o
       264          8     220048          0        240       7264   fs.o
      4768        788        154         36       1024      20209   httpd.o
       368        106         34         16          0       3315   httpd_cgi_ssi.o
      1092        372          0          0          0       2758   icmp.o
         0          0          0          0          0       3804   inet.o
       692        104          0          0          0       3105   inet_chksum.o
        36          0          0          0          0       7068   init.o
      1164        174          0         18          0       6575   ip.o
       812        112          8          0         16       9523   ip_addr.o
      2600        486          0          6          0       6820   ip_frag.o
       260         12          0          1          0        860   key.o
     19584        174       6080          4         14      22786   lcd.o
        64          8          0          0          0        507   led.o
      1364        524          0         16         76      28559   lwip_comm.o
      1576        336          0         29       4608     318108   main.o
       556         18         36         36    1218560       4921   malloc.o
      1860        568          0         20          0       4146   mem.o
       468        196        216         60         56       3732   memp.o
       224         20          0          0          0       1781   misc.o
       944        340          0          0          0       4085   netbuf.o
       832        124          0          9          0       6501   netif.o
      2412        244        256         92       3944      16773   os_core.o
       200         32          0          0          0        308   os_cpu_a.o
       488          8          0          6          0      11755   os_cpu_c.o
      2060         42          0          0          0       7184   os_flag.o
       992         22          0          0          0       4306   os_mbox.o
      1528         34          0          0          0       5761   os_q.o
       924         20          0          0          0       4034   os_sem.o
      1988         70          0          0          0       7869   os_task.o
       432         30          0          0          0       1862   os_time.o
      1648        134          0          0          0       5729   os_tmr.o
      4410       1248          0          1          0      10915   pbuf.o
       588        134          0          4          0       3429   raw.o
      7256        666         64          8         96      18350   sockets.o
       240         14          0          0         18       1345   spi.o
        64         26        392          0       1536        820   startup_stm32f40_41xxx.o
       272         10          0          0          0       2251   stm32f4xx_exti.o
      1480         18         28          0          0       5594   stm32f4xx_fsmc.o
       660         44          0          0          0       4121   stm32f4xx_gpio.o
        22          0          0          0          0       1015   stm32f4xx_it.o
      1628         52          0         16          0      12980   stm32f4xx_rcc.o
      1152         36          0          0          0       6873   stm32f4xx_spi.o
       148         12          0          0          0       1825   stm32f4xx_syscfg.o
      3234         60          0          0          0      22980   stm32f4xx_tim_1.o
      1108         34          0          0          0       7848   stm32f4xx_usart.o
       980        166          4          0          0       6534   sys_arch.o
       528         46          0         20          0       1723   system_stm32f4xx.o
      5424       1122        189         36          0      22384   tcp.o
      7608       1072          0         32         20      16051   tcp_in.o
      5026        954         85          0          0      10063   tcp_out.o
       952        194          0         12          0       9996   tcpip.o
        96          6          0          0          0        864   timer.o
       816        186          0          8          0       3619   timers.o
      1592        202          0          8          0      14433   udp.o
       348         18          0          6        200       3306   usart.o

    ----------------------------------------------------------------------
    120296      15532     227858        528    1230700     791448   Object Totals
         0          0         32          0          0          0   (incl. Generated)
        10          0         12         19         26          0   (incl. Padding)

    ----------------------------------------------------------------------

      Code (inc. data)   RO Data    RW Data    ZI Data      Debug   Library Member Name

        90          0          0          0          0          0   __dczerorl2.o
         8          0          0          0          0         68   __main.o
       312          4         17          0          0         92   __printf_flags_wp.o
        14          0          0          0          0         68   __printf_wp.o
         0          0          0          0          0          0   __rtentry.o
        12          0          0          0          0          0   __rtentry2.o
         6          0          0          0          0          0   __rtentry4.o
        52          8          0          0          0          0   __scatter.o
        28          0          0          0          0          0   __scatter_zi.o
        44          0          0          0          0        108   _printf_char.o
        48          6          0          0          0         96   _printf_char_common.o
        36          4          0          0          0         80   _printf_char_file.o
         6          0          0          0          0          0   _printf_d.o
       120         16          0          0          0         92   _printf_dec.o
        88          4         40          0          0         88   _printf_hex_int.o
       178          0          0          0          0         88   _printf_intcommon.o
        78          0          0          0          0        108   _printf_pad.o
         0          0          0          0          0          0   _printf_percent.o
         4          0          0          0          0          0   _printf_percent_end.o
         6          0          0          0          0          0   _printf_s.o
        82          0          0          0          0         80   _printf_str.o
         6          0          0          0          0          0   _printf_x.o
        10          0          0          0          0         68   _sputc.o
        18          0          0          0          0         80   exit.o
         8          0          0          0          0         68   ferror.o
         6          0          0          0          0        152   heapauxi.o
        44         10        272          0          0         76   lc_ctype_c.o
         2          0          0          0          0          0   libinit.o
        24          0          0          0          0          0   libinit2.o
         2          0          0          0          0          0   libshutdown.o
         2          0          0          0          0          0   libshutdown2.o
         8          4          0          0         96         68   libspace.o
        88          0          0          0          0         76   memcmp.o
        24          4          0          0          0         84   noretval__2printf.o
        40          6          0          0          0         84   noretval__2sprintf.o
        16          4          0          0          0         76   rt_ctype_table.o
         8          4          0          0          0         68   rt_locale_intlibspace.o
        68          0          0          0          0         68   rt_memclr.o
        78          0          0          0          0         80   rt_memclr_w.o
       138          0          0          0          0         68   rt_memcpy_v6.o
       100          0          0          0          0         80   rt_memcpy_w.o
         2          0          0          0          0          0   rtexit.o
        10          0          0          0          0          0   rtexit2.o
        20          0          0          0          0         68   strchr.o
       128          0          0          0          0         68   strcmpv7m.o
        62          0          0          0          0         76   strlen.o
       150          0          0          0          0         80   strncmp.o
        36          0          0          0          0         80   strstr.o
        74          0          0          0          0         80   sys_stackheap_outer.o
         2          0          0          0          0         68   use_no_semi.o
         2          0          0          0          0         68   use_no_semi_2.o
        90          4          0          0          0        140   dfixu.o
        38          0          0          0          0        116   dflt_clz.o
       340         12          0          0          0        152   dmul.o
       156          4          0          0          0        140   dnaninf.o
        12          0          0          0          0        116   dretinf.o
        10          0          0          0          0        116   fpinit.o
         0          0          0          0          0          0   usenofp.o

    ----------------------------------------------------------------------
      3046         94        332          0        100       3532   Library Totals
        12          0          3          0          4          0   (incl. Padding)

    ----------------------------------------------------------------------

      Code (inc. data)   RO Data    RW Data    ZI Data      Debug   Library Name

      2388         74        329          0         96       2752   c_w.l
       646         20          0          0          0        780   fz_wm.l

    ----------------------------------------------------------------------
      3046         94        332          0        100       3532   Library Totals

    ----------------------------------------------------------------------

==============================================================================


      Code (inc. data)   RO Data    RW Data    ZI Data      Debug   

    123342      15626     228190        528    1230800     780820   Grand Totals
    123342      15626     228190        144    1230800     780820   ELF Image Totals (compressed)
    123342      15626     228190        144          0          0   ROM Totals

==============================================================================

    Total RO  Size (Code + RO Data)               351532 ( 343.29kB)
    Total RW  Size (RW Data + ZI Data)           1231328 (1202.47kB)
    Total ROM Size (Code + RO Data + RW Data)     351676 ( 343.43kB)

==============================================================================

